Archive member included to satisfy reference by file (symbol)

/usr/lib/gcc/arm-none-eabi/12.2.1/thumb/v6-m/nofp/libgcc.a(_dvmd_tls.o)
                              CMakeFiles/picousbtest.dir/var/home/thonkpad/Documents/hw/sp2023/capstone/pico/pico-sdk/src/rp2_common/pico_divider/divider.S.obj (__aeabi_idiv0)
/usr/lib/gcc/arm-none-eabi/12.2.1/../../../arm-none-eabi/lib/thumb/v6-m/nofp/libc.a(lib_a-atexit.o)
                              /usr/lib/gcc/arm-none-eabi/12.2.1/../../../arm-none-eabi/lib/thumb/v6-m/nofp/crt0.o (atexit)
/usr/lib/gcc/arm-none-eabi/12.2.1/../../../arm-none-eabi/lib/thumb/v6-m/nofp/libc.a(lib_a-calloc.o)
                              CMakeFiles/picousbtest.dir/var/home/thonkpad/Documents/hw/sp2023/capstone/pico/pico-sdk/src/rp2_common/pico_malloc/pico_malloc.c.obj (calloc)
/usr/lib/gcc/arm-none-eabi/12.2.1/../../../arm-none-eabi/lib/thumb/v6-m/nofp/libc.a(lib_a-callocr.o)
                              /usr/lib/gcc/arm-none-eabi/12.2.1/../../../arm-none-eabi/lib/thumb/v6-m/nofp/libc.a(lib_a-calloc.o) (_calloc_r)
/usr/lib/gcc/arm-none-eabi/12.2.1/../../../arm-none-eabi/lib/thumb/v6-m/nofp/libc.a(lib_a-fini.o)
                              /usr/lib/gcc/arm-none-eabi/12.2.1/../../../arm-none-eabi/lib/thumb/v6-m/nofp/crt0.o (__libc_fini_array)
/usr/lib/gcc/arm-none-eabi/12.2.1/../../../arm-none-eabi/lib/thumb/v6-m/nofp/libc.a(lib_a-impure.o)
                              /usr/lib/gcc/arm-none-eabi/12.2.1/../../../arm-none-eabi/lib/thumb/v6-m/nofp/libc.a(lib_a-calloc.o) (_impure_ptr)
/usr/lib/gcc/arm-none-eabi/12.2.1/../../../arm-none-eabi/lib/thumb/v6-m/nofp/libc.a(lib_a-init.o)
                              /usr/lib/gcc/arm-none-eabi/12.2.1/../../../arm-none-eabi/lib/thumb/v6-m/nofp/crt0.o (__libc_init_array)
/usr/lib/gcc/arm-none-eabi/12.2.1/../../../arm-none-eabi/lib/thumb/v6-m/nofp/libc.a(lib_a-malloc.o)
                              CMakeFiles/picousbtest.dir/var/home/thonkpad/Documents/hw/sp2023/capstone/pico/pico-sdk/src/rp2_common/pico_malloc/pico_malloc.c.obj (malloc)
/usr/lib/gcc/arm-none-eabi/12.2.1/../../../arm-none-eabi/lib/thumb/v6-m/nofp/libc.a(lib_a-mallocr.o)
                              /usr/lib/gcc/arm-none-eabi/12.2.1/../../../arm-none-eabi/lib/thumb/v6-m/nofp/libc.a(lib_a-callocr.o) (_malloc_r)
/usr/lib/gcc/arm-none-eabi/12.2.1/../../../arm-none-eabi/lib/thumb/v6-m/nofp/libc.a(lib_a-mlock.o)
                              /usr/lib/gcc/arm-none-eabi/12.2.1/../../../arm-none-eabi/lib/thumb/v6-m/nofp/libc.a(lib_a-mallocr.o) (__malloc_lock)
/usr/lib/gcc/arm-none-eabi/12.2.1/../../../arm-none-eabi/lib/thumb/v6-m/nofp/libc.a(lib_a-realloc.o)
                              CMakeFiles/picousbtest.dir/var/home/thonkpad/Documents/hw/sp2023/capstone/pico/pico-sdk/src/rp2_common/pico_malloc/pico_malloc.c.obj (realloc)
/usr/lib/gcc/arm-none-eabi/12.2.1/../../../arm-none-eabi/lib/thumb/v6-m/nofp/libc.a(lib_a-reallocr.o)
                              /usr/lib/gcc/arm-none-eabi/12.2.1/../../../arm-none-eabi/lib/thumb/v6-m/nofp/libc.a(lib_a-realloc.o) (_realloc_r)
/usr/lib/gcc/arm-none-eabi/12.2.1/../../../arm-none-eabi/lib/thumb/v6-m/nofp/libc.a(lib_a-sbrkr.o)
                              /usr/lib/gcc/arm-none-eabi/12.2.1/../../../arm-none-eabi/lib/thumb/v6-m/nofp/libc.a(lib_a-mallocr.o) (_sbrk_r)
/usr/lib/gcc/arm-none-eabi/12.2.1/../../../arm-none-eabi/lib/thumb/v6-m/nofp/libc.a(lib_a-strlen-stub.o)
                              CMakeFiles/picousbtest.dir/usb_descriptors.c.obj (strlen)
/usr/lib/gcc/arm-none-eabi/12.2.1/../../../arm-none-eabi/lib/thumb/v6-m/nofp/libc.a(lib_a-__atexit.o)
                              /usr/lib/gcc/arm-none-eabi/12.2.1/../../../arm-none-eabi/lib/thumb/v6-m/nofp/libc.a(lib_a-atexit.o) (__register_exitproc)
/usr/lib/gcc/arm-none-eabi/12.2.1/../../../arm-none-eabi/lib/thumb/v6-m/nofp/libc.a(lib_a-freer.o)
                              /usr/lib/gcc/arm-none-eabi/12.2.1/../../../arm-none-eabi/lib/thumb/v6-m/nofp/libc.a(lib_a-malloc.o) (_free_r)
/usr/lib/gcc/arm-none-eabi/12.2.1/../../../arm-none-eabi/lib/thumb/v6-m/nofp/libc.a(lib_a-memmove.o)
                              /usr/lib/gcc/arm-none-eabi/12.2.1/../../../arm-none-eabi/lib/thumb/v6-m/nofp/libc.a(lib_a-reallocr.o) (memmove)
/usr/lib/gcc/arm-none-eabi/12.2.1/../../../arm-none-eabi/lib/thumb/v6-m/nofp/libc.a(lib_a-reent.o)
                              /usr/lib/gcc/arm-none-eabi/12.2.1/../../../arm-none-eabi/lib/thumb/v6-m/nofp/libc.a(lib_a-sbrkr.o) (errno)

Discarded input sections

 .text          0x00000000        0x0 /usr/lib/gcc/arm-none-eabi/12.2.1/thumb/v6-m/nofp/crti.o
 .data          0x00000000        0x0 /usr/lib/gcc/arm-none-eabi/12.2.1/thumb/v6-m/nofp/crti.o
 .bss           0x00000000        0x0 /usr/lib/gcc/arm-none-eabi/12.2.1/thumb/v6-m/nofp/crti.o
 .data          0x00000000        0x4 /usr/lib/gcc/arm-none-eabi/12.2.1/thumb/v6-m/nofp/crtbegin.o
 .rodata        0x00000000       0x24 /usr/lib/gcc/arm-none-eabi/12.2.1/thumb/v6-m/nofp/crtbegin.o
[...]
Memory Configuration

Name             Origin             Length             Attributes
FLASH            0x10000000         0x00200000         xr
RAM              0x20000000         0x00040000         xrw
SCRATCH_X        0x20040000         0x00001000         xrw
SCRATCH_Y        0x20041000         0x00001000         xrw
*default*        0x00000000         0xffffffff

Linker script and memory map

LOAD /usr/lib/gcc/arm-none-eabi/12.2.1/thumb/v6-m/nofp/crti.o
LOAD /usr/lib/gcc/arm-none-eabi/12.2.1/thumb/v6-m/nofp/crtbegin.o
LOAD /usr/lib/gcc/arm-none-eabi/12.2.1/../../../arm-none-eabi/lib/thumb/v6-m/nofp/crt0.o

.flash_begin    0x10000000        0x0
                0x10000000                        __flash_binary_start = .

.boot2          0x10000000      0x100
                0x10000000                        __boot2_start__ = .
 *(.boot2)
 .boot2         0x10000000      0x100 /tmp/cc1jImV5.o
                0x10000100                        __boot2_end__ = .
                0x00000001                        ASSERT (((__boot2_end__ - __boot2_start__) == 0x100), ERROR: Pico second stage bootloader must be 256 bytes in size)

.text           0x10000100     0x6d20
                0x10000100                        __logical_binary_start = .
 *(.vectors)
 .vectors       0x10000100       0xd4 CMakeFiles/picousbtest.dir/var/home/thonkpad/Documents/hw/sp2023/capstone/pico/pico-sdk/src/rp2_common/pico_standard_link/crt0.S.obj
                0x10000100                __vectors
                0x10000100                __VECTOR_TABLE
                0x100001c0                isr_invalid
                0x100001c0                __default_isrs_start
                0x100001c2                isr_nmi
                0x100001c4                isr_hardfault
                0x100001c6                isr_svcall
                0x100001c8                isr_pendsv
                0x100001ca                isr_systick
                0x100001cc                isr_irq30
                0x100001cc                __unhandled_user_irq
                0x100001cc                isr_irq13
                0x100001cc                isr_irq27
                0x100001cc                isr_irq31
                0x100001cc                isr_irq5
                0x100001cc                isr_irq11
                0x100001cc                isr_irq23
                0x100001cc                isr_irq18
                0x100001cc                isr_irq28
                0x100001cc                isr_irq19
                0x100001cc                isr_irq0
                0x100001cc                isr_irq6
                0x100001cc                isr_irq22
                0x100001cc                isr_irq17
                0x100001cc                isr_irq14
                0x100001cc                isr_irq2
                0x100001cc                isr_irq10
                0x100001cc                isr_irq8
                0x100001cc                isr_irq24
                0x100001cc                isr_irq1
                0x100001cc                isr_irq7
                0x100001cc                isr_irq21
                0x100001cc                isr_irq20
                0x100001cc                isr_irq15
                0x100001cc                isr_irq25
                0x100001cc                isr_irq4
                0x100001cc                isr_irq16
                0x100001cc                isr_irq29
                0x100001cc                isr_irq26
                0x100001cc                __default_isrs_end
                0x100001cc                isr_irq3
                0x100001cc                isr_irq12
                0x100001cc                isr_irq9
                0x100001d2                unhandled_user_irq_num_in_r0
 *(.binary_info_header)
 .binary_info_header
                0x100001d4       0x14 CMakeFiles/picousbtest.dir/var/home/thonkpad/Documents/hw/sp2023/capstone/pico/pico-sdk/src/rp2_common/pico_standard_link/crt0.S.obj
                0x100001e8                        __binary_info_header_end = .
 *(.reset)
 .reset         0x100001e8       0xa0 CMakeFiles/picousbtest.dir/var/home/thonkpad/Documents/hw/sp2023/capstone/pico/pico-sdk/src/rp2_common/pico_standard_link/crt0.S.obj
                0x100001e8                _entry_point
 .reset         0x10000288       0x30 CMakeFiles/picousbtest.dir/var/home/thonkpad/Documents/hw/sp2023/capstone/pico/pico-sdk/src/rp2_common/pico_standard_link/binary_info.c.obj
 *(.init)
 .init          0x100002b8        0x4 /usr/lib/gcc/arm-none-eabi/12.2.1/thumb/v6-m/nofp/crti.o
                0x100002b8                _init
 *(EXCLUDE_FILE(*libm.a: *libc.a:*lib_a-mem*.o *libgcc.a:) .text*)
 .text          0x100002bc       0x98 /usr/lib/gcc/arm-none-eabi/12.2.1/thumb/v6-m/nofp/crtbegin.o
 .text.tud_mount_cb
                0x10000354       0x10 CMakeFiles/picousbtest.dir/main.c.obj
                0x10000354                tud_mount_cb
 .text.tud_umount_cb
                0x10000364        0xc CMakeFiles/picousbtest.dir/main.c.obj
                0x10000364                tud_umount_cb
 .text.tud_suspend_cb
                0x10000370       0x10 CMakeFiles/picousbtest.dir/main.c.obj
                0x10000370                tud_suspend_cb
 .text.tud_resume_cb
                0x10000380       0x10 CMakeFiles/picousbtest.dir/main.c.obj
                0x10000380                tud_resume_cb
 .text.tud_hid_get_report_cb
                0x10000390        0x4 CMakeFiles/picousbtest.dir/main.c.obj
                0x10000390                tud_hid_get_report_cb
 .text.tud_hid_set_report_cb
                0x10000394       0x3c CMakeFiles/picousbtest.dir/main.c.obj
                0x10000394                tud_hid_set_report_cb
 .text.dpad_coord
                0x100003d0       0xb8 CMakeFiles/picousbtest.dir/main.c.obj
                0x100003d0                dpad_coord
 .text.hid_task
                0x10000488      0x114 CMakeFiles/picousbtest.dir/main.c.obj
                0x10000488                hid_task
 .text.startup.main
                0x1000059c       0x70 CMakeFiles/picousbtest.dir/main.c.obj
                0x1000059c                main
 .text.tud_descriptor_device_cb
                0x1000060c        0x8 CMakeFiles/picousbtest.dir/usb_descriptors.c.obj
                0x1000060c                tud_descriptor_device_cb
 .text.tud_hid_descriptor_report_cb
                0x10000614        0x8 CMakeFiles/picousbtest.dir/usb_descriptors.c.obj
                0x10000614                tud_hid_descriptor_report_cb
 .text.tud_descriptor_configuration_cb
                0x1000061c        0x8 CMakeFiles/picousbtest.dir/usb_descriptors.c.obj
                0x1000061c                tud_descriptor_configuration_cb
 .text.tud_descriptor_string_cb
                0x10000624       0x7c CMakeFiles/picousbtest.dir/usb_descriptors.c.obj
                0x10000624                tud_descriptor_string_cb
 .text.nrf24_Init
                0x100006a0      0x828 CMakeFiles/picousbtest.dir/nrf_receiver.c.obj
                0x100006a0                nrf24_Init
 .text.nrf24_writeTX_ADDR
                0x10000ec8       0x9c CMakeFiles/picousbtest.dir/nrf_receiver.c.obj
                0x10000ec8                nrf24_writeTX_ADDR
 .text.nrf24_writeRX_ADDR
                0x10000f64       0x9c CMakeFiles/picousbtest.dir/nrf_receiver.c.obj
                0x10000f64                nrf24_writeRX_ADDR
 .text.open_RX_pipe
                0x10001000       0x9c CMakeFiles/picousbtest.dir/nrf_receiver.c.obj
                0x10001000                open_RX_pipe
 .text.nrf_rx_init
                0x1000109c      0x1f4 CMakeFiles/picousbtest.dir/nrf_receiver.c.obj
                0x1000109c                nrf_rx_init
 .text.read_rx_report
                0x10001290      0x180 CMakeFiles/picousbtest.dir/nrf_receiver.c.obj
                0x10001290                read_rx_report
 .text.gpio_set_function
                0x10001410       0x30 CMakeFiles/picousbtest.dir/var/home/thonkpad/Documents/hw/sp2023/capstone/pico/pico-sdk/src/rp2_common/hardware_gpio/gpio.c.obj
                0x10001410                gpio_set_function
 .text.gpio_init
                0x10001440       0x3c CMakeFiles/picousbtest.dir/var/home/thonkpad/Documents/hw/sp2023/capstone/pico/pico-sdk/src/rp2_common/hardware_gpio/gpio.c.obj
                0x10001440                gpio_init
 .text.running_on_fpga
                0x1000147c       0x10 CMakeFiles/picousbtest.dir/var/home/thonkpad/Documents/hw/sp2023/capstone/pico/pico-sdk/src/rp2_common/pico_platform/platform.c.obj
                0x1000147c                running_on_fpga
 .text.hw_claim_or_assert
                0x1000148c       0x44 CMakeFiles/picousbtest.dir/var/home/thonkpad/Documents/hw/sp2023/capstone/pico/pico-sdk/src/rp2_common/hardware_claim/claim.c.obj
                0x1000148c                hw_claim_or_assert
 .text.hw_claim_unused_from_range
                0x100014d0       0x9c CMakeFiles/picousbtest.dir/var/home/thonkpad/Documents/hw/sp2023/capstone/pico/pico-sdk/src/rp2_common/hardware_claim/claim.c.obj
                0x100014d0                hw_claim_unused_from_range
 .text.spin_locks_reset
                0x1000156c       0x1c CMakeFiles/picousbtest.dir/var/home/thonkpad/Documents/hw/sp2023/capstone/pico/pico-sdk/src/rp2_common/hardware_sync/sync.c.obj
                0x1000156c                spin_locks_reset
 .text.next_striped_spin_lock_num
                0x10001588       0x18 CMakeFiles/picousbtest.dir/var/home/thonkpad/Documents/hw/sp2023/capstone/pico/pico-sdk/src/rp2_common/hardware_sync/sync.c.obj
                0x10001588                next_striped_spin_lock_num
 .text.spin_lock_claim_unused
                0x100015a0       0x24 CMakeFiles/picousbtest.dir/var/home/thonkpad/Documents/hw/sp2023/capstone/pico/pico-sdk/src/rp2_common/hardware_sync/sync.c.obj
                0x100015a0                spin_lock_claim_unused
 .text.irq_set_enabled
                0x100015c4       0x24 CMakeFiles/picousbtest.dir/var/home/thonkpad/Documents/hw/sp2023/capstone/pico/pico-sdk/src/rp2_common/hardware_irq/irq.c.obj
                0x100015c4                irq_set_enabled
 .text.irq_get_vtable_handler
                0x100015e8       0x10 CMakeFiles/picousbtest.dir/var/home/thonkpad/Documents/hw/sp2023/capstone/pico/pico-sdk/src/rp2_common/hardware_irq/irq.c.obj
                0x100015e8                irq_get_vtable_handler
 .text.irq_set_exclusive_handler
                0x100015f8       0x54 CMakeFiles/picousbtest.dir/var/home/thonkpad/Documents/hw/sp2023/capstone/pico/pico-sdk/src/rp2_common/hardware_irq/irq.c.obj
                0x100015f8                irq_set_exclusive_handler
 .text.irq_add_shared_handler
                0x1000164c      0x1f4 CMakeFiles/picousbtest.dir/var/home/thonkpad/Documents/hw/sp2023/capstone/pico/pico-sdk/src/rp2_common/hardware_irq/irq.c.obj
                0x1000164c                irq_add_shared_handler
 .text.irq_remove_handler
                0x10001840      0x1c4 CMakeFiles/picousbtest.dir/var/home/thonkpad/Documents/hw/sp2023/capstone/pico/pico-sdk/src/rp2_common/hardware_irq/irq.c.obj
                0x10001840                irq_remove_handler
 .text.irq_add_tail_to_free_list
                0x10001a04       0xb4 CMakeFiles/picousbtest.dir/var/home/thonkpad/Documents/hw/sp2023/capstone/pico/pico-sdk/src/rp2_common/hardware_irq/irq.c.obj
                0x10001a04                irq_add_tail_to_free_list
 .text.irq_init_priorities
                0x10001ab8       0x24 CMakeFiles/picousbtest.dir/var/home/thonkpad/Documents/hw/sp2023/capstone/pico/pico-sdk/src/rp2_common/hardware_irq/irq.c.obj
                0x10001ab8                irq_init_priorities
 .text.lock_init
                0x10001adc       0x10 CMakeFiles/picousbtest.dir/var/home/thonkpad/Documents/hw/sp2023/capstone/pico/pico-sdk/src/common/pico_sync/lock_core.c.obj
                0x10001adc                lock_init
 .text.mutex_init
                0x10001aec       0x1c CMakeFiles/picousbtest.dir/var/home/thonkpad/Documents/hw/sp2023/capstone/pico/pico-sdk/src/common/pico_sync/mutex.c.obj
                0x10001aec                mutex_init
 .text.recursive_mutex_init
                0x10001b08       0x1c CMakeFiles/picousbtest.dir/var/home/thonkpad/Documents/hw/sp2023/capstone/pico/pico-sdk/src/common/pico_sync/mutex.c.obj
                0x10001b08                recursive_mutex_init
 .text.critical_section_init
                0x10001b24       0x1c CMakeFiles/picousbtest.dir/var/home/thonkpad/Documents/hw/sp2023/capstone/pico/pico-sdk/src/common/pico_sync/critical_section.c.obj
                0x10001b24                critical_section_init
 .text.timer_pool_entry_comparator
                0x10001b40       0x34 CMakeFiles/picousbtest.dir/var/home/thonkpad/Documents/hw/sp2023/capstone/pico/pico-sdk/src/common/pico_time/time.c.obj
                0x10001b40                timer_pool_entry_comparator
 .text.sleep_until_callback
                0x10001b74       0x30 CMakeFiles/picousbtest.dir/var/home/thonkpad/Documents/hw/sp2023/capstone/pico/pico-sdk/src/common/pico_time/time.c.obj
 .text.add_alarm_under_lock.isra.0
                0x10001ba4      0x100 CMakeFiles/picousbtest.dir/var/home/thonkpad/Documents/hw/sp2023/capstone/pico/pico-sdk/src/common/pico_time/time.c.obj
 .text.alarm_pool_alarm_callback
                0x10001ca4      0x1bc CMakeFiles/picousbtest.dir/var/home/thonkpad/Documents/hw/sp2023/capstone/pico/pico-sdk/src/common/pico_time/time.c.obj
 .text.alarm_pool_init_default
                0x10001e60       0x6c CMakeFiles/picousbtest.dir/var/home/thonkpad/Documents/hw/sp2023/capstone/pico/pico-sdk/src/common/pico_time/time.c.obj
                0x10001e60                alarm_pool_init_default
 .text.alarm_pool_add_alarm_at
                0x10001ecc      0x188 CMakeFiles/picousbtest.dir/var/home/thonkpad/Documents/hw/sp2023/capstone/pico/pico-sdk/src/common/pico_time/time.c.obj
                0x10001ecc                alarm_pool_add_alarm_at
 .text.alarm_pool_cancel_alarm
                0x10002054       0x6c CMakeFiles/picousbtest.dir/var/home/thonkpad/Documents/hw/sp2023/capstone/pico/pico-sdk/src/common/pico_time/time.c.obj
                0x10002054                alarm_pool_cancel_alarm
 .text.sleep_until
                0x100020c0       0xc4 CMakeFiles/picousbtest.dir/var/home/thonkpad/Documents/hw/sp2023/capstone/pico/pico-sdk/src/common/pico_time/time.c.obj
                0x100020c0                sleep_until
 .text.sleep_us
                0x10002184       0x28 CMakeFiles/picousbtest.dir/var/home/thonkpad/Documents/hw/sp2023/capstone/pico/pico-sdk/src/common/pico_time/time.c.obj
                0x10002184                sleep_us
 .text.sleep_ms
                0x100021ac       0x38 CMakeFiles/picousbtest.dir/var/home/thonkpad/Documents/hw/sp2023/capstone/pico/pico-sdk/src/common/pico_time/time.c.obj
                0x100021ac                sleep_ms
 .text.best_effort_wfe_or_timeout
                0x100021e4       0x78 CMakeFiles/picousbtest.dir/var/home/thonkpad/Documents/hw/sp2023/capstone/pico/pico-sdk/src/common/pico_time/time.c.obj
                0x100021e4                best_effort_wfe_or_timeout
 .text.hardware_alarm_irq_handler
                0x1000225c       0xbc CMakeFiles/picousbtest.dir/var/home/thonkpad/Documents/hw/sp2023/capstone/pico/pico-sdk/src/rp2_common/hardware_timer/timer.c.obj
 .text.hardware_alarm_claim
                0x10002318       0x18 CMakeFiles/picousbtest.dir/var/home/thonkpad/Documents/hw/sp2023/capstone/pico/pico-sdk/src/rp2_common/hardware_timer/timer.c.obj
                0x10002318                hardware_alarm_claim
 .text.time_us_64
                0x10002330       0x14 CMakeFiles/picousbtest.dir/var/home/thonkpad/Documents/hw/sp2023/capstone/pico/pico-sdk/src/rp2_common/hardware_timer/timer.c.obj
                0x10002330                time_us_64
 .text.busy_wait_until
                0x10002344       0x20 CMakeFiles/picousbtest.dir/var/home/thonkpad/Documents/hw/sp2023/capstone/pico/pico-sdk/src/rp2_common/hardware_timer/timer.c.obj
                0x10002344                busy_wait_until
 .text.hardware_alarm_set_callback
                0x10002364       0x8c CMakeFiles/picousbtest.dir/var/home/thonkpad/Documents/hw/sp2023/capstone/pico/pico-sdk/src/rp2_common/hardware_timer/timer.c.obj
                0x10002364                hardware_alarm_set_callback
 .text.hardware_alarm_set_target
                0x100023f0       0xdc CMakeFiles/picousbtest.dir/var/home/thonkpad/Documents/hw/sp2023/capstone/pico/pico-sdk/src/rp2_common/hardware_timer/timer.c.obj
                0x100023f0                hardware_alarm_set_target
 .text.hardware_alarm_cancel
                0x100024cc       0x3c CMakeFiles/picousbtest.dir/var/home/thonkpad/Documents/hw/sp2023/capstone/pico/pico-sdk/src/rp2_common/hardware_timer/timer.c.obj
                0x100024cc                hardware_alarm_cancel
 .text.ph_merge_nodes
                0x10002508       0x64 CMakeFiles/picousbtest.dir/var/home/thonkpad/Documents/hw/sp2023/capstone/pico/pico-sdk/src/common/pico_util/pheap.c.obj
 .text.ph_post_alloc_init
                0x1000256c       0x3c CMakeFiles/picousbtest.dir/var/home/thonkpad/Documents/hw/sp2023/capstone/pico/pico-sdk/src/common/pico_util/pheap.c.obj
                0x1000256c                ph_post_alloc_init
 .text.ph_merge_two_pass
                0x100025a8       0x98 CMakeFiles/picousbtest.dir/var/home/thonkpad/Documents/hw/sp2023/capstone/pico/pico-sdk/src/common/pico_util/pheap.c.obj
                0x100025a8                ph_merge_two_pass
 .text.ph_remove_any_head
                0x10002640      0x100 CMakeFiles/picousbtest.dir/var/home/thonkpad/Documents/hw/sp2023/capstone/pico/pico-sdk/src/common/pico_util/pheap.c.obj
 .text.ph_remove_head
                0x10002740      0x104 CMakeFiles/picousbtest.dir/var/home/thonkpad/Documents/hw/sp2023/capstone/pico/pico-sdk/src/common/pico_util/pheap.c.obj
                0x10002740                ph_remove_head
 .text.ph_remove_and_free_node
                0x10002844       0x78 CMakeFiles/picousbtest.dir/var/home/thonkpad/Documents/hw/sp2023/capstone/pico/pico-sdk/src/common/pico_util/pheap.c.obj
                0x10002844                ph_remove_and_free_node
 .text.uart_init
                0x100028bc       0xe0 CMakeFiles/picousbtest.dir/var/home/thonkpad/Documents/hw/sp2023/capstone/pico/pico-sdk/src/rp2_common/hardware_uart/uart.c.obj
                0x100028bc                uart_init
 .text.clocks_init
                0x1000299c      0x2b4 CMakeFiles/picousbtest.dir/var/home/thonkpad/Documents/hw/sp2023/capstone/pico/pico-sdk/src/rp2_common/hardware_clocks/clocks.c.obj
                0x1000299c                clocks_init
 .text.clock_get_hz
                0x10002c50        0xc CMakeFiles/picousbtest.dir/var/home/thonkpad/Documents/hw/sp2023/capstone/pico/pico-sdk/src/rp2_common/hardware_clocks/clocks.c.obj
                0x10002c50                clock_get_hz
 .text.pll_init
                0x10002c5c       0xa8 CMakeFiles/picousbtest.dir/var/home/thonkpad/Documents/hw/sp2023/capstone/pico/pico-sdk/src/rp2_common/hardware_pll/pll.c.obj
                0x10002c5c                pll_init
 .text.watchdog_start_tick
                0x10002d04       0x10 CMakeFiles/picousbtest.dir/var/home/thonkpad/Documents/hw/sp2023/capstone/pico/pico-sdk/src/rp2_common/hardware_watchdog/watchdog.c.obj
                0x10002d04                watchdog_start_tick
 .text.xosc_init
                0x10002d14       0x28 CMakeFiles/picousbtest.dir/var/home/thonkpad/Documents/hw/sp2023/capstone/pico/pico-sdk/src/rp2_common/hardware_xosc/xosc.c.obj
                0x10002d14                xosc_init
 .text.runtime_init
                0x10002d3c       0xf0 CMakeFiles/picousbtest.dir/var/home/thonkpad/Documents/hw/sp2023/capstone/pico/pico-sdk/src/rp2_common/pico_runtime/runtime.c.obj
                0x10002d3c                runtime_init
 .text._exit    0x10002e2c        0x4 CMakeFiles/picousbtest.dir/var/home/thonkpad/Documents/hw/sp2023/capstone/pico/pico-sdk/src/rp2_common/pico_runtime/runtime.c.obj
                0x10002e2c                _exit
 .text._sbrk    0x10002e30       0x34 CMakeFiles/picousbtest.dir/var/home/thonkpad/Documents/hw/sp2023/capstone/pico/pico-sdk/src/rp2_common/pico_runtime/runtime.c.obj
                0x10002e30                _sbrk
 .text.exit     0x10002e64        0x8 CMakeFiles/picousbtest.dir/var/home/thonkpad/Documents/hw/sp2023/capstone/pico/pico-sdk/src/rp2_common/pico_runtime/runtime.c.obj
                0x10002e64                exit
 .text.panic    0x10002e6c       0x30 CMakeFiles/picousbtest.dir/var/home/thonkpad/Documents/hw/sp2023/capstone/pico/pico-sdk/src/rp2_common/pico_runtime/runtime.c.obj
                0x10002e6c                panic
 .text.hard_assertion_failure
                0x10002e9c        0xc CMakeFiles/picousbtest.dir/var/home/thonkpad/Documents/hw/sp2023/capstone/pico/pico-sdk/src/rp2_common/pico_runtime/runtime.c.obj
                0x10002e9c                hard_assertion_failure
 .text._out_char
                0x10002ea8       0x10 CMakeFiles/picousbtest.dir/var/home/thonkpad/Documents/hw/sp2023/capstone/pico/pico-sdk/src/rp2_common/pico_printf/printf.c.obj
 .text.weak_raw_vprintf
                0x10002eb8       0x30 CMakeFiles/picousbtest.dir/var/home/thonkpad/Documents/hw/sp2023/capstone/pico/pico-sdk/src/rp2_common/pico_printf/printf.c.obj
                0x10002eb8                weak_raw_vprintf
 .text          0x10002ee8       0x10 CMakeFiles/picousbtest.dir/var/home/thonkpad/Documents/hw/sp2023/capstone/pico/pico-sdk/src/rp2_common/pico_bit_ops/bit_ops_aeabi.S.obj
 .text.rom_func_lookup
                0x10002ef8       0x10 CMakeFiles/picousbtest.dir/var/home/thonkpad/Documents/hw/sp2023/capstone/pico/pico-sdk/src/rp2_common/pico_bootrom/bootrom.c.obj
                0x10002ef8                rom_func_lookup
 .text.rom_data_lookup
                0x10002f08       0x10 CMakeFiles/picousbtest.dir/var/home/thonkpad/Documents/hw/sp2023/capstone/pico/pico-sdk/src/rp2_common/pico_bootrom/bootrom.c.obj
                0x10002f08                rom_data_lookup
 .text.rom_funcs_lookup
                0x10002f18       0x44 CMakeFiles/picousbtest.dir/var/home/thonkpad/Documents/hw/sp2023/capstone/pico/pico-sdk/src/rp2_common/pico_bootrom/bootrom.c.obj
                0x10002f18                rom_funcs_lookup
 .text.__wrap___aeabi_uidiv
                0x10002f5c       0x4c CMakeFiles/picousbtest.dir/var/home/thonkpad/Documents/hw/sp2023/capstone/pico/pico-sdk/src/rp2_common/pico_divider/divider.S.obj
                0x10002f5c                __wrap___aeabi_uidiv
                0x10002f5c                __wrap___aeabi_uidivmod
                0x10002f5c                div_u32u32
                0x10002f5c                divmod_u32u32
                0x10002f64                divmod_u32u32_unsafe
                0x10002f8c                divmod_u32u32_savestate
 .text.__wrap___aeabi_ldiv
                0x10002fa8      0x424 CMakeFiles/picousbtest.dir/var/home/thonkpad/Documents/hw/sp2023/capstone/pico/pico-sdk/src/rp2_common/pico_divider/divider.S.obj
                0x10002fa8                div_s64s64
                0x10002fa8                divmod_s64s64
                0x10002fa8                __wrap___aeabi_ldivmod
                0x10002fd8                div_u64u64
                0x10002fd8                divmod_u64u64
                0x10002fd8                __wrap___aeabi_uldivmod
                0x10002fe8                divmod_u64u64_savestate
                0x10003008                divmod_s64s64_unsafe
                0x10003090                divmod_u64u64_unsafe
 .text.__wrap___aeabi_darithmetic
                0x100033cc       0x80 CMakeFiles/picousbtest.dir/var/home/thonkpad/Documents/hw/sp2023/capstone/pico/pico-sdk/src/rp2_common/pico_double/double_aeabi.S.obj
                0x100033cc                __wrap___aeabi_drsub
                0x100033d2                __wrap___aeabi_dsub
                0x100033e4                __wrap___aeabi_dadd
                0x100033f6                __wrap___aeabi_ddiv
                0x10003432                __wrap___aeabi_dmul
 .text.__wrap___aeabi_cdcmple
                0x1000344c       0x6c CMakeFiles/picousbtest.dir/var/home/thonkpad/Documents/hw/sp2023/capstone/pico/pico-sdk/src/rp2_common/pico_double/double_aeabi.S.obj
                0x1000344c                __wrap___aeabi_cdrcmple
                0x1000345c                __wrap___aeabi_cdcmple
                0x1000345c                __wrap___aeabi_cdcmpeq
 .text.__wrap___aeabi_dcmpeq
                0x100034b8       0x10 CMakeFiles/picousbtest.dir/var/home/thonkpad/Documents/hw/sp2023/capstone/pico/pico-sdk/src/rp2_common/pico_double/double_aeabi.S.obj
                0x100034b8                __wrap___aeabi_dcmpeq
 .text.__wrap___aeabi_dcmple
                0x100034c8       0x10 CMakeFiles/picousbtest.dir/var/home/thonkpad/Documents/hw/sp2023/capstone/pico/pico-sdk/src/rp2_common/pico_double/double_aeabi.S.obj
                0x100034c8                __wrap___aeabi_dcmple
 .text.__wrap___aeabi_dcmpge
                0x100034d8       0x10 CMakeFiles/picousbtest.dir/var/home/thonkpad/Documents/hw/sp2023/capstone/pico/pico-sdk/src/rp2_common/pico_double/double_aeabi.S.obj
                0x100034d8                __wrap___aeabi_dcmpge
 .text.__wrap___aeabi_dcmpgt
                0x100034e8        0xa CMakeFiles/picousbtest.dir/var/home/thonkpad/Documents/hw/sp2023/capstone/pico/pico-sdk/src/rp2_common/pico_double/double_aeabi.S.obj
                0x100034e8                __wrap___aeabi_dcmpgt
 *fill*         0x100034f2        0x2 
 .text.__wrap___aeabi_i2d
                0x100034f4       0x38 CMakeFiles/picousbtest.dir/var/home/thonkpad/Documents/hw/sp2023/capstone/pico/pico-sdk/src/rp2_common/pico_double/double_aeabi.S.obj
                0x100034f4                __wrap___aeabi_ui2d
                0x100034fc                __wrap___aeabi_i2d
 .text.__wrap___aeabi_d2iz
                0x1000352c       0x48 CMakeFiles/picousbtest.dir/var/home/thonkpad/Documents/hw/sp2023/capstone/pico/pico-sdk/src/rp2_common/pico_double/double_aeabi.S.obj
                0x1000352c                __wrap___aeabi_d2iz
                0x1000352c                double2int_z
 .text.__wrap_exp
                0x10003574       0x18 CMakeFiles/picousbtest.dir/var/home/thonkpad/Documents/hw/sp2023/capstone/pico/pico-sdk/src/rp2_common/pico_double/double_aeabi.S.obj
                0x10003574                __wrap_exp
 .text.__wrap_log
                0x1000358c       0x18 CMakeFiles/picousbtest.dir/var/home/thonkpad/Documents/hw/sp2023/capstone/pico/pico-sdk/src/rp2_common/pico_double/double_aeabi.S.obj
                0x1000358c                __wrap_log
 .text.__aeabi_double_init
                0x100035a4       0x98 CMakeFiles/picousbtest.dir/var/home/thonkpad/Documents/hw/sp2023/capstone/pico/pico-sdk/src/rp2_common/pico_double/double_init_rom.c.obj
                0x100035a4                __aeabi_double_init
 .text.dpow_1   0x1000363c      0x264 CMakeFiles/picousbtest.dir/var/home/thonkpad/Documents/hw/sp2023/capstone/pico/pico-sdk/src/rp2_common/pico_double/double_math.c.obj
 .text.dpow_int2
                0x100038a0       0xd8 CMakeFiles/picousbtest.dir/var/home/thonkpad/Documents/hw/sp2023/capstone/pico/pico-sdk/src/rp2_common/pico_double/double_math.c.obj
 .text.dpow_0   0x10003978      0x174 CMakeFiles/picousbtest.dir/var/home/thonkpad/Documents/hw/sp2023/capstone/pico/pico-sdk/src/rp2_common/pico_double/double_math.c.obj
 .text.__wrap_ldexp
                0x10003aec       0x4c CMakeFiles/picousbtest.dir/var/home/thonkpad/Documents/hw/sp2023/capstone/pico/pico-sdk/src/rp2_common/pico_double/double_math.c.obj
                0x10003aec                __wrap_ldexp
 .text.__wrap_round
                0x10003b38       0x9c CMakeFiles/picousbtest.dir/var/home/thonkpad/Documents/hw/sp2023/capstone/pico/pico-sdk/src/rp2_common/pico_double/double_math.c.obj
                0x10003b38                __wrap_round
 .text.__wrap_exp2
                0x10003bd4       0xbc CMakeFiles/picousbtest.dir/var/home/thonkpad/Documents/hw/sp2023/capstone/pico/pico-sdk/src/rp2_common/pico_double/double_math.c.obj
                0x10003bd4                __wrap_exp2
 .text.__wrap_pow
                0x10003c90      0x31c CMakeFiles/picousbtest.dir/var/home/thonkpad/Documents/hw/sp2023/capstone/pico/pico-sdk/src/rp2_common/pico_double/double_math.c.obj
                0x10003c90                __wrap_pow
 .text.double_table_shim_on_use_helper
                0x10003fac       0x2c CMakeFiles/picousbtest.dir/var/home/thonkpad/Documents/hw/sp2023/capstone/pico/pico-sdk/src/rp2_common/pico_double/double_v1_rom_shim.S.obj
                0x10003fac                double_table_shim_on_use_helper
 .text.__wrap___aeabi_dsub
                0x10003fd8       0x10 CMakeFiles/picousbtest.dir/var/home/thonkpad/Documents/hw/sp2023/capstone/pico/pico-sdk/src/rp2_common/pico_double/double_v1_rom_shim.S.obj
                0x10003fd8                drsub_shim
                0x10003fde                dsub_shim
 .text.dadd_shim
                0x10003fe8      0x15c CMakeFiles/picousbtest.dir/var/home/thonkpad/Documents/hw/sp2023/capstone/pico/pico-sdk/src/rp2_common/pico_double/double_v1_rom_shim.S.obj
                0x10003fe8                dadd_shim
 .text.dmul_shim
                0x10004144      0x15c CMakeFiles/picousbtest.dir/var/home/thonkpad/Documents/hw/sp2023/capstone/pico/pico-sdk/src/rp2_common/pico_double/double_v1_rom_shim.S.obj
                0x10004144                dmul_shim
 .text.ddiv_shim
                0x100042a0      0x1b0 CMakeFiles/picousbtest.dir/var/home/thonkpad/Documents/hw/sp2023/capstone/pico/pico-sdk/src/rp2_common/pico_double/double_v1_rom_shim.S.obj
                0x100042a0                ddiv_shim
 .text.x2double_shims
                0x10004450       0x90 CMakeFiles/picousbtest.dir/var/home/thonkpad/Documents/hw/sp2023/capstone/pico/pico-sdk/src/rp2_common/pico_double/double_v1_rom_shim.S.obj
                0x10004450                uint2double_shim
                0x10004452                ufix2double_shim
                0x10004458                int2double_shim
                0x1000445a                fix2double_shim
                0x10004460                uint642double_shim
                0x10004462                ufix642double_shim
                0x10004468                int642double_shim
                0x1000446a                fix642double_shim
 .text.dunpacks
                0x100044e0       0x3c CMakeFiles/picousbtest.dir/var/home/thonkpad/Documents/hw/sp2023/capstone/pico/pico-sdk/src/rp2_common/pico_double/double_v1_rom_shim.S.obj
                0x100044e0                dunpacks
 .text.dreduce  0x1000451c       0x82 CMakeFiles/picousbtest.dir/var/home/thonkpad/Documents/hw/sp2023/capstone/pico/pico-sdk/src/rp2_common/pico_double/double_v1_rom_shim.S.obj
                0x1000451c                dreduce
 *fill*         0x1000459e        0x2 
 .text.dexp_guts
                0x100045a0      0x268 CMakeFiles/picousbtest.dir/var/home/thonkpad/Documents/hw/sp2023/capstone/pico/pico-sdk/src/rp2_common/pico_double/double_v1_rom_shim.S.obj
                0x100045a0                dexp_shim
                0x1000463c                dln_shim
 .text.__aeabi_lmul
                0x10004808       0x32 CMakeFiles/picousbtest.dir/var/home/thonkpad/Documents/hw/sp2023/capstone/pico/pico-sdk/src/rp2_common/pico_int64_ops/pico_int64_ops_aeabi.S.obj
                0x10004808                __wrap___aeabi_lmul
 *fill*         0x1000483a        0x2 
 .text.__aeabi_float_init
                0x1000483c       0x64 CMakeFiles/picousbtest.dir/var/home/thonkpad/Documents/hw/sp2023/capstone/pico/pico-sdk/src/rp2_common/pico_float/float_init_rom.c.obj
                0x1000483c                __aeabi_float_init
 .text.float_table_shim_on_use_helper
                0x100048a0       0x2c CMakeFiles/picousbtest.dir/var/home/thonkpad/Documents/hw/sp2023/capstone/pico/pico-sdk/src/rp2_common/pico_float/float_v1_rom_shim.S.obj
                0x100048a0                float_table_shim_on_use_helper
 .text.__wrap_malloc
                0x100048cc       0x24 CMakeFiles/picousbtest.dir/var/home/thonkpad/Documents/hw/sp2023/capstone/pico/pico-sdk/src/rp2_common/pico_malloc/pico_malloc.c.obj
                0x100048cc                __wrap_malloc
 .text          0x100048f0       0x10 CMakeFiles/picousbtest.dir/var/home/thonkpad/Documents/hw/sp2023/capstone/pico/pico-sdk/src/rp2_common/pico_mem_ops/mem_ops_aeabi.S.obj
                0x100048f0                __aeabi_mem_init
 .text.memset   0x10004900        0xc CMakeFiles/picousbtest.dir/var/home/thonkpad/Documents/hw/sp2023/capstone/pico/pico-sdk/src/rp2_common/pico_mem_ops/mem_ops_aeabi.S.obj
                0x10004900                __wrap_memset
 .text.memcpy   0x1000490c        0xc CMakeFiles/picousbtest.dir/var/home/thonkpad/Documents/hw/sp2023/capstone/pico/pico-sdk/src/rp2_common/pico_mem_ops/mem_ops_aeabi.S.obj
                0x1000490c                __wrap___aeabi_memcpy
                0x1000490c                __wrap_memcpy
 .text.stdio_out_chars_crlf
                0x10004918       0xbc CMakeFiles/picousbtest.dir/var/home/thonkpad/Documents/hw/sp2023/capstone/pico/pico-sdk/src/rp2_common/pico_stdio/stdio.c.obj
 .text.__wrap_putchar
                0x100049d4       0x98 CMakeFiles/picousbtest.dir/var/home/thonkpad/Documents/hw/sp2023/capstone/pico/pico-sdk/src/rp2_common/pico_stdio/stdio.c.obj
                0x100049d4                __wrap_putchar
 .text.__wrap_puts
                0x10004a6c       0xe0 CMakeFiles/picousbtest.dir/var/home/thonkpad/Documents/hw/sp2023/capstone/pico/pico-sdk/src/rp2_common/pico_stdio/stdio.c.obj
                0x10004a6c                __wrap_puts
 .text.stdio_set_driver_enabled
                0x10004b4c       0x30 CMakeFiles/picousbtest.dir/var/home/thonkpad/Documents/hw/sp2023/capstone/pico/pico-sdk/src/rp2_common/pico_stdio/stdio.c.obj
                0x10004b4c                stdio_set_driver_enabled
 .text.stdio_uart_out_chars
                0x10004b7c       0x4c CMakeFiles/picousbtest.dir/var/home/thonkpad/Documents/hw/sp2023/capstone/pico/pico-sdk/src/rp2_common/pico_stdio_uart/stdio_uart.c.obj
 .text.stdio_uart_in_chars
                0x10004bc8       0x98 CMakeFiles/picousbtest.dir/var/home/thonkpad/Documents/hw/sp2023/capstone/pico/pico-sdk/src/rp2_common/pico_stdio_uart/stdio_uart.c.obj
                0x10004bc8                stdio_uart_in_chars
 .text.on_uart_rx
                0x10004c60       0x28 CMakeFiles/picousbtest.dir/var/home/thonkpad/Documents/hw/sp2023/capstone/pico/pico-sdk/src/rp2_common/pico_stdio_uart/stdio_uart.c.obj
 .text.stdio_uart_set_chars_available_callback
                0x10004c88       0x8c CMakeFiles/picousbtest.dir/var/home/thonkpad/Documents/hw/sp2023/capstone/pico/pico-sdk/src/rp2_common/pico_stdio_uart/stdio_uart.c.obj
 .text.stdio_uart_init_full
                0x10004d14       0x3c CMakeFiles/picousbtest.dir/var/home/thonkpad/Documents/hw/sp2023/capstone/pico/pico-sdk/src/rp2_common/pico_stdio_uart/stdio_uart.c.obj
                0x10004d14                stdio_uart_init_full
 .text.dcd_int_enable
                0x10004d50        0xc CMakeFiles/picousbtest.dir/var/home/thonkpad/Documents/hw/sp2023/capstone/pico/pico-sdk/lib/tinyusb/src/portable/raspberrypi/rp2040/dcd_rp2040.c.obj
                0x10004d50                dcd_int_enable
 .text.dcd_set_address
                0x10004d5c       0x14 CMakeFiles/picousbtest.dir/var/home/thonkpad/Documents/hw/sp2023/capstone/pico/pico-sdk/lib/tinyusb/src/portable/raspberrypi/rp2040/dcd_rp2040.c.obj
                0x10004d5c                dcd_set_address
 .text.dcd_remote_wakeup
                0x10004d70       0x18 CMakeFiles/picousbtest.dir/var/home/thonkpad/Documents/hw/sp2023/capstone/pico/pico-sdk/lib/tinyusb/src/portable/raspberrypi/rp2040/dcd_rp2040.c.obj
                0x10004d70                dcd_remote_wakeup
 .text.dcd_connect
                0x10004d88       0x10 CMakeFiles/picousbtest.dir/var/home/thonkpad/Documents/hw/sp2023/capstone/pico/pico-sdk/lib/tinyusb/src/portable/raspberrypi/rp2040/dcd_rp2040.c.obj
                0x10004d88                dcd_connect
 .text.dcd_init
                0x10004d98       0x98 CMakeFiles/picousbtest.dir/var/home/thonkpad/Documents/hw/sp2023/capstone/pico/pico-sdk/lib/tinyusb/src/portable/raspberrypi/rp2040/dcd_rp2040.c.obj
                0x10004d98                dcd_init
 .text.dcd_edpt0_status_complete
                0x10004e30       0x1c CMakeFiles/picousbtest.dir/var/home/thonkpad/Documents/hw/sp2023/capstone/pico/pico-sdk/lib/tinyusb/src/portable/raspberrypi/rp2040/dcd_rp2040.c.obj
                0x10004e30                dcd_edpt0_status_complete
 .text.dcd_edpt_open
                0x10004e4c      0x108 CMakeFiles/picousbtest.dir/var/home/thonkpad/Documents/hw/sp2023/capstone/pico/pico-sdk/lib/tinyusb/src/portable/raspberrypi/rp2040/dcd_rp2040.c.obj
                0x10004e4c                dcd_edpt_open
 .text.dcd_edpt_close_all
                0x10004f54        0x8 CMakeFiles/picousbtest.dir/var/home/thonkpad/Documents/hw/sp2023/capstone/pico/pico-sdk/lib/tinyusb/src/portable/raspberrypi/rp2040/dcd_rp2040.c.obj
                0x10004f54                dcd_edpt_close_all
 .text.dcd_edpt_xfer
                0x10004f5c       0x24 CMakeFiles/picousbtest.dir/var/home/thonkpad/Documents/hw/sp2023/capstone/pico/pico-sdk/lib/tinyusb/src/portable/raspberrypi/rp2040/dcd_rp2040.c.obj
                0x10004f5c                dcd_edpt_xfer
 .text.dcd_edpt_stall
                0x10004f80       0x38 CMakeFiles/picousbtest.dir/var/home/thonkpad/Documents/hw/sp2023/capstone/pico/pico-sdk/lib/tinyusb/src/portable/raspberrypi/rp2040/dcd_rp2040.c.obj
                0x10004f80                dcd_edpt_stall
 .text.dcd_edpt_clear_stall
                0x10004fb8       0x30 CMakeFiles/picousbtest.dir/var/home/thonkpad/Documents/hw/sp2023/capstone/pico/pico-sdk/lib/tinyusb/src/portable/raspberrypi/rp2040/dcd_rp2040.c.obj
                0x10004fb8                dcd_edpt_clear_stall
 .text.rp2040_usb_init
                0x10004fe8       0x4c CMakeFiles/picousbtest.dir/var/home/thonkpad/Documents/hw/sp2023/capstone/pico/pico-sdk/lib/tinyusb/src/portable/raspberrypi/rp2040/rp2040_usb.c.obj
                0x10004fe8                rp2040_usb_init
 .text.hw_endpoint_xfer_start
                0x10005034       0x40 CMakeFiles/picousbtest.dir/var/home/thonkpad/Documents/hw/sp2023/capstone/pico/pico-sdk/lib/tinyusb/src/portable/raspberrypi/rp2040/rp2040_usb.c.obj
                0x10005034                hw_endpoint_xfer_start
 .text.tud_mounted
                0x10005074       0x10 CMakeFiles/picousbtest.dir/var/home/thonkpad/Documents/hw/sp2023/capstone/pico/pico-sdk/lib/tinyusb/src/device/usbd.c.obj
                0x10005074                tud_mounted
 .text.tud_suspended
                0x10005084       0x10 CMakeFiles/picousbtest.dir/var/home/thonkpad/Documents/hw/sp2023/capstone/pico/pico-sdk/lib/tinyusb/src/device/usbd.c.obj
                0x10005084                tud_suspended
 .text.tud_remote_wakeup
                0x10005094       0x30 CMakeFiles/picousbtest.dir/var/home/thonkpad/Documents/hw/sp2023/capstone/pico/pico-sdk/lib/tinyusb/src/device/usbd.c.obj
                0x10005094                tud_remote_wakeup
 .text.tud_inited
                0x100050c4       0x14 CMakeFiles/picousbtest.dir/var/home/thonkpad/Documents/hw/sp2023/capstone/pico/pico-sdk/lib/tinyusb/src/device/usbd.c.obj
                0x100050c4                tud_inited
 .text.tud_init
                0x100050d8       0xd8 CMakeFiles/picousbtest.dir/var/home/thonkpad/Documents/hw/sp2023/capstone/pico/pico-sdk/lib/tinyusb/src/device/usbd.c.obj
                0x100050d8                tud_init
 .text.tud_task_ext
                0x100051b0      0x89c CMakeFiles/picousbtest.dir/var/home/thonkpad/Documents/hw/sp2023/capstone/pico/pico-sdk/lib/tinyusb/src/device/usbd.c.obj
                0x100051b0                tud_task_ext
 .text.usbd_open_edpt_pair
                0x10005a4c       0x9c CMakeFiles/picousbtest.dir/var/home/thonkpad/Documents/hw/sp2023/capstone/pico/pico-sdk/lib/tinyusb/src/device/usbd.c.obj
                0x10005a4c                usbd_open_edpt_pair
 .text.usbd_edpt_claim
                0x10005ae8       0x28 CMakeFiles/picousbtest.dir/var/home/thonkpad/Documents/hw/sp2023/capstone/pico/pico-sdk/lib/tinyusb/src/device/usbd.c.obj
                0x10005ae8                usbd_edpt_claim
 .text.usbd_edpt_xfer
                0x10005b10       0x4c CMakeFiles/picousbtest.dir/var/home/thonkpad/Documents/hw/sp2023/capstone/pico/pico-sdk/lib/tinyusb/src/device/usbd.c.obj
                0x10005b10                usbd_edpt_xfer
 .text.usbd_edpt_busy
                0x10005b5c       0x1c CMakeFiles/picousbtest.dir/var/home/thonkpad/Documents/hw/sp2023/capstone/pico/pico-sdk/lib/tinyusb/src/device/usbd.c.obj
                0x10005b5c                usbd_edpt_busy
 .text.tud_control_status
                0x10005b78       0x2c CMakeFiles/picousbtest.dir/var/home/thonkpad/Documents/hw/sp2023/capstone/pico/pico-sdk/lib/tinyusb/src/device/usbd_control.c.obj
                0x10005b78                tud_control_status
 .text.tud_control_xfer
                0x10005ba4       0xac CMakeFiles/picousbtest.dir/var/home/thonkpad/Documents/hw/sp2023/capstone/pico/pico-sdk/lib/tinyusb/src/device/usbd_control.c.obj
                0x10005ba4                tud_control_xfer
 .text.usbd_control_reset
                0x10005c50       0x14 CMakeFiles/picousbtest.dir/var/home/thonkpad/Documents/hw/sp2023/capstone/pico/pico-sdk/lib/tinyusb/src/device/usbd_control.c.obj
                0x10005c50                usbd_control_reset
 .text.usbd_control_set_complete_callback
                0x10005c64        0xc CMakeFiles/picousbtest.dir/var/home/thonkpad/Documents/hw/sp2023/capstone/pico/pico-sdk/lib/tinyusb/src/device/usbd_control.c.obj
                0x10005c64                usbd_control_set_complete_callback
 .text.usbd_control_set_request
                0x10005c70       0x1c CMakeFiles/picousbtest.dir/var/home/thonkpad/Documents/hw/sp2023/capstone/pico/pico-sdk/lib/tinyusb/src/device/usbd_control.c.obj
                0x10005c70                usbd_control_set_request
 .text.usbd_control_xfer_cb
                0x10005c8c       0xf4 CMakeFiles/picousbtest.dir/var/home/thonkpad/Documents/hw/sp2023/capstone/pico/pico-sdk/lib/tinyusb/src/device/usbd_control.c.obj
                0x10005c8c                usbd_control_xfer_cb
 .text.tud_hid_n_ready
                0x10005d80       0x38 CMakeFiles/picousbtest.dir/var/home/thonkpad/Documents/hw/sp2023/capstone/pico/pico-sdk/lib/tinyusb/src/class/hid/hid_device.c.obj
                0x10005d80                tud_hid_n_ready
 .text.tud_hid_n_report
                0x10005db8       0x90 CMakeFiles/picousbtest.dir/var/home/thonkpad/Documents/hw/sp2023/capstone/pico/pico-sdk/lib/tinyusb/src/class/hid/hid_device.c.obj
                0x10005db8                tud_hid_n_report
 .text.hidd_init
                0x10005e48       0x14 CMakeFiles/picousbtest.dir/var/home/thonkpad/Documents/hw/sp2023/capstone/pico/pico-sdk/lib/tinyusb/src/class/hid/hid_device.c.obj
                0x10005e48                hidd_init
 .text.hidd_reset
                0x10005e5c       0x14 CMakeFiles/picousbtest.dir/var/home/thonkpad/Documents/hw/sp2023/capstone/pico/pico-sdk/lib/tinyusb/src/class/hid/hid_device.c.obj
                0x10005e5c                hidd_reset
 .text.hidd_open
                0x10005e70       0x88 CMakeFiles/picousbtest.dir/var/home/thonkpad/Documents/hw/sp2023/capstone/pico/pico-sdk/lib/tinyusb/src/class/hid/hid_device.c.obj
                0x10005e70                hidd_open
 .text.hidd_control_xfer_cb
                0x10005ef8      0x1c4 CMakeFiles/picousbtest.dir/var/home/thonkpad/Documents/hw/sp2023/capstone/pico/pico-sdk/lib/tinyusb/src/class/hid/hid_device.c.obj
                0x10005ef8                hidd_control_xfer_cb
 .text.hidd_xfer_cb
                0x100060bc       0x60 CMakeFiles/picousbtest.dir/var/home/thonkpad/Documents/hw/sp2023/capstone/pico/pico-sdk/lib/tinyusb/src/class/hid/hid_device.c.obj
                0x100060bc                hidd_xfer_cb
 .text.tusb_init
                0x1000611c        0xc CMakeFiles/picousbtest.dir/var/home/thonkpad/Documents/hw/sp2023/capstone/pico/pico-sdk/lib/tinyusb/src/tusb.c.obj
                0x1000611c                tusb_init
 .text.tusb_inited
                0x10006128        0x8 CMakeFiles/picousbtest.dir/var/home/thonkpad/Documents/hw/sp2023/capstone/pico/pico-sdk/lib/tinyusb/src/tusb.c.obj
                0x10006128                tusb_inited
 .text.tu_edpt_claim
                0x10006130       0x50 CMakeFiles/picousbtest.dir/var/home/thonkpad/Documents/hw/sp2023/capstone/pico/pico-sdk/lib/tinyusb/src/tusb.c.obj
                0x10006130                tu_edpt_claim
 .text.tu_edpt_validate
                0x10006180       0x7c CMakeFiles/picousbtest.dir/var/home/thonkpad/Documents/hw/sp2023/capstone/pico/pico-sdk/lib/tinyusb/src/tusb.c.obj
                0x10006180                tu_edpt_validate
 .text.tu_edpt_bind_driver
                0x100061fc       0x34 CMakeFiles/picousbtest.dir/var/home/thonkpad/Documents/hw/sp2023/capstone/pico/pico-sdk/lib/tinyusb/src/tusb.c.obj
                0x100061fc                tu_edpt_bind_driver
 .text.tu_fifo_read
                0x10006230       0x9c CMakeFiles/picousbtest.dir/var/home/thonkpad/Documents/hw/sp2023/capstone/pico/pico-sdk/lib/tinyusb/src/common/tusb_fifo.c.obj
                0x10006230                tu_fifo_read
 .text.tu_fifo_write
                0x100062cc       0x88 CMakeFiles/picousbtest.dir/var/home/thonkpad/Documents/hw/sp2023/capstone/pico/pico-sdk/lib/tinyusb/src/common/tusb_fifo.c.obj
                0x100062cc                tu_fifo_write
 .text.tu_fifo_clear
                0x10006354       0x40 CMakeFiles/picousbtest.dir/var/home/thonkpad/Documents/hw/sp2023/capstone/pico/pico-sdk/lib/tinyusb/src/common/tusb_fifo.c.obj
                0x10006354                tu_fifo_clear
 .text.board_init
                0x10006394       0x30 CMakeFiles/picousbtest.dir/var/home/thonkpad/Documents/hw/sp2023/capstone/pico/pico-sdk/lib/tinyusb/hw/bsp/rp2040/family.c.obj
                0x10006394                board_init
 .text.board_led_write
                0x100063c4       0x14 CMakeFiles/picousbtest.dir/var/home/thonkpad/Documents/hw/sp2023/capstone/pico/pico-sdk/lib/tinyusb/hw/bsp/rp2040/family.c.obj
                0x100063c4                board_led_write
 .text.spi_init
                0x100063d8       0xf0 CMakeFiles/picousbtest.dir/var/home/thonkpad/Documents/hw/sp2023/capstone/pico/pico-sdk/src/rp2_common/hardware_spi/spi.c.obj
                0x100063d8                spi_init
 .text          0x100064c8       0x28 /usr/lib/gcc/arm-none-eabi/12.2.1/../../../arm-none-eabi/lib/thumb/v6-m/nofp/libc.a(lib_a-malloc.o)
                0x100064c8                malloc
                0x100064dc                free
 .text          0x100064f0      0x574 /usr/lib/gcc/arm-none-eabi/12.2.1/../../../arm-none-eabi/lib/thumb/v6-m/nofp/libc.a(lib_a-mallocr.o)
                0x100064f0                _malloc_r
 .text          0x10006a64        0x8 /usr/lib/gcc/arm-none-eabi/12.2.1/../../../arm-none-eabi/lib/thumb/v6-m/nofp/libc.a(lib_a-mlock.o)
                0x10006a64                __malloc_lock
                0x10006a68                __malloc_unlock
 .text          0x10006a6c       0x24 /usr/lib/gcc/arm-none-eabi/12.2.1/../../../arm-none-eabi/lib/thumb/v6-m/nofp/libc.a(lib_a-sbrkr.o)
                0x10006a6c                _sbrk_r
 .text          0x10006a90       0x5c /usr/lib/gcc/arm-none-eabi/12.2.1/../../../arm-none-eabi/lib/thumb/v6-m/nofp/libc.a(lib_a-strlen-stub.o)
                0x10006a90                strlen
 .text          0x10006aec      0x260 /usr/lib/gcc/arm-none-eabi/12.2.1/../../../arm-none-eabi/lib/thumb/v6-m/nofp/libc.a(lib_a-freer.o)
                0x10006aec                _malloc_trim_r
                0x10006b88                _free_r
 *(.fini)
 .fini          0x10006d4c        0x4 /usr/lib/gcc/arm-none-eabi/12.2.1/thumb/v6-m/nofp/crti.o
                0x10006d4c                _fini
 .fini.__stub   0x10006d50       0xd0 linker stubs
 *crtbegin.o(.ctors)
 *crtbegin?.o(.ctors)
 *(EXCLUDE_FILE(*crtend.o *crtend?.o) .ctors)
 *(SORT_BY_NAME(.ctors.*))
 *(.ctors)
 *crtbegin.o(.dtors)
 *crtbegin?.o(.dtors)
 *(EXCLUDE_FILE(*crtend.o *crtend?.o) .dtors)
 *(SORT_BY_NAME(.dtors.*))
 *(.dtors)
 *(.eh_frame*)
 .eh_frame      0x10006e20        0x0 /usr/lib/gcc/arm-none-eabi/12.2.1/thumb/v6-m/nofp/crtbegin.o
                0x10006e20                        . = ALIGN (0x4)

.glue_7         0x10006e20        0x0
 .glue_7        0x10006e20        0x0 linker stubs

.glue_7t        0x10006e20        0x0
 .glue_7t       0x10006e20        0x0 linker stubs

.vfp11_veneer   0x10006e20        0x0
 .vfp11_veneer  0x10006e20        0x0 linker stubs

.v4_bx          0x10006e20        0x0
 .v4_bx         0x10006e20        0x0 linker stubs

.iplt           0x10006e20        0x0
 .iplt          0x10006e20        0x0 /usr/lib/gcc/arm-none-eabi/12.2.1/thumb/v6-m/nofp/crtbegin.o

.rodata         0x10006e20      0x2fc
 *(EXCLUDE_FILE(*libm.a: *libc.a:*lib_a-mem*.o *libgcc.a:) .rodata*)
 .rodata.str1.4
                0x10006e20       0x1d CMakeFiles/picousbtest.dir/usb_descriptors.c.obj
 *fill*         0x10006e3d        0x3 
 .rodata.__compound_literal.0
                0x10006e40        0x2 CMakeFiles/picousbtest.dir/usb_descriptors.c.obj
 *fill*         0x10006e42        0x2 
 .rodata.desc_configuration
                0x10006e44       0x22 CMakeFiles/picousbtest.dir/usb_descriptors.c.obj
                0x10006e44                desc_configuration
 *fill*         0x10006e66        0x2 
 .rodata.desc_hid_report
                0x10006e68       0x44 CMakeFiles/picousbtest.dir/usb_descriptors.c.obj
                0x10006e68                desc_hid_report
 .rodata.desc_device
                0x10006eac       0x12 CMakeFiles/picousbtest.dir/usb_descriptors.c.obj
                0x10006eac                desc_device
 *fill*         0x10006ebe        0x2 
 .rodata.__bi_192.0
                0x10006ec0        0x8 CMakeFiles/picousbtest.dir/nrf_receiver.c.obj
 .rodata.str1.4
                0x10006ec8        0xf CMakeFiles/picousbtest.dir/nrf_receiver.c.obj
 *fill*         0x10006ed7        0x1 
 .rodata.__bi_203.1
                0x10006ed8        0xc CMakeFiles/picousbtest.dir/nrf_receiver.c.obj
 .rodata.__bi_204.2
                0x10006ee4        0xc CMakeFiles/picousbtest.dir/nrf_receiver.c.obj
 .rodata.spin_lock_claim_unused.str1.4
                0x10006ef0       0x1b CMakeFiles/picousbtest.dir/var/home/thonkpad/Documents/hw/sp2023/capstone/pico/pico-sdk/src/rp2_common/hardware_sync/sync.c.obj
 *fill*         0x10006f0b        0x1 
 .rodata.hardware_alarm_claim.str1.4
                0x10006f0c       0x22 CMakeFiles/picousbtest.dir/var/home/thonkpad/Documents/hw/sp2023/capstone/pico/pico-sdk/src/rp2_common/hardware_timer/timer.c.obj
 *fill*         0x10006f2e        0x2 
 .rodata.panic.str1.4
                0x10006f30       0x12 CMakeFiles/picousbtest.dir/var/home/thonkpad/Documents/hw/sp2023/capstone/pico/pico-sdk/src/rp2_common/pico_runtime/runtime.c.obj
 *fill*         0x10006f42        0x2 
 .rodata.hard_assertion_failure.str1.4
                0x10006f44        0xc CMakeFiles/picousbtest.dir/var/home/thonkpad/Documents/hw/sp2023/capstone/pico/pico-sdk/src/rp2_common/pico_runtime/runtime.c.obj
 .rodata.__wrap_malloc.str1.4
                0x10006f50        0xe CMakeFiles/picousbtest.dir/var/home/thonkpad/Documents/hw/sp2023/capstone/pico/pico-sdk/src/rp2_common/pico_malloc/pico_malloc.c.obj
 *fill*         0x10006f5e        0x2 
 .rodata.str1.4
                0x10006f60       0x40 CMakeFiles/picousbtest.dir/var/home/thonkpad/Documents/hw/sp2023/capstone/pico/pico-sdk/src/rp2_common/pico_standard_link/binary_info.c.obj
 .rodata.__bi_81
                0x10006fa0        0xc CMakeFiles/picousbtest.dir/var/home/thonkpad/Documents/hw/sp2023/capstone/pico/pico-sdk/src/rp2_common/pico_standard_link/binary_info.c.obj
 .rodata.__bi_75
                0x10006fac        0xc CMakeFiles/picousbtest.dir/var/home/thonkpad/Documents/hw/sp2023/capstone/pico/pico-sdk/src/rp2_common/pico_standard_link/binary_info.c.obj
 .rodata.__bi_44
                0x10006fb8        0xc CMakeFiles/picousbtest.dir/var/home/thonkpad/Documents/hw/sp2023/capstone/pico/pico-sdk/src/rp2_common/pico_standard_link/binary_info.c.obj
 .rodata.crlf_str.0
                0x10006fc4        0x2 CMakeFiles/picousbtest.dir/var/home/thonkpad/Documents/hw/sp2023/capstone/pico/pico-sdk/src/rp2_common/pico_stdio/stdio.c.obj
 *fill*         0x10006fc6        0x2 
 .rodata.str1.4
                0x10006fc8       0x14 CMakeFiles/picousbtest.dir/var/home/thonkpad/Documents/hw/sp2023/capstone/pico/pico-sdk/lib/tinyusb/src/portable/raspberrypi/rp2040/dcd_rp2040.c.obj
 .rodata.str1.4
                0x10006fdc       0x53 CMakeFiles/picousbtest.dir/var/home/thonkpad/Documents/hw/sp2023/capstone/pico/pico-sdk/lib/tinyusb/src/portable/raspberrypi/rp2040/rp2040_usb.c.obj
 *fill*         0x1000702f        0x1 
 .rodata.tud_task_ext
                0x10007030       0x8c CMakeFiles/picousbtest.dir/var/home/thonkpad/Documents/hw/sp2023/capstone/pico/pico-sdk/lib/tinyusb/src/device/usbd.c.obj
 .rodata._usbd_driver
                0x100070bc       0x18 CMakeFiles/picousbtest.dir/var/home/thonkpad/Documents/hw/sp2023/capstone/pico/pico-sdk/lib/tinyusb/src/device/usbd.c.obj
 .rodata.hidd_control_xfer_cb
                0x100070d4       0x30 CMakeFiles/picousbtest.dir/var/home/thonkpad/Documents/hw/sp2023/capstone/pico/pico-sdk/lib/tinyusb/src/class/hid/hid_device.c.obj
 .rodata.str1.4
                0x10007104        0x4 CMakeFiles/picousbtest.dir/var/home/thonkpad/Documents/hw/sp2023/capstone/pico/pico-sdk/lib/tinyusb/hw/bsp/rp2040/family.c.obj
 .rodata.__bi_142.0
                0x10007108        0xc CMakeFiles/picousbtest.dir/var/home/thonkpad/Documents/hw/sp2023/capstone/pico/pico-sdk/lib/tinyusb/hw/bsp/rp2040/family.c.obj
 .rodata.__bi_152.1
                0x10007114        0x8 CMakeFiles/picousbtest.dir/var/home/thonkpad/Documents/hw/sp2023/capstone/pico/pico-sdk/lib/tinyusb/hw/bsp/rp2040/family.c.obj
                0x1000711c                        . = ALIGN (0x4)
 *(SORT_BY_ALIGNMENT(SORT_BY_NAME(.flashdata*)))
                0x1000711c                        . = ALIGN (0x4)

.rel.dyn        0x1000711c        0x0
 .rel.iplt      0x1000711c        0x0 /usr/lib/gcc/arm-none-eabi/12.2.1/thumb/v6-m/nofp/crtbegin.o

.ARM.extab
 *(.ARM.extab* .gnu.linkonce.armextab.*)
                0x1000711c                        __exidx_start = .

.ARM.exidx
 *(.ARM.exidx* .gnu.linkonce.armexidx.*)
                0x1000711c                        __exidx_end = .
                0x1000711c                        . = ALIGN (0x4)
                0x1000711c                        __binary_info_start = .

.binary_info    0x1000711c       0x30
 *(.binary_info.keep.*)
 .binary_info.keep.__bi_ptr204
                0x1000711c        0x4 CMakeFiles/picousbtest.dir/nrf_receiver.c.obj
 .binary_info.keep.__bi_ptr203
                0x10007120        0x4 CMakeFiles/picousbtest.dir/nrf_receiver.c.obj
 .binary_info.keep.__bi_ptr192
                0x10007124        0x4 CMakeFiles/picousbtest.dir/nrf_receiver.c.obj
 .binary_info.keep.__bi_ptr81
                0x10007128        0x4 CMakeFiles/picousbtest.dir/var/home/thonkpad/Documents/hw/sp2023/capstone/pico/pico-sdk/src/rp2_common/pico_standard_link/binary_info.c.obj
 .binary_info.keep.__bi_ptr75
                0x1000712c        0x4 CMakeFiles/picousbtest.dir/var/home/thonkpad/Documents/hw/sp2023/capstone/pico/pico-sdk/src/rp2_common/pico_standard_link/binary_info.c.obj
 .binary_info.keep.__bi_ptr50
                0x10007130        0x4 CMakeFiles/picousbtest.dir/var/home/thonkpad/Documents/hw/sp2023/capstone/pico/pico-sdk/src/rp2_common/pico_standard_link/binary_info.c.obj
 .binary_info.keep.__bi_ptr44
                0x10007134        0x4 CMakeFiles/picousbtest.dir/var/home/thonkpad/Documents/hw/sp2023/capstone/pico/pico-sdk/src/rp2_common/pico_standard_link/binary_info.c.obj
 .binary_info.keep.__bi_ptr38
                0x10007138        0x4 CMakeFiles/picousbtest.dir/var/home/thonkpad/Documents/hw/sp2023/capstone/pico/pico-sdk/src/rp2_common/pico_standard_link/binary_info.c.obj
 .binary_info.keep.__bi_ptr30
                0x1000713c        0x4 CMakeFiles/picousbtest.dir/var/home/thonkpad/Documents/hw/sp2023/capstone/pico/pico-sdk/src/rp2_common/pico_standard_link/binary_info.c.obj
 .binary_info.keep.__bi_ptr22
                0x10007140        0x4 CMakeFiles/picousbtest.dir/var/home/thonkpad/Documents/hw/sp2023/capstone/pico/pico-sdk/src/rp2_common/pico_standard_link/binary_info.c.obj
 .binary_info.keep.__bi_ptr152
                0x10007144        0x4 CMakeFiles/picousbtest.dir/var/home/thonkpad/Documents/hw/sp2023/capstone/pico/pico-sdk/lib/tinyusb/hw/bsp/rp2040/family.c.obj
 .binary_info.keep.__bi_ptr142
                0x10007148        0x4 CMakeFiles/picousbtest.dir/var/home/thonkpad/Documents/hw/sp2023/capstone/pico/pico-sdk/lib/tinyusb/hw/bsp/rp2040/family.c.obj
 *(.binary_info.*)
                0x1000714c                        __binary_info_end = .
                0x1000714c                        . = ALIGN (0x4)
                0x1000714c                        __etext = .

.ram_vector_table
                0x20000000       0xc0
 *(.ram_vector_table)
 .ram_vector_table
                0x20000000       0xc0 CMakeFiles/picousbtest.dir/var/home/thonkpad/Documents/hw/sp2023/capstone/pico/pico-sdk/src/rp2_common/pico_runtime/runtime.c.obj
                0x20000000                ram_vector_table

.data           0x200000c0     0x162c load address 0x1000714c
                0x200000c0                        __data_start__ = .
 *(vtable)
 *(.time_critical*)
 .time_critical.mutex_try_enter_block_until
                0x200000c0       0x9c CMakeFiles/picousbtest.dir/var/home/thonkpad/Documents/hw/sp2023/capstone/pico/pico-sdk/src/common/pico_sync/mutex.c.obj
                0x200000c0                mutex_try_enter_block_until
 .time_critical.mutex_enter_timeout_ms
                0x2000015c       0x90 CMakeFiles/picousbtest.dir/var/home/thonkpad/Documents/hw/sp2023/capstone/pico/pico-sdk/src/common/pico_sync/mutex.c.obj
                0x2000015c                mutex_enter_timeout_ms
 .time_critical.mutex_exit
                0x200001ec       0x28 CMakeFiles/picousbtest.dir/var/home/thonkpad/Documents/hw/sp2023/capstone/pico/pico-sdk/src/common/pico_sync/mutex.c.obj
                0x200001ec                mutex_exit
 .time_critical.reset_non_control_endpoints
                0x20000214       0x68 CMakeFiles/picousbtest.dir/var/home/thonkpad/Documents/hw/sp2023/capstone/pico/pico-sdk/lib/tinyusb/src/portable/raspberrypi/rp2040/dcd_rp2040.c.obj
 .time_critical.hw_handle_buff_status
                0x2000027c       0xac CMakeFiles/picousbtest.dir/var/home/thonkpad/Documents/hw/sp2023/capstone/pico/pico-sdk/lib/tinyusb/src/portable/raspberrypi/rp2040/dcd_rp2040.c.obj
 .time_critical.dcd_rp2040_irq
                0x20000328      0x510 CMakeFiles/picousbtest.dir/var/home/thonkpad/Documents/hw/sp2023/capstone/pico/pico-sdk/lib/tinyusb/src/portable/raspberrypi/rp2040/dcd_rp2040.c.obj
 .time_critical.e15_is_bulkin_ep
                0x20000838       0x28 CMakeFiles/picousbtest.dir/var/home/thonkpad/Documents/hw/sp2023/capstone/pico/pico-sdk/lib/tinyusb/src/portable/raspberrypi/rp2040/rp2040_usb.c.obj
 .time_critical.e15_is_critical_frame_period
                0x20000860       0x34 CMakeFiles/picousbtest.dir/var/home/thonkpad/Documents/hw/sp2023/capstone/pico/pico-sdk/lib/tinyusb/src/portable/raspberrypi/rp2040/rp2040_usb.c.obj
 .time_critical.prepare_ep_buffer
                0x20000894       0x6c CMakeFiles/picousbtest.dir/var/home/thonkpad/Documents/hw/sp2023/capstone/pico/pico-sdk/lib/tinyusb/src/portable/raspberrypi/rp2040/rp2040_usb.c.obj
 .time_critical.sync_ep_buffer
                0x20000900       0x48 CMakeFiles/picousbtest.dir/var/home/thonkpad/Documents/hw/sp2023/capstone/pico/pico-sdk/lib/tinyusb/src/portable/raspberrypi/rp2040/rp2040_usb.c.obj
 .time_critical._hw_endpoint_xfer_sync
                0x20000948       0x28 CMakeFiles/picousbtest.dir/var/home/thonkpad/Documents/hw/sp2023/capstone/pico/pico-sdk/lib/tinyusb/src/portable/raspberrypi/rp2040/rp2040_usb.c.obj
 .time_critical.hw_endpoint_reset_transfer
                0x20000970        0xc CMakeFiles/picousbtest.dir/var/home/thonkpad/Documents/hw/sp2023/capstone/pico/pico-sdk/lib/tinyusb/src/portable/raspberrypi/rp2040/rp2040_usb.c.obj
                0x20000970                hw_endpoint_reset_transfer
 .time_critical._hw_endpoint_buffer_control_update32
                0x2000097c       0x58 CMakeFiles/picousbtest.dir/var/home/thonkpad/Documents/hw/sp2023/capstone/pico/pico-sdk/lib/tinyusb/src/portable/raspberrypi/rp2040/rp2040_usb.c.obj
                0x2000097c                _hw_endpoint_buffer_control_update32
 .time_critical.hw_endpoint_start_next_buffer
                0x200009d4       0x6c CMakeFiles/picousbtest.dir/var/home/thonkpad/Documents/hw/sp2023/capstone/pico/pico-sdk/lib/tinyusb/src/portable/raspberrypi/rp2040/rp2040_usb.c.obj
                0x200009d4                hw_endpoint_start_next_buffer
 .time_critical.hw_endpoint_xfer_continue
                0x20000a40       0x50 CMakeFiles/picousbtest.dir/var/home/thonkpad/Documents/hw/sp2023/capstone/pico/pico-sdk/lib/tinyusb/src/portable/raspberrypi/rp2040/rp2040_usb.c.obj
                0x20000a40                hw_endpoint_xfer_continue
 .time_critical.tinyusb
                0x20000a90      0x170 CMakeFiles/picousbtest.dir/var/home/thonkpad/Documents/hw/sp2023/capstone/pico/pico-sdk/lib/tinyusb/src/device/usbd.c.obj
                0x20000a90                dcd_event_handler
 .time_critical.spi_write_read_blocking
                0x20000c00       0x78 CMakeFiles/picousbtest.dir/var/home/thonkpad/Documents/hw/sp2023/capstone/pico/pico-sdk/src/rp2_common/hardware_spi/spi.c.obj
                0x20000c00                spi_write_read_blocking
 .time_critical.spi_write_blocking
                0x20000c78       0x4c CMakeFiles/picousbtest.dir/var/home/thonkpad/Documents/hw/sp2023/capstone/pico/pico-sdk/src/rp2_common/hardware_spi/spi.c.obj
                0x20000c78                spi_write_blocking
 .time_critical.spi_read_blocking
                0x20000cc4       0x68 CMakeFiles/picousbtest.dir/var/home/thonkpad/Documents/hw/sp2023/capstone/pico/pico-sdk/src/rp2_common/hardware_spi/spi.c.obj
                0x20000cc4                spi_read_blocking
 *(.text*)
 .text          0x20000d2c        0x4 /usr/lib/gcc/arm-none-eabi/12.2.1/thumb/v6-m/nofp/libgcc.a(_dvmd_tls.o)
                0x20000d2c                __aeabi_ldiv0
                0x20000d2c                __aeabi_idiv0
 .text.__stub   0x20000d30       0x70 linker stubs
                0x20000da0                        . = ALIGN (0x4)
 *(.rodata*)
                0x20000da0                        . = ALIGN (0x4)
 *(.data*)
 .data.blink_interval_ms
                0x20000da0        0x4 CMakeFiles/picousbtest.dir/main.c.obj
 .data.string_desc_arr
                0x20000da4       0x10 CMakeFiles/picousbtest.dir/usb_descriptors.c.obj
                0x20000da4                string_desc_arr
 .data.striped_spin_lock_num
                0x20000db4        0x1 CMakeFiles/picousbtest.dir/var/home/thonkpad/Documents/hw/sp2023/capstone/pico/pico-sdk/src/rp2_common/hardware_sync/sync.c.obj
 *fill*         0x20000db5        0x3 
 .data          0x20000db8       0x48 CMakeFiles/picousbtest.dir/var/home/thonkpad/Documents/hw/sp2023/capstone/pico/pico-sdk/src/rp2_common/hardware_irq/irq_handler_chain.S.obj
                0x20000db8                irq_handler_chain_slots
                0x20000de8                irq_handler_chain_first_slot
                0x20000df2                irq_handler_chain_remove_tail
 .data.default_alarm_pool
                0x20000e00       0x18 CMakeFiles/picousbtest.dir/var/home/thonkpad/Documents/hw/sp2023/capstone/pico/pico-sdk/src/common/pico_time/time.c.obj
 .data.default_alarm_pool_heap
                0x20000e18       0x10 CMakeFiles/picousbtest.dir/var/home/thonkpad/Documents/hw/sp2023/capstone/pico/pico-sdk/src/common/pico_time/time.c.obj
 *fill*         0x20000e28        0x8 
 .data.aeabi_bits_funcs
                0x20000e30       0x10 CMakeFiles/picousbtest.dir/var/home/thonkpad/Documents/hw/sp2023/capstone/pico/pico-sdk/src/rp2_common/pico_bit_ops/bit_ops_aeabi.S.obj
                0x20000e30                aeabi_bits_funcs
                0x20000e40                aeabi_bits_funcs_end
 .data.aeabi_mem_funcs
                0x20000e40       0x10 CMakeFiles/picousbtest.dir/var/home/thonkpad/Documents/hw/sp2023/capstone/pico/pico-sdk/src/rp2_common/pico_mem_ops/mem_ops_aeabi.S.obj
                0x20000e40                aeabi_mem_funcs
                0x20000e50                aeabi_mem_funcs_end
 .data.stdio_uart
                0x20000e50       0x18 CMakeFiles/picousbtest.dir/var/home/thonkpad/Documents/hw/sp2023/capstone/pico/pico-sdk/src/rp2_common/pico_stdio_uart/stdio_uart.c.obj
                0x20000e50                stdio_uart
 .data.ep_dir_string
                0x20000e68        0x8 CMakeFiles/picousbtest.dir/var/home/thonkpad/Documents/hw/sp2023/capstone/pico/pico-sdk/lib/tinyusb/src/portable/raspberrypi/rp2040/rp2040_usb.c.obj
                0x20000e68                ep_dir_string
 .data._usbd_qdef
                0x20000e70       0x1c CMakeFiles/picousbtest.dir/var/home/thonkpad/Documents/hw/sp2023/capstone/pico/pico-sdk/lib/tinyusb/src/device/usbd.c.obj
                0x20000e70                _usbd_qdef
 .data._usbd_rhport
                0x20000e8c        0x1 CMakeFiles/picousbtest.dir/var/home/thonkpad/Documents/hw/sp2023/capstone/pico/pico-sdk/lib/tinyusb/src/device/usbd.c.obj
 *fill*         0x20000e8d        0x3 
 .data          0x20000e90      0x430 /usr/lib/gcc/arm-none-eabi/12.2.1/../../../arm-none-eabi/lib/thumb/v6-m/nofp/libc.a(lib_a-impure.o)
                0x20000e90                _impure_ptr
 .data          0x200012c0      0x410 /usr/lib/gcc/arm-none-eabi/12.2.1/../../../arm-none-eabi/lib/thumb/v6-m/nofp/libc.a(lib_a-mallocr.o)
                0x200012c0                __malloc_sbrk_base
                0x200012c4                __malloc_trim_threshold
                0x200012c8                __malloc_av_
                0x200016d0                        . = ALIGN (0x4)
 *(.after_data.*)
                0x200016d0                        . = ALIGN (0x4)
                0x200016d0                        PROVIDE (__mutex_array_start = .)
 *(SORT_BY_NAME(.mutex_array.*))
 *(.mutex_array)
 .mutex_array   0x200016d0        0x8 CMakeFiles/picousbtest.dir/var/home/thonkpad/Documents/hw/sp2023/capstone/pico/pico-sdk/src/rp2_common/pico_stdio/stdio.c.obj
                0x200016d8                        PROVIDE (__mutex_array_end = .)
                0x200016d8                        . = ALIGN (0x4)
                0x200016d8                        PROVIDE (__preinit_array_start = .)
 *(SORT_BY_NAME(.preinit_array.*))
 .preinit_array.00001
                0x200016d8        0x4 CMakeFiles/picousbtest.dir/var/home/thonkpad/Documents/hw/sp2023/capstone/pico/pico-sdk/src/rp2_common/pico_mem_ops/mem_ops_aeabi.S.obj
 .preinit_array.00010
                0x200016dc        0x4 CMakeFiles/picousbtest.dir/var/home/thonkpad/Documents/hw/sp2023/capstone/pico/pico-sdk/src/rp2_common/pico_bit_ops/bit_ops_aeabi.S.obj
 .preinit_array.00020
                0x200016e0        0x4 CMakeFiles/picousbtest.dir/var/home/thonkpad/Documents/hw/sp2023/capstone/pico/pico-sdk/src/rp2_common/pico_double/double_aeabi.S.obj
 .preinit_array.00020
                0x200016e4        0x4 CMakeFiles/picousbtest.dir/var/home/thonkpad/Documents/hw/sp2023/capstone/pico/pico-sdk/src/rp2_common/pico_float/float_aeabi.S.obj
 *(.preinit_array)
                0x200016e8                        PROVIDE (__preinit_array_end = .)
                0x200016e8                        . = ALIGN (0x4)
                0x200016e8                        PROVIDE (__init_array_start = .)
 *(SORT_BY_NAME(.init_array.*))
 *(.init_array)
 .init_array    0x200016e8        0x4 /usr/lib/gcc/arm-none-eabi/12.2.1/thumb/v6-m/nofp/crtbegin.o
                0x200016ec                        PROVIDE (__init_array_end = .)
                0x200016ec                        . = ALIGN (0x4)
                0x200016ec                        PROVIDE (__fini_array_start = .)
 *(SORT_BY_NAME(.fini_array.*))
 *(.fini_array)
                0x200016ec                        PROVIDE (__fini_array_end = .)
 *(.jcr)
                0x200016ec                        . = ALIGN (0x4)
                0x200016ec                        __data_end__ = .

.tm_clone_table
                0x200016ec        0x0 load address 0x10008778
 .tm_clone_table
                0x200016ec        0x0 /usr/lib/gcc/arm-none-eabi/12.2.1/thumb/v6-m/nofp/crtbegin.o
 .tm_clone_table
                0x200016ec        0x0 /usr/lib/gcc/arm-none-eabi/12.2.1/thumb/v6-m/nofp/crtend.o

.igot.plt       0x200016ec        0x0 load address 0x10008778
 .igot.plt      0x200016ec        0x0 /usr/lib/gcc/arm-none-eabi/12.2.1/thumb/v6-m/nofp/crtbegin.o

.uninitialized_data
                0x200016ec        0x0 load address 0x10008778
                0x200016ec                        . = ALIGN (0x4)
 *(.uninitialized_data*)

.scratch_x      0x20040000        0x0 load address 0x10008778
                0x20040000                        __scratch_x_start__ = .
 *(.scratch_x.*)
                0x20040000                        . = ALIGN (0x4)
                0x20040000                        __scratch_x_end__ = .
                0x10008778                        __scratch_x_source__ = LOADADDR (.scratch_x)

.scratch_y      0x20041000        0x0 load address 0x10008778
                0x20041000                        __scratch_y_start__ = .
 *(.scratch_y.*)
                0x20041000                        . = ALIGN (0x4)
                0x20041000                        __scratch_y_end__ = .
                0x10008778                        __scratch_y_source__ = LOADADDR (.scratch_y)

.bss            0x200016f0      0xa1c
                0x200016f0                        . = ALIGN (0x4)
                0x200016f0                        __bss_start__ = .
 *(SORT_BY_ALIGNMENT(SORT_BY_NAME(.bss*)))
 .bss.configured_freq
                0x200016f0       0x28 CMakeFiles/picousbtest.dir/var/home/thonkpad/Documents/hw/sp2023/capstone/pico/pico-sdk/src/rp2_common/hardware_clocks/clocks.c.obj
 .bss.default_alarm_pool_entries
                0x20001718      0x100 CMakeFiles/picousbtest.dir/var/home/thonkpad/Documents/hw/sp2023/capstone/pico/pico-sdk/src/common/pico_time/time.c.obj
 .bss.sd_table  0x20001818      0x100 CMakeFiles/picousbtest.dir/var/home/thonkpad/Documents/hw/sp2023/capstone/pico/pico-sdk/src/rp2_common/pico_double/double_init_rom.c.obj
                0x20001818                sd_table
 .bss.sf_table  0x20001918      0x100 CMakeFiles/picousbtest.dir/var/home/thonkpad/Documents/hw/sp2023/capstone/pico/pico-sdk/src/rp2_common/pico_float/float_init_rom.c.obj
                0x20001918                sf_table
 .bss           0x20001a18       0x1c /usr/lib/gcc/arm-none-eabi/12.2.1/thumb/v6-m/nofp/crtbegin.o
 .bss           0x20001a34       0x34 /usr/lib/gcc/arm-none-eabi/12.2.1/../../../arm-none-eabi/lib/thumb/v6-m/nofp/libc.a(lib_a-mallocr.o)
                0x20001a34                __malloc_top_pad
                0x20001a38                __malloc_current_mallinfo
                0x20001a60                __malloc_max_sbrked_mem
                0x20001a64                __malloc_max_total_mem
 .bss           0x20001a68        0x4 /usr/lib/gcc/arm-none-eabi/12.2.1/../../../arm-none-eabi/lib/thumb/v6-m/nofp/libc.a(lib_a-reent.o)
                0x20001a68                errno
 .bss._app_driver
                0x20001a6c        0x4 CMakeFiles/picousbtest.dir/var/home/thonkpad/Documents/hw/sp2023/capstone/pico/pico-sdk/lib/tinyusb/src/device/usbd.c.obj
 .bss._ctrl_xfer
                0x20001a70       0x14 CMakeFiles/picousbtest.dir/var/home/thonkpad/Documents/hw/sp2023/capstone/pico/pico-sdk/lib/tinyusb/src/device/usbd_control.c.obj
 .bss._desc_str
                0x20001a84       0x40 CMakeFiles/picousbtest.dir/usb_descriptors.c.obj
 .bss._hidd_itf
                0x20001ac4       0x2c CMakeFiles/picousbtest.dir/var/home/thonkpad/Documents/hw/sp2023/capstone/pico/pico-sdk/lib/tinyusb/src/class/hid/hid_device.c.obj
 .bss._ubsd_mutexdef
                0x20001af0        0x8 CMakeFiles/picousbtest.dir/var/home/thonkpad/Documents/hw/sp2023/capstone/pico/pico-sdk/lib/tinyusb/src/device/usbd.c.obj
 .bss._usbd_ctrl_buf
                0x20001af8       0x40 CMakeFiles/picousbtest.dir/var/home/thonkpad/Documents/hw/sp2023/capstone/pico/pico-sdk/lib/tinyusb/src/device/usbd_control.c.obj
 .bss._usbd_dev
                0x20001b38       0x53 CMakeFiles/picousbtest.dir/var/home/thonkpad/Documents/hw/sp2023/capstone/pico/pico-sdk/lib/tinyusb/src/device/usbd.c.obj
 *fill*         0x20001b8b        0x1 
 .bss._usbd_mutex
                0x20001b8c        0x4 CMakeFiles/picousbtest.dir/var/home/thonkpad/Documents/hw/sp2023/capstone/pico/pico-sdk/lib/tinyusb/src/device/usbd.c.obj
 .bss._usbd_q   0x20001b90        0x4 CMakeFiles/picousbtest.dir/var/home/thonkpad/Documents/hw/sp2023/capstone/pico/pico-sdk/lib/tinyusb/src/device/usbd.c.obj
 .bss._usbd_qdef_buf
                0x20001b94       0xc0 CMakeFiles/picousbtest.dir/var/home/thonkpad/Documents/hw/sp2023/capstone/pico/pico-sdk/lib/tinyusb/src/device/usbd.c.obj
                0x20001b94                _usbd_qdef_buf
 .bss.alarm_callbacks
                0x20001c54       0x10 CMakeFiles/picousbtest.dir/var/home/thonkpad/Documents/hw/sp2023/capstone/pico/pico-sdk/src/rp2_common/hardware_timer/timer.c.obj
 .bss.chars_available_callback
                0x20001c64        0x4 CMakeFiles/picousbtest.dir/var/home/thonkpad/Documents/hw/sp2023/capstone/pico/pico-sdk/src/rp2_common/pico_stdio_uart/stdio_uart.c.obj
 .bss.chars_available_param
                0x20001c68        0x4 CMakeFiles/picousbtest.dir/var/home/thonkpad/Documents/hw/sp2023/capstone/pico/pico-sdk/src/rp2_common/pico_stdio_uart/stdio_uart.c.obj
 .bss.claimed   0x20001c6c        0x4 CMakeFiles/picousbtest.dir/var/home/thonkpad/Documents/hw/sp2023/capstone/pico/pico-sdk/src/rp2_common/hardware_sync/sync.c.obj
 .bss.default_alarm_pool_entry_ids_high
                0x20001c70       0x10 CMakeFiles/picousbtest.dir/var/home/thonkpad/Documents/hw/sp2023/capstone/pico/pico-sdk/src/common/pico_time/time.c.obj
 .bss.default_alarm_pool_heap_nodes
                0x20001c80       0x30 CMakeFiles/picousbtest.dir/var/home/thonkpad/Documents/hw/sp2023/capstone/pico/pico-sdk/src/common/pico_time/time.c.obj
 .bss.drivers   0x20001cb0        0x4 CMakeFiles/picousbtest.dir/var/home/thonkpad/Documents/hw/sp2023/capstone/pico/pico-sdk/src/rp2_common/pico_stdio/stdio.c.obj
 .bss.e15_last_sof
                0x20001cb4        0x4 CMakeFiles/picousbtest.dir/var/home/thonkpad/Documents/hw/sp2023/capstone/pico/pico-sdk/lib/tinyusb/src/portable/raspberrypi/rp2040/rp2040_usb.c.obj
                0x20001cb4                e15_last_sof
 .bss.filter    0x20001cb8        0x4 CMakeFiles/picousbtest.dir/var/home/thonkpad/Documents/hw/sp2023/capstone/pico/pico-sdk/src/rp2_common/pico_stdio/stdio.c.obj
 .bss.heap_end.0
                0x20001cbc        0x4 CMakeFiles/picousbtest.dir/var/home/thonkpad/Documents/hw/sp2023/capstone/pico/pico-sdk/src/rp2_common/pico_runtime/runtime.c.obj
 .bss.hw_endpoints
                0x20001cc0      0x400 CMakeFiles/picousbtest.dir/var/home/thonkpad/Documents/hw/sp2023/capstone/pico/pico-sdk/lib/tinyusb/src/portable/raspberrypi/rp2040/dcd_rp2040.c.obj
 .bss.lazy_vsnprintf
                0x200020c0        0x4 CMakeFiles/picousbtest.dir/var/home/thonkpad/Documents/hw/sp2023/capstone/pico/pico-sdk/src/rp2_common/pico_printf/printf.c.obj
 .bss.next_buffer_ptr
                0x200020c4        0x4 CMakeFiles/picousbtest.dir/var/home/thonkpad/Documents/hw/sp2023/capstone/pico/pico-sdk/lib/tinyusb/src/portable/raspberrypi/rp2040/dcd_rp2040.c.obj
 .bss.pools     0x200020c8       0x10 CMakeFiles/picousbtest.dir/var/home/thonkpad/Documents/hw/sp2023/capstone/pico/pico-sdk/src/common/pico_time/time.c.obj
 .bss.sf_clz_func
                0x200020d8        0x4 CMakeFiles/picousbtest.dir/var/home/thonkpad/Documents/hw/sp2023/capstone/pico/pico-sdk/src/rp2_common/pico_double/double_init_rom.c.obj
                0x200020d8                sf_clz_func
 .bss.sleep_notifier
                0x200020dc        0x4 CMakeFiles/picousbtest.dir/var/home/thonkpad/Documents/hw/sp2023/capstone/pico/pico-sdk/src/common/pico_time/time.c.obj
 .bss.start_ms.1
                0x200020e0        0x4 CMakeFiles/picousbtest.dir/main.c.obj
 .bss.start_ms.5
                0x200020e4        0x4 CMakeFiles/picousbtest.dir/main.c.obj
 .bss.target_hi
                0x200020e8       0x10 CMakeFiles/picousbtest.dir/var/home/thonkpad/Documents/hw/sp2023/capstone/pico/pico-sdk/src/rp2_common/hardware_timer/timer.c.obj
 .bss.uart_char_to_line_feed
                0x200020f8        0x4 CMakeFiles/picousbtest.dir/var/home/thonkpad/Documents/hw/sp2023/capstone/pico/pico-sdk/src/rp2_common/hardware_uart/uart.c.obj
                0x200020f8                uart_char_to_line_feed
 .bss.uart_inst
                0x200020fc        0x4 CMakeFiles/picousbtest.dir/var/home/thonkpad/Documents/hw/sp2023/capstone/pico/pico-sdk/lib/tinyusb/hw/bsp/rp2040/family.c.obj
 .bss.uart_instance
                0x20002100        0x4 CMakeFiles/picousbtest.dir/var/home/thonkpad/Documents/hw/sp2023/capstone/pico/pico-sdk/src/rp2_common/pico_stdio_uart/stdio_uart.c.obj
 .bss._app_driver_count
                0x20002104        0x1 CMakeFiles/picousbtest.dir/var/home/thonkpad/Documents/hw/sp2023/capstone/pico/pico-sdk/lib/tinyusb/src/device/usbd.c.obj
 .bss._sof_enable
                0x20002105        0x1 CMakeFiles/picousbtest.dir/var/home/thonkpad/Documents/hw/sp2023/capstone/pico/pico-sdk/lib/tinyusb/src/portable/raspberrypi/rp2040/dcd_rp2040.c.obj
 .bss.claimed   0x20002106        0x1 CMakeFiles/picousbtest.dir/var/home/thonkpad/Documents/hw/sp2023/capstone/pico/pico-sdk/src/rp2_common/hardware_timer/timer.c.obj
 .bss.has_gamepad_key.2
                0x20002107        0x1 CMakeFiles/picousbtest.dir/main.c.obj
 .bss.irq_hander_chain_free_slot_head
                0x20002108        0x1 CMakeFiles/picousbtest.dir/var/home/thonkpad/Documents/hw/sp2023/capstone/pico/pico-sdk/src/rp2_common/hardware_irq/irq.c.obj
 .bss.led_state.0
                0x20002109        0x1 CMakeFiles/picousbtest.dir/main.c.obj
 .bss.timer_callbacks_pending
                0x2000210a        0x1 CMakeFiles/picousbtest.dir/var/home/thonkpad/Documents/hw/sp2023/capstone/pico/pico-sdk/src/rp2_common/hardware_timer/timer.c.obj
 *(COMMON)
                0x2000210c                        . = ALIGN (0x4)
 *fill*         0x2000210b        0x1 
                0x2000210c                        __bss_end__ = .

.heap           0x2000210c      0x800
                0x2000210c                        __end__ = .
                0x2000210c                        end = __end__
 *(.heap*)
 .heap          0x2000210c      0x800 CMakeFiles/picousbtest.dir/var/home/thonkpad/Documents/hw/sp2023/capstone/pico/pico-sdk/src/rp2_common/pico_standard_link/crt0.S.obj
                0x2000290c                        __HeapLimit = .

.stack1_dummy
 *(.stack1*)

.stack_dummy    0x20041000      0x800
 *(.stack*)
 .stack         0x20041000      0x800 CMakeFiles/picousbtest.dir/var/home/thonkpad/Documents/hw/sp2023/capstone/pico/pico-sdk/src/rp2_common/pico_standard_link/crt0.S.obj

.flash_end      0x10008778        0x0
                0x10008778                        __flash_binary_end = .
                0x20040000                        __StackLimit = (ORIGIN (RAM) + LENGTH (RAM))
                0x20041000                        __StackOneTop = (ORIGIN (SCRATCH_X) + LENGTH (SCRATCH_X))
                0x20042000                        __StackTop = (ORIGIN (SCRATCH_Y) + LENGTH (SCRATCH_Y))
                0x20041000                        __StackOneBottom = (__StackOneTop - SIZEOF (.stack1_dummy))
                0x20041800                        __StackBottom = (__StackTop - SIZEOF (.stack_dummy))
                0x20042000                        PROVIDE (__stack = __StackTop)
                0x00000001                        ASSERT ((__StackLimit >= __HeapLimit), region RAM overflowed)
                0x00000001                        ASSERT (((__binary_info_header_end - __logical_binary_start) <= 0x100), Binary info must be in first 256 bytes of the binary)
LOAD CMakeFiles/picousbtest.dir/main.c.obj
LOAD CMakeFiles/picousbtest.dir/usb_descriptors.c.obj
LOAD CMakeFiles/picousbtest.dir/nrf_receiver.c.obj
LOAD CMakeFiles/picousbtest.dir/var/home/thonkpad/Documents/hw/sp2023/capstone/pico/pico-sdk/src/rp2_common/pico_stdlib/stdlib.c.obj
LOAD CMakeFiles/picousbtest.dir/var/home/thonkpad/Documents/hw/sp2023/capstone/pico/pico-sdk/src/rp2_common/hardware_gpio/gpio.c.obj
LOAD CMakeFiles/picousbtest.dir/var/home/thonkpad/Documents/hw/sp2023/capstone/pico/pico-sdk/src/rp2_common/pico_platform/platform.c.obj
LOAD CMakeFiles/picousbtest.dir/var/home/thonkpad/Documents/hw/sp2023/capstone/pico/pico-sdk/src/rp2_common/hardware_claim/claim.c.obj
LOAD CMakeFiles/picousbtest.dir/var/home/thonkpad/Documents/hw/sp2023/capstone/pico/pico-sdk/src/rp2_common/hardware_sync/sync.c.obj
LOAD CMakeFiles/picousbtest.dir/var/home/thonkpad/Documents/hw/sp2023/capstone/pico/pico-sdk/src/rp2_common/hardware_irq/irq.c.obj
LOAD CMakeFiles/picousbtest.dir/var/home/thonkpad/Documents/hw/sp2023/capstone/pico/pico-sdk/src/rp2_common/hardware_irq/irq_handler_chain.S.obj
LOAD CMakeFiles/picousbtest.dir/var/home/thonkpad/Documents/hw/sp2023/capstone/pico/pico-sdk/src/common/pico_sync/sem.c.obj
LOAD CMakeFiles/picousbtest.dir/var/home/thonkpad/Documents/hw/sp2023/capstone/pico/pico-sdk/src/common/pico_sync/lock_core.c.obj
LOAD CMakeFiles/picousbtest.dir/var/home/thonkpad/Documents/hw/sp2023/capstone/pico/pico-sdk/src/common/pico_sync/mutex.c.obj
LOAD CMakeFiles/picousbtest.dir/var/home/thonkpad/Documents/hw/sp2023/capstone/pico/pico-sdk/src/common/pico_sync/critical_section.c.obj
LOAD CMakeFiles/picousbtest.dir/var/home/thonkpad/Documents/hw/sp2023/capstone/pico/pico-sdk/src/common/pico_time/time.c.obj
LOAD CMakeFiles/picousbtest.dir/var/home/thonkpad/Documents/hw/sp2023/capstone/pico/pico-sdk/src/common/pico_time/timeout_helper.c.obj
LOAD CMakeFiles/picousbtest.dir/var/home/thonkpad/Documents/hw/sp2023/capstone/pico/pico-sdk/src/rp2_common/hardware_timer/timer.c.obj
LOAD CMakeFiles/picousbtest.dir/var/home/thonkpad/Documents/hw/sp2023/capstone/pico/pico-sdk/src/common/pico_util/datetime.c.obj
LOAD CMakeFiles/picousbtest.dir/var/home/thonkpad/Documents/hw/sp2023/capstone/pico/pico-sdk/src/common/pico_util/pheap.c.obj
LOAD CMakeFiles/picousbtest.dir/var/home/thonkpad/Documents/hw/sp2023/capstone/pico/pico-sdk/src/common/pico_util/queue.c.obj
LOAD CMakeFiles/picousbtest.dir/var/home/thonkpad/Documents/hw/sp2023/capstone/pico/pico-sdk/src/rp2_common/hardware_uart/uart.c.obj
LOAD CMakeFiles/picousbtest.dir/var/home/thonkpad/Documents/hw/sp2023/capstone/pico/pico-sdk/src/rp2_common/hardware_clocks/clocks.c.obj
LOAD CMakeFiles/picousbtest.dir/var/home/thonkpad/Documents/hw/sp2023/capstone/pico/pico-sdk/src/rp2_common/hardware_pll/pll.c.obj
LOAD CMakeFiles/picousbtest.dir/var/home/thonkpad/Documents/hw/sp2023/capstone/pico/pico-sdk/src/rp2_common/hardware_vreg/vreg.c.obj
LOAD CMakeFiles/picousbtest.dir/var/home/thonkpad/Documents/hw/sp2023/capstone/pico/pico-sdk/src/rp2_common/hardware_watchdog/watchdog.c.obj
LOAD CMakeFiles/picousbtest.dir/var/home/thonkpad/Documents/hw/sp2023/capstone/pico/pico-sdk/src/rp2_common/hardware_xosc/xosc.c.obj
LOAD CMakeFiles/picousbtest.dir/var/home/thonkpad/Documents/hw/sp2023/capstone/pico/pico-sdk/src/rp2_common/hardware_divider/divider.S.obj
LOAD CMakeFiles/picousbtest.dir/var/home/thonkpad/Documents/hw/sp2023/capstone/pico/pico-sdk/src/rp2_common/pico_runtime/runtime.c.obj
LOAD CMakeFiles/picousbtest.dir/var/home/thonkpad/Documents/hw/sp2023/capstone/pico/pico-sdk/src/rp2_common/pico_printf/printf.c.obj
LOAD CMakeFiles/picousbtest.dir/var/home/thonkpad/Documents/hw/sp2023/capstone/pico/pico-sdk/src/rp2_common/pico_bit_ops/bit_ops_aeabi.S.obj
LOAD CMakeFiles/picousbtest.dir/var/home/thonkpad/Documents/hw/sp2023/capstone/pico/pico-sdk/src/rp2_common/pico_bootrom/bootrom.c.obj
LOAD CMakeFiles/picousbtest.dir/var/home/thonkpad/Documents/hw/sp2023/capstone/pico/pico-sdk/src/rp2_common/pico_divider/divider.S.obj
LOAD CMakeFiles/picousbtest.dir/var/home/thonkpad/Documents/hw/sp2023/capstone/pico/pico-sdk/src/rp2_common/pico_double/double_aeabi.S.obj
LOAD CMakeFiles/picousbtest.dir/var/home/thonkpad/Documents/hw/sp2023/capstone/pico/pico-sdk/src/rp2_common/pico_double/double_init_rom.c.obj
LOAD CMakeFiles/picousbtest.dir/var/home/thonkpad/Documents/hw/sp2023/capstone/pico/pico-sdk/src/rp2_common/pico_double/double_math.c.obj
LOAD CMakeFiles/picousbtest.dir/var/home/thonkpad/Documents/hw/sp2023/capstone/pico/pico-sdk/src/rp2_common/pico_double/double_v1_rom_shim.S.obj
LOAD CMakeFiles/picousbtest.dir/var/home/thonkpad/Documents/hw/sp2023/capstone/pico/pico-sdk/src/rp2_common/pico_int64_ops/pico_int64_ops_aeabi.S.obj
LOAD CMakeFiles/picousbtest.dir/var/home/thonkpad/Documents/hw/sp2023/capstone/pico/pico-sdk/src/rp2_common/pico_float/float_aeabi.S.obj
LOAD CMakeFiles/picousbtest.dir/var/home/thonkpad/Documents/hw/sp2023/capstone/pico/pico-sdk/src/rp2_common/pico_float/float_init_rom.c.obj
LOAD CMakeFiles/picousbtest.dir/var/home/thonkpad/Documents/hw/sp2023/capstone/pico/pico-sdk/src/rp2_common/pico_float/float_math.c.obj
LOAD CMakeFiles/picousbtest.dir/var/home/thonkpad/Documents/hw/sp2023/capstone/pico/pico-sdk/src/rp2_common/pico_float/float_v1_rom_shim.S.obj
LOAD CMakeFiles/picousbtest.dir/var/home/thonkpad/Documents/hw/sp2023/capstone/pico/pico-sdk/src/rp2_common/pico_malloc/pico_malloc.c.obj
LOAD CMakeFiles/picousbtest.dir/var/home/thonkpad/Documents/hw/sp2023/capstone/pico/pico-sdk/src/rp2_common/pico_mem_ops/mem_ops_aeabi.S.obj
LOAD CMakeFiles/picousbtest.dir/var/home/thonkpad/Documents/hw/sp2023/capstone/pico/pico-sdk/src/rp2_common/pico_standard_link/crt0.S.obj
LOAD CMakeFiles/picousbtest.dir/var/home/thonkpad/Documents/hw/sp2023/capstone/pico/pico-sdk/src/rp2_common/pico_standard_link/new_delete.cpp.obj
LOAD CMakeFiles/picousbtest.dir/var/home/thonkpad/Documents/hw/sp2023/capstone/pico/pico-sdk/src/rp2_common/pico_standard_link/binary_info.c.obj
LOAD CMakeFiles/picousbtest.dir/var/home/thonkpad/Documents/hw/sp2023/capstone/pico/pico-sdk/src/rp2_common/pico_stdio/stdio.c.obj
LOAD CMakeFiles/picousbtest.dir/var/home/thonkpad/Documents/hw/sp2023/capstone/pico/pico-sdk/src/rp2_common/pico_stdio_uart/stdio_uart.c.obj
LOAD CMakeFiles/picousbtest.dir/var/home/thonkpad/Documents/hw/sp2023/capstone/pico/pico-sdk/lib/tinyusb/src/portable/raspberrypi/rp2040/dcd_rp2040.c.obj
LOAD CMakeFiles/picousbtest.dir/var/home/thonkpad/Documents/hw/sp2023/capstone/pico/pico-sdk/lib/tinyusb/src/portable/raspberrypi/rp2040/rp2040_usb.c.obj
LOAD CMakeFiles/picousbtest.dir/var/home/thonkpad/Documents/hw/sp2023/capstone/pico/pico-sdk/lib/tinyusb/src/device/usbd.c.obj
LOAD CMakeFiles/picousbtest.dir/var/home/thonkpad/Documents/hw/sp2023/capstone/pico/pico-sdk/lib/tinyusb/src/device/usbd_control.c.obj
LOAD CMakeFiles/picousbtest.dir/var/home/thonkpad/Documents/hw/sp2023/capstone/pico/pico-sdk/lib/tinyusb/src/class/audio/audio_device.c.obj
LOAD CMakeFiles/picousbtest.dir/var/home/thonkpad/Documents/hw/sp2023/capstone/pico/pico-sdk/lib/tinyusb/src/class/cdc/cdc_device.c.obj
LOAD CMakeFiles/picousbtest.dir/var/home/thonkpad/Documents/hw/sp2023/capstone/pico/pico-sdk/lib/tinyusb/src/class/dfu/dfu_device.c.obj
LOAD CMakeFiles/picousbtest.dir/var/home/thonkpad/Documents/hw/sp2023/capstone/pico/pico-sdk/lib/tinyusb/src/class/dfu/dfu_rt_device.c.obj
LOAD CMakeFiles/picousbtest.dir/var/home/thonkpad/Documents/hw/sp2023/capstone/pico/pico-sdk/lib/tinyusb/src/class/hid/hid_device.c.obj
LOAD CMakeFiles/picousbtest.dir/var/home/thonkpad/Documents/hw/sp2023/capstone/pico/pico-sdk/lib/tinyusb/src/class/midi/midi_device.c.obj
LOAD CMakeFiles/picousbtest.dir/var/home/thonkpad/Documents/hw/sp2023/capstone/pico/pico-sdk/lib/tinyusb/src/class/msc/msc_device.c.obj
LOAD CMakeFiles/picousbtest.dir/var/home/thonkpad/Documents/hw/sp2023/capstone/pico/pico-sdk/lib/tinyusb/src/class/net/ecm_rndis_device.c.obj
LOAD CMakeFiles/picousbtest.dir/var/home/thonkpad/Documents/hw/sp2023/capstone/pico/pico-sdk/lib/tinyusb/src/class/net/ncm_device.c.obj
LOAD CMakeFiles/picousbtest.dir/var/home/thonkpad/Documents/hw/sp2023/capstone/pico/pico-sdk/lib/tinyusb/src/class/usbtmc/usbtmc_device.c.obj
LOAD CMakeFiles/picousbtest.dir/var/home/thonkpad/Documents/hw/sp2023/capstone/pico/pico-sdk/lib/tinyusb/src/class/vendor/vendor_device.c.obj
LOAD CMakeFiles/picousbtest.dir/var/home/thonkpad/Documents/hw/sp2023/capstone/pico/pico-sdk/lib/tinyusb/src/class/video/video_device.c.obj
LOAD CMakeFiles/picousbtest.dir/var/home/thonkpad/Documents/hw/sp2023/capstone/pico/pico-sdk/lib/tinyusb/src/tusb.c.obj
LOAD CMakeFiles/picousbtest.dir/var/home/thonkpad/Documents/hw/sp2023/capstone/pico/pico-sdk/lib/tinyusb/src/common/tusb_fifo.c.obj
LOAD CMakeFiles/picousbtest.dir/var/home/thonkpad/Documents/hw/sp2023/capstone/pico/pico-sdk/src/rp2_common/pico_fix/rp2040_usb_device_enumeration/rp2040_usb_device_enumeration.c.obj
LOAD CMakeFiles/picousbtest.dir/var/home/thonkpad/Documents/hw/sp2023/capstone/pico/pico-sdk/lib/tinyusb/hw/bsp/rp2040/family.c.obj
LOAD CMakeFiles/picousbtest.dir/var/home/thonkpad/Documents/hw/sp2023/capstone/pico/pico-sdk/src/rp2_common/hardware_spi/spi.c.obj
LOAD /tmp/cc1jImV5.o
LOAD /usr/lib/gcc/arm-none-eabi/12.2.1/../../../arm-none-eabi/lib/thumb/v6-m/nofp/libstdc++.a
LOAD /usr/lib/gcc/arm-none-eabi/12.2.1/../../../arm-none-eabi/lib/thumb/v6-m/nofp/libm.a
START GROUP
LOAD /usr/lib/gcc/arm-none-eabi/12.2.1/thumb/v6-m/nofp/libgcc.a
LOAD /usr/lib/gcc/arm-none-eabi/12.2.1/../../../arm-none-eabi/lib/thumb/v6-m/nofp/libc.a
END GROUP
START GROUP
LOAD /usr/lib/gcc/arm-none-eabi/12.2.1/thumb/v6-m/nofp/libgcc.a
LOAD /usr/lib/gcc/arm-none-eabi/12.2.1/../../../arm-none-eabi/lib/thumb/v6-m/nofp/libc.a
LOAD /usr/lib/gcc/arm-none-eabi/12.2.1/../../../arm-none-eabi/lib/thumb/v6-m/nofp/libnosys.a
END GROUP
LOAD /usr/lib/gcc/arm-none-eabi/12.2.1/thumb/v6-m/nofp/crtend.o
LOAD /usr/lib/gcc/arm-none-eabi/12.2.1/thumb/v6-m/nofp/crtn.o
OUTPUT(picousbtest.elf elf32-littlearm)
LOAD linker stubs

.ARM.attributes
                0x00000000       0x28
 .ARM.attributes
                0x00000000       0x1e /usr/lib/gcc/arm-none-eabi/12.2.1/thumb/v6-m/nofp/crti.o
 .ARM.attributes
                0x0000001e       0x2c /usr/lib/gcc/arm-none-eabi/12.2.1/thumb/v6-m/nofp/crtbegin.o
 .ARM.attributes
                0x0000004a       0x2c CMakeFiles/picousbtest.dir/main.c.obj
 .ARM.attributes
                0x00000076       0x2c CMakeFiles/picousbtest.dir/usb_descriptors.c.obj
 .ARM.attributes
                0x000000a2       0x2c CMakeFiles/picousbtest.dir/nrf_receiver.c.obj
 .ARM.attributes
                0x000000ce       0x2c CMakeFiles/picousbtest.dir/var/home/thonkpad/Documents/hw/sp2023/capstone/pico/pico-sdk/src/rp2_common/hardware_gpio/gpio.c.obj
 .ARM.attributes
                0x000000fa       0x2c CMakeFiles/picousbtest.dir/var/home/thonkpad/Documents/hw/sp2023/capstone/pico/pico-sdk/src/rp2_common/pico_platform/platform.c.obj
 .ARM.attributes
                0x00000126       0x2c CMakeFiles/picousbtest.dir/var/home/thonkpad/Documents/hw/sp2023/capstone/pico/pico-sdk/src/rp2_common/hardware_claim/claim.c.obj
 .ARM.attributes
                0x00000152       0x2c CMakeFiles/picousbtest.dir/var/home/thonkpad/Documents/hw/sp2023/capstone/pico/pico-sdk/src/rp2_common/hardware_sync/sync.c.obj
 .ARM.attributes
                0x0000017e       0x2c CMakeFiles/picousbtest.dir/var/home/thonkpad/Documents/hw/sp2023/capstone/pico/pico-sdk/src/rp2_common/hardware_irq/irq.c.obj
 .ARM.attributes
                0x000001aa       0x22 CMakeFiles/picousbtest.dir/var/home/thonkpad/Documents/hw/sp2023/capstone/pico/pico-sdk/src/rp2_common/hardware_irq/irq_handler_chain.S.obj
 .ARM.attributes
                0x000001cc       0x2c CMakeFiles/picousbtest.dir/var/home/thonkpad/Documents/hw/sp2023/capstone/pico/pico-sdk/src/common/pico_sync/lock_core.c.obj
 .ARM.attributes
                0x000001f8       0x2c CMakeFiles/picousbtest.dir/var/home/thonkpad/Documents/hw/sp2023/capstone/pico/pico-sdk/src/common/pico_sync/mutex.c.obj
 .ARM.attributes
                0x00000224       0x2c CMakeFiles/picousbtest.dir/var/home/thonkpad/Documents/hw/sp2023/capstone/pico/pico-sdk/src/common/pico_sync/critical_section.c.obj
 .ARM.attributes
                0x00000250       0x2c CMakeFiles/picousbtest.dir/var/home/thonkpad/Documents/hw/sp2023/capstone/pico/pico-sdk/src/common/pico_time/time.c.obj
 .ARM.attributes
                0x0000027c       0x2c CMakeFiles/picousbtest.dir/var/home/thonkpad/Documents/hw/sp2023/capstone/pico/pico-sdk/src/rp2_common/hardware_timer/timer.c.obj
 .ARM.attributes
                0x000002a8       0x2c CMakeFiles/picousbtest.dir/var/home/thonkpad/Documents/hw/sp2023/capstone/pico/pico-sdk/src/common/pico_util/pheap.c.obj
 .ARM.attributes
                0x000002d4       0x2c CMakeFiles/picousbtest.dir/var/home/thonkpad/Documents/hw/sp2023/capstone/pico/pico-sdk/src/rp2_common/hardware_uart/uart.c.obj
 .ARM.attributes
                0x00000300       0x2c CMakeFiles/picousbtest.dir/var/home/thonkpad/Documents/hw/sp2023/capstone/pico/pico-sdk/src/rp2_common/hardware_clocks/clocks.c.obj
 .ARM.attributes