Archive member included to satisfy reference by file (symbol)

/usr/lib/gcc/arm-none-eabi/12.2.1/thumb/v6-m/nofp/libgcc.a(_dvmd_tls.o)
                              CMakeFiles/picousbtest.dir/var/home/thonkpad/Documents/hw/sp2023/capstone/pico/pico-sdk/src/rp2_common/pico_divider/divider.S.obj (__aeabi_idiv0)
/usr/lib/gcc/arm-none-eabi/12.2.1/../../../arm-none-eabi/lib/thumb/v6-m/nofp/libc.a(lib_a-atexit.o)
                              /usr/lib/gcc/arm-none-eabi/12.2.1/../../../arm-none-eabi/lib/thumb/v6-m/nofp/crt0.o (atexit)
/usr/lib/gcc/arm-none-eabi/12.2.1/../../../arm-none-eabi/lib/thumb/v6-m/nofp/libc.a(lib_a-calloc.o)
                              CMakeFiles/picousbtest.dir/var/home/thonkpad/Documents/hw/sp2023/capstone/pico/pico-sdk/src/rp2_common/pico_malloc/pico_malloc.c.obj (calloc)
/usr/lib/gcc/arm-none-eabi/12.2.1/../../../arm-none-eabi/lib/thumb/v6-m/nofp/libc.a(lib_a-callocr.o)
                              /usr/lib/gcc/arm-none-eabi/12.2.1/../../../arm-none-eabi/lib/thumb/v6-m/nofp/libc.a(lib_a-calloc.o) (_calloc_r)
/usr/lib/gcc/arm-none-eabi/12.2.1/../../../arm-none-eabi/lib/thumb/v6-m/nofp/libc.a(lib_a-fini.o)
                              /usr/lib/gcc/arm-none-eabi/12.2.1/../../../arm-none-eabi/lib/thumb/v6-m/nofp/crt0.o (__libc_fini_array)
/usr/lib/gcc/arm-none-eabi/12.2.1/../../../arm-none-eabi/lib/thumb/v6-m/nofp/libc.a(lib_a-impure.o)
                              /usr/lib/gcc/arm-none-eabi/12.2.1/../../../arm-none-eabi/lib/thumb/v6-m/nofp/libc.a(lib_a-calloc.o) (_impure_ptr)
/usr/lib/gcc/arm-none-eabi/12.2.1/../../../arm-none-eabi/lib/thumb/v6-m/nofp/libc.a(lib_a-init.o)
                              /usr/lib/gcc/arm-none-eabi/12.2.1/../../../arm-none-eabi/lib/thumb/v6-m/nofp/crt0.o (__libc_init_array)
/usr/lib/gcc/arm-none-eabi/12.2.1/../../../arm-none-eabi/lib/thumb/v6-m/nofp/libc.a(lib_a-malloc.o)
                              CMakeFiles/picousbtest.dir/var/home/thonkpad/Documents/hw/sp2023/capstone/pico/pico-sdk/src/rp2_common/pico_malloc/pico_malloc.c.obj (malloc)
/usr/lib/gcc/arm-none-eabi/12.2.1/../../../arm-none-eabi/lib/thumb/v6-m/nofp/libc.a(lib_a-mallocr.o)
                              /usr/lib/gcc/arm-none-eabi/12.2.1/../../../arm-none-eabi/lib/thumb/v6-m/nofp/libc.a(lib_a-callocr.o) (_malloc_r)
/usr/lib/gcc/arm-none-eabi/12.2.1/../../../arm-none-eabi/lib/thumb/v6-m/nofp/libc.a(lib_a-mlock.o)
                              /usr/lib/gcc/arm-none-eabi/12.2.1/../../../arm-none-eabi/lib/thumb/v6-m/nofp/libc.a(lib_a-mallocr.o) (__malloc_lock)
/usr/lib/gcc/arm-none-eabi/12.2.1/../../../arm-none-eabi/lib/thumb/v6-m/nofp/libc.a(lib_a-realloc.o)
                              CMakeFiles/picousbtest.dir/var/home/thonkpad/Documents/hw/sp2023/capstone/pico/pico-sdk/src/rp2_common/pico_malloc/pico_malloc.c.obj (realloc)
/usr/lib/gcc/arm-none-eabi/12.2.1/../../../arm-none-eabi/lib/thumb/v6-m/nofp/libc.a(lib_a-reallocr.o)
                              /usr/lib/gcc/arm-none-eabi/12.2.1/../../../arm-none-eabi/lib/thumb/v6-m/nofp/libc.a(lib_a-realloc.o) (_realloc_r)
/usr/lib/gcc/arm-none-eabi/12.2.1/../../../arm-none-eabi/lib/thumb/v6-m/nofp/libc.a(lib_a-sbrkr.o)
                              /usr/lib/gcc/arm-none-eabi/12.2.1/../../../arm-none-eabi/lib/thumb/v6-m/nofp/libc.a(lib_a-mallocr.o) (_sbrk_r)
/usr/lib/gcc/arm-none-eabi/12.2.1/../../../arm-none-eabi/lib/thumb/v6-m/nofp/libc.a(lib_a-strlen-stub.o)
                              CMakeFiles/picousbtest.dir/usb_descriptors.c.obj (strlen)
/usr/lib/gcc/arm-none-eabi/12.2.1/../../../arm-none-eabi/lib/thumb/v6-m/nofp/libc.a(lib_a-__atexit.o)
                              /usr/lib/gcc/arm-none-eabi/12.2.1/../../../arm-none-eabi/lib/thumb/v6-m/nofp/libc.a(lib_a-atexit.o) (__register_exitproc)
/usr/lib/gcc/arm-none-eabi/12.2.1/../../../arm-none-eabi/lib/thumb/v6-m/nofp/libc.a(lib_a-freer.o)
                              /usr/lib/gcc/arm-none-eabi/12.2.1/../../../arm-none-eabi/lib/thumb/v6-m/nofp/libc.a(lib_a-malloc.o) (_free_r)
/usr/lib/gcc/arm-none-eabi/12.2.1/../../../arm-none-eabi/lib/thumb/v6-m/nofp/libc.a(lib_a-memmove.o)
                              /usr/lib/gcc/arm-none-eabi/12.2.1/../../../arm-none-eabi/lib/thumb/v6-m/nofp/libc.a(lib_a-reallocr.o) (memmove)
/usr/lib/gcc/arm-none-eabi/12.2.1/../../../arm-none-eabi/lib/thumb/v6-m/nofp/libc.a(lib_a-reent.o)
                              /usr/lib/gcc/arm-none-eabi/12.2.1/../../../arm-none-eabi/lib/thumb/v6-m/nofp/libc.a(lib_a-sbrkr.o) (errno)

Discarded input sections

 .text          0x00000000        0x0 /usr/lib/gcc/arm-none-eabi/12.2.1/thumb/v6-m/nofp/crti.o
 .data          0x00000000        0x0 /usr/lib/gcc/arm-none-eabi/12.2.1/thumb/v6-m/nofp/crti.o
 .bss           0x00000000        0x0 /usr/lib/gcc/arm-none-eabi/12.2.1/thumb/v6-m/nofp/crti.o
 .data          0x00000000        0x4 /usr/lib/gcc/arm-none-eabi/12.2.1/thumb/v6-m/nofp/crtbegin.o
 .rodata        0x00000000       0x24 /usr/lib/gcc/arm-none-eabi/12.2.1/thumb/v6-m/nofp/crtbegin.o
[...]
Memory Configuration

Name             Origin             Length             Attributes
FLASH            0x10000000         0x00200000         xr
RAM              0x20000000         0x00040000         xrw
SCRATCH_X        0x20040000         0x00001000         xrw
SCRATCH_Y        0x20041000         0x00001000         xrw
*default*        0x00000000         0xffffffff

Linker script and memory map

LOAD /usr/lib/gcc/arm-none-eabi/12.2.1/thumb/v6-m/nofp/crti.o
LOAD /usr/lib/gcc/arm-none-eabi/12.2.1/thumb/v6-m/nofp/crtbegin.o
LOAD /usr/lib/gcc/arm-none-eabi/12.2.1/../../../arm-none-eabi/lib/thumb/v6-m/nofp/crt0.o

.flash_begin    0x10000000        0x0
                0x10000000                        __flash_binary_start = .

.boot2          0x10000000      0x100
                0x10000000                        __boot2_start__ = .
 *(.boot2)
 .boot2         0x10000000      0x100 /tmp/cc1fZWMB.o
                0x10000100                        __boot2_end__ = .
                0x00000001                        ASSERT (((__boot2_end__ - __boot2_start__) == 0x100), ERROR: Pico second stage bootloader must be 256 bytes in size)

.text           0x10000100     0x42a0
                0x10000100                        __logical_binary_start = .
 *(.vectors)
 .vectors       0x10000100       0xd4 CMakeFiles/picousbtest.dir/var/home/thonkpad/Documents/hw/sp2023/capstone/pico/pico-sdk/src/rp2_common/pico_standard_link/crt0.S.obj
                0x10000100                __vectors
                0x10000100                __VECTOR_TABLE
                0x100001c0                isr_invalid
                0x100001c0                __default_isrs_start
                0x100001c2                isr_nmi
                0x100001c4                isr_hardfault
                0x100001c6                isr_svcall
                0x100001c8                isr_pendsv
                0x100001ca                isr_systick
                0x100001cc                isr_irq30
                0x100001cc                __unhandled_user_irq
                0x100001cc                isr_irq13
                0x100001cc                isr_irq27
                0x100001cc                isr_irq31
                0x100001cc                isr_irq5
                0x100001cc                isr_irq11
                0x100001cc                isr_irq23
                0x100001cc                isr_irq18
                0x100001cc                isr_irq28
                0x100001cc                isr_irq19
                0x100001cc                isr_irq0
                0x100001cc                isr_irq6
                0x100001cc                isr_irq22
                0x100001cc                isr_irq17
                0x100001cc                isr_irq14
                0x100001cc                isr_irq2
                0x100001cc                isr_irq10
                0x100001cc                isr_irq8
                0x100001cc                isr_irq24
                0x100001cc                isr_irq1
                0x100001cc                isr_irq7
                0x100001cc                isr_irq21
                0x100001cc                isr_irq20
                0x100001cc                isr_irq15
                0x100001cc                isr_irq25
                0x100001cc                isr_irq4
                0x100001cc                isr_irq16
                0x100001cc                isr_irq29
                0x100001cc                isr_irq26
                0x100001cc                __default_isrs_end
                0x100001cc                isr_irq3
                0x100001cc                isr_irq12
                0x100001cc                isr_irq9
                0x100001d2                unhandled_user_irq_num_in_r0
 *(.binary_info_header)
 .binary_info_header
                0x100001d4       0x14 CMakeFiles/picousbtest.dir/var/home/thonkpad/Documents/hw/sp2023/capstone/pico/pico-sdk/src/rp2_common/pico_standard_link/crt0.S.obj
                0x100001e8                        __binary_info_header_end = .
 *(.reset)
 .reset         0x100001e8       0xa0 CMakeFiles/picousbtest.dir/var/home/thonkpad/Documents/hw/sp2023/capstone/pico/pico-sdk/src/rp2_common/pico_standard_link/crt0.S.obj
                0x100001e8                _entry_point
 .reset         0x10000288       0x30 CMakeFiles/picousbtest.dir/var/home/thonkpad/Documents/hw/sp2023/capstone/pico/pico-sdk/src/rp2_common/pico_standard_link/binary_info.c.obj
 *(.init)
 .init          0x100002b8        0x4 /usr/lib/gcc/arm-none-eabi/12.2.1/thumb/v6-m/nofp/crti.o
                0x100002b8                _init
 *(EXCLUDE_FILE(*libm.a: *libc.a:*lib_a-mem*.o *libgcc.a:) .text*)
 .text          0x100002bc       0x98 /usr/lib/gcc/arm-none-eabi/12.2.1/thumb/v6-m/nofp/crtbegin.o
 .text.tud_mount_cb
                0x10000354       0x10 CMakeFiles/picousbtest.dir/main.c.obj
                0x10000354                tud_mount_cb
 .text.tud_umount_cb
                0x10000364        0xc CMakeFiles/picousbtest.dir/main.c.obj
                0x10000364                tud_umount_cb
 .text.tud_suspend_cb
                0x10000370       0x10 CMakeFiles/picousbtest.dir/main.c.obj
                0x10000370                tud_suspend_cb
 .text.tud_resume_cb
                0x10000380       0x10 CMakeFiles/picousbtest.dir/main.c.obj
                0x10000380                tud_resume_cb
 .text.hid_task
                0x10000390       0xb0 CMakeFiles/picousbtest.dir/main.c.obj
                0x10000390                hid_task
 .text.startup.main
                0x10000440       0x6c CMakeFiles/picousbtest.dir/main.c.obj
                0x10000440                main
 .text.tud_hid_report_complete_cb
                0x100004ac      0x118 CMakeFiles/picousbtest.dir/main.c.obj
                0x100004ac                tud_hid_report_complete_cb
 .text.tud_hid_get_report_cb
                0x100005c4        0x4 CMakeFiles/picousbtest.dir/main.c.obj
                0x100005c4                tud_hid_get_report_cb
 .text.tud_hid_set_report_cb
                0x100005c8       0x3c CMakeFiles/picousbtest.dir/main.c.obj
                0x100005c8                tud_hid_set_report_cb
 .text.tud_descriptor_device_cb
                0x10000604        0x8 CMakeFiles/picousbtest.dir/usb_descriptors.c.obj
                0x10000604                tud_descriptor_device_cb
 .text.tud_hid_descriptor_report_cb
                0x1000060c        0x8 CMakeFiles/picousbtest.dir/usb_descriptors.c.obj
                0x1000060c                tud_hid_descriptor_report_cb
 .text.tud_descriptor_configuration_cb
                0x10000614        0x8 CMakeFiles/picousbtest.dir/usb_descriptors.c.obj
                0x10000614                tud_descriptor_configuration_cb
 .text.tud_descriptor_string_cb
                0x1000061c       0x7c CMakeFiles/picousbtest.dir/usb_descriptors.c.obj
                0x1000061c                tud_descriptor_string_cb
 .text.gpio_set_function
                0x10000698       0x30 CMakeFiles/picousbtest.dir/var/home/thonkpad/Documents/hw/sp2023/capstone/pico/pico-sdk/src/rp2_common/hardware_gpio/gpio.c.obj
                0x10000698                gpio_set_function
 .text.gpio_init
                0x100006c8       0x3c CMakeFiles/picousbtest.dir/var/home/thonkpad/Documents/hw/sp2023/capstone/pico/pico-sdk/src/rp2_common/hardware_gpio/gpio.c.obj
                0x100006c8                gpio_init
 .text.running_on_fpga
                0x10000704       0x10 CMakeFiles/picousbtest.dir/var/home/thonkpad/Documents/hw/sp2023/capstone/pico/pico-sdk/src/rp2_common/pico_platform/platform.c.obj
                0x10000704                running_on_fpga
 .text.hw_claim_or_assert
                0x10000714       0x44 CMakeFiles/picousbtest.dir/var/home/thonkpad/Documents/hw/sp2023/capstone/pico/pico-sdk/src/rp2_common/hardware_claim/claim.c.obj
                0x10000714                hw_claim_or_assert
 .text.hw_claim_unused_from_range
                0x10000758       0x9c CMakeFiles/picousbtest.dir/var/home/thonkpad/Documents/hw/sp2023/capstone/pico/pico-sdk/src/rp2_common/hardware_claim/claim.c.obj
                0x10000758                hw_claim_unused_from_range
 .text.spin_locks_reset
                0x100007f4       0x1c CMakeFiles/picousbtest.dir/var/home/thonkpad/Documents/hw/sp2023/capstone/pico/pico-sdk/src/rp2_common/hardware_sync/sync.c.obj
                0x100007f4                spin_locks_reset
 .text.next_striped_spin_lock_num
                0x10000810       0x18 CMakeFiles/picousbtest.dir/var/home/thonkpad/Documents/hw/sp2023/capstone/pico/pico-sdk/src/rp2_common/hardware_sync/sync.c.obj
                0x10000810                next_striped_spin_lock_num
 .text.spin_lock_claim_unused
                0x10000828       0x24 CMakeFiles/picousbtest.dir/var/home/thonkpad/Documents/hw/sp2023/capstone/pico/pico-sdk/src/rp2_common/hardware_sync/sync.c.obj
                0x10000828                spin_lock_claim_unused
 .text.irq_set_enabled
                0x1000084c       0x24 CMakeFiles/picousbtest.dir/var/home/thonkpad/Documents/hw/sp2023/capstone/pico/pico-sdk/src/rp2_common/hardware_irq/irq.c.obj
                0x1000084c                irq_set_enabled
 .text.irq_get_vtable_handler
                0x10000870       0x10 CMakeFiles/picousbtest.dir/var/home/thonkpad/Documents/hw/sp2023/capstone/pico/pico-sdk/src/rp2_common/hardware_irq/irq.c.obj
                0x10000870                irq_get_vtable_handler
 .text.irq_set_exclusive_handler
                0x10000880       0x54 CMakeFiles/picousbtest.dir/var/home/thonkpad/Documents/hw/sp2023/capstone/pico/pico-sdk/src/rp2_common/hardware_irq/irq.c.obj
                0x10000880                irq_set_exclusive_handler
 .text.irq_add_shared_handler
                0x100008d4      0x1f4 CMakeFiles/picousbtest.dir/var/home/thonkpad/Documents/hw/sp2023/capstone/pico/pico-sdk/src/rp2_common/hardware_irq/irq.c.obj
                0x100008d4                irq_add_shared_handler
 .text.irq_remove_handler
                0x10000ac8      0x1c4 CMakeFiles/picousbtest.dir/var/home/thonkpad/Documents/hw/sp2023/capstone/pico/pico-sdk/src/rp2_common/hardware_irq/irq.c.obj
                0x10000ac8                irq_remove_handler
 .text.irq_add_tail_to_free_list
                0x10000c8c       0xb4 CMakeFiles/picousbtest.dir/var/home/thonkpad/Documents/hw/sp2023/capstone/pico/pico-sdk/src/rp2_common/hardware_irq/irq.c.obj
                0x10000c8c                irq_add_tail_to_free_list
 .text.irq_init_priorities
                0x10000d40       0x24 CMakeFiles/picousbtest.dir/var/home/thonkpad/Documents/hw/sp2023/capstone/pico/pico-sdk/src/rp2_common/hardware_irq/irq.c.obj
                0x10000d40                irq_init_priorities
 .text.lock_init
                0x10000d64       0x10 CMakeFiles/picousbtest.dir/var/home/thonkpad/Documents/hw/sp2023/capstone/pico/pico-sdk/src/common/pico_sync/lock_core.c.obj
                0x10000d64                lock_init
 .text.mutex_init
                0x10000d74       0x1c CMakeFiles/picousbtest.dir/var/home/thonkpad/Documents/hw/sp2023/capstone/pico/pico-sdk/src/common/pico_sync/mutex.c.obj
                0x10000d74                mutex_init
 .text.recursive_mutex_init
                0x10000d90       0x1c CMakeFiles/picousbtest.dir/var/home/thonkpad/Documents/hw/sp2023/capstone/pico/pico-sdk/src/common/pico_sync/mutex.c.obj
                0x10000d90                recursive_mutex_init
 .text.critical_section_init
                0x10000dac       0x1c CMakeFiles/picousbtest.dir/var/home/thonkpad/Documents/hw/sp2023/capstone/pico/pico-sdk/src/common/pico_sync/critical_section.c.obj
                0x10000dac                critical_section_init
 .text.timer_pool_entry_comparator
                0x10000dc8       0x34 CMakeFiles/picousbtest.dir/var/home/thonkpad/Documents/hw/sp2023/capstone/pico/pico-sdk/src/common/pico_time/time.c.obj
                0x10000dc8                timer_pool_entry_comparator
 .text.sleep_until_callback
                0x10000dfc       0x30 CMakeFiles/picousbtest.dir/var/home/thonkpad/Documents/hw/sp2023/capstone/pico/pico-sdk/src/common/pico_time/time.c.obj
 .text.add_alarm_under_lock.isra.0
                0x10000e2c      0x100 CMakeFiles/picousbtest.dir/var/home/thonkpad/Documents/hw/sp2023/capstone/pico/pico-sdk/src/common/pico_time/time.c.obj
 .text.alarm_pool_alarm_callback
                0x10000f2c      0x1bc CMakeFiles/picousbtest.dir/var/home/thonkpad/Documents/hw/sp2023/capstone/pico/pico-sdk/src/common/pico_time/time.c.obj
 .text.alarm_pool_init_default
                0x100010e8       0x6c CMakeFiles/picousbtest.dir/var/home/thonkpad/Documents/hw/sp2023/capstone/pico/pico-sdk/src/common/pico_time/time.c.obj
                0x100010e8                alarm_pool_init_default
 .text.alarm_pool_add_alarm_at
                0x10001154      0x188 CMakeFiles/picousbtest.dir/var/home/thonkpad/Documents/hw/sp2023/capstone/pico/pico-sdk/src/common/pico_time/time.c.obj
                0x10001154                alarm_pool_add_alarm_at
 .text.alarm_pool_cancel_alarm
                0x100012dc       0x6c CMakeFiles/picousbtest.dir/var/home/thonkpad/Documents/hw/sp2023/capstone/pico/pico-sdk/src/common/pico_time/time.c.obj
                0x100012dc                alarm_pool_cancel_alarm
 .text.best_effort_wfe_or_timeout
                0x10001348       0x78 CMakeFiles/picousbtest.dir/var/home/thonkpad/Documents/hw/sp2023/capstone/pico/pico-sdk/src/common/pico_time/time.c.obj
                0x10001348                best_effort_wfe_or_timeout
 .text.hardware_alarm_irq_handler
                0x100013c0       0xbc CMakeFiles/picousbtest.dir/var/home/thonkpad/Documents/hw/sp2023/capstone/pico/pico-sdk/src/rp2_common/hardware_timer/timer.c.obj
 .text.hardware_alarm_claim
                0x1000147c       0x18 CMakeFiles/picousbtest.dir/var/home/thonkpad/Documents/hw/sp2023/capstone/pico/pico-sdk/src/rp2_common/hardware_timer/timer.c.obj
                0x1000147c                hardware_alarm_claim
 .text.time_us_64
                0x10001494       0x14 CMakeFiles/picousbtest.dir/var/home/thonkpad/Documents/hw/sp2023/capstone/pico/pico-sdk/src/rp2_common/hardware_timer/timer.c.obj
                0x10001494                time_us_64
 .text.hardware_alarm_set_callback
                0x100014a8       0x8c CMakeFiles/picousbtest.dir/var/home/thonkpad/Documents/hw/sp2023/capstone/pico/pico-sdk/src/rp2_common/hardware_timer/timer.c.obj
                0x100014a8                hardware_alarm_set_callback
 .text.hardware_alarm_set_target
                0x10001534       0xdc CMakeFiles/picousbtest.dir/var/home/thonkpad/Documents/hw/sp2023/capstone/pico/pico-sdk/src/rp2_common/hardware_timer/timer.c.obj
                0x10001534                hardware_alarm_set_target
 .text.hardware_alarm_cancel
                0x10001610       0x3c CMakeFiles/picousbtest.dir/var/home/thonkpad/Documents/hw/sp2023/capstone/pico/pico-sdk/src/rp2_common/hardware_timer/timer.c.obj
                0x10001610                hardware_alarm_cancel
 .text.ph_merge_nodes
                0x1000164c       0x64 CMakeFiles/picousbtest.dir/var/home/thonkpad/Documents/hw/sp2023/capstone/pico/pico-sdk/src/common/pico_util/pheap.c.obj
 .text.ph_post_alloc_init
                0x100016b0       0x3c CMakeFiles/picousbtest.dir/var/home/thonkpad/Documents/hw/sp2023/capstone/pico/pico-sdk/src/common/pico_util/pheap.c.obj
                0x100016b0                ph_post_alloc_init
 .text.ph_merge_two_pass
                0x100016ec       0x98 CMakeFiles/picousbtest.dir/var/home/thonkpad/Documents/hw/sp2023/capstone/pico/pico-sdk/src/common/pico_util/pheap.c.obj
                0x100016ec                ph_merge_two_pass
 .text.ph_remove_any_head
                0x10001784      0x100 CMakeFiles/picousbtest.dir/var/home/thonkpad/Documents/hw/sp2023/capstone/pico/pico-sdk/src/common/pico_util/pheap.c.obj
 .text.ph_remove_head
                0x10001884      0x104 CMakeFiles/picousbtest.dir/var/home/thonkpad/Documents/hw/sp2023/capstone/pico/pico-sdk/src/common/pico_util/pheap.c.obj
                0x10001884                ph_remove_head
 .text.ph_remove_and_free_node
                0x10001988       0x78 CMakeFiles/picousbtest.dir/var/home/thonkpad/Documents/hw/sp2023/capstone/pico/pico-sdk/src/common/pico_util/pheap.c.obj
                0x10001988                ph_remove_and_free_node
 .text.uart_init
                0x10001a00       0xe0 CMakeFiles/picousbtest.dir/var/home/thonkpad/Documents/hw/sp2023/capstone/pico/pico-sdk/src/rp2_common/hardware_uart/uart.c.obj
                0x10001a00                uart_init
 .text.clocks_init
                0x10001ae0      0x2b4 CMakeFiles/picousbtest.dir/var/home/thonkpad/Documents/hw/sp2023/capstone/pico/pico-sdk/src/rp2_common/hardware_clocks/clocks.c.obj
                0x10001ae0                clocks_init
 .text.clock_get_hz
                0x10001d94        0xc CMakeFiles/picousbtest.dir/var/home/thonkpad/Documents/hw/sp2023/capstone/pico/pico-sdk/src/rp2_common/hardware_clocks/clocks.c.obj
                0x10001d94                clock_get_hz
 .text.pll_init
                0x10001da0       0xa8 CMakeFiles/picousbtest.dir/var/home/thonkpad/Documents/hw/sp2023/capstone/pico/pico-sdk/src/rp2_common/hardware_pll/pll.c.obj
                0x10001da0                pll_init
 .text.watchdog_start_tick
                0x10001e48       0x10 CMakeFiles/picousbtest.dir/var/home/thonkpad/Documents/hw/sp2023/capstone/pico/pico-sdk/src/rp2_common/hardware_watchdog/watchdog.c.obj
                0x10001e48                watchdog_start_tick
 .text.xosc_init
                0x10001e58       0x28 CMakeFiles/picousbtest.dir/var/home/thonkpad/Documents/hw/sp2023/capstone/pico/pico-sdk/src/rp2_common/hardware_xosc/xosc.c.obj
                0x10001e58                xosc_init
 .text.runtime_init
                0x10001e80       0xf0 CMakeFiles/picousbtest.dir/var/home/thonkpad/Documents/hw/sp2023/capstone/pico/pico-sdk/src/rp2_common/pico_runtime/runtime.c.obj
                0x10001e80                runtime_init
 .text._exit    0x10001f70        0x4 CMakeFiles/picousbtest.dir/var/home/thonkpad/Documents/hw/sp2023/capstone/pico/pico-sdk/src/rp2_common/pico_runtime/runtime.c.obj
                0x10001f70                _exit
 .text.exit     0x10001f74        0x8 CMakeFiles/picousbtest.dir/var/home/thonkpad/Documents/hw/sp2023/capstone/pico/pico-sdk/src/rp2_common/pico_runtime/runtime.c.obj
                0x10001f74                exit
 .text.panic    0x10001f7c       0x30 CMakeFiles/picousbtest.dir/var/home/thonkpad/Documents/hw/sp2023/capstone/pico/pico-sdk/src/rp2_common/pico_runtime/runtime.c.obj
                0x10001f7c                panic
 .text.hard_assertion_failure
                0x10001fac        0xc CMakeFiles/picousbtest.dir/var/home/thonkpad/Documents/hw/sp2023/capstone/pico/pico-sdk/src/rp2_common/pico_runtime/runtime.c.obj
                0x10001fac                hard_assertion_failure
 .text._out_char
                0x10001fb8       0x10 CMakeFiles/picousbtest.dir/var/home/thonkpad/Documents/hw/sp2023/capstone/pico/pico-sdk/src/rp2_common/pico_printf/printf.c.obj
 .text.weak_raw_vprintf
                0x10001fc8       0x30 CMakeFiles/picousbtest.dir/var/home/thonkpad/Documents/hw/sp2023/capstone/pico/pico-sdk/src/rp2_common/pico_printf/printf.c.obj
                0x10001fc8                weak_raw_vprintf
 .text          0x10001ff8       0x10 CMakeFiles/picousbtest.dir/var/home/thonkpad/Documents/hw/sp2023/capstone/pico/pico-sdk/src/rp2_common/pico_bit_ops/bit_ops_aeabi.S.obj
 .text.rom_func_lookup
                0x10002008       0x10 CMakeFiles/picousbtest.dir/var/home/thonkpad/Documents/hw/sp2023/capstone/pico/pico-sdk/src/rp2_common/pico_bootrom/bootrom.c.obj
                0x10002008                rom_func_lookup
 .text.rom_data_lookup
                0x10002018       0x10 CMakeFiles/picousbtest.dir/var/home/thonkpad/Documents/hw/sp2023/capstone/pico/pico-sdk/src/rp2_common/pico_bootrom/bootrom.c.obj
                0x10002018                rom_data_lookup
 .text.rom_funcs_lookup
                0x10002028       0x44 CMakeFiles/picousbtest.dir/var/home/thonkpad/Documents/hw/sp2023/capstone/pico/pico-sdk/src/rp2_common/pico_bootrom/bootrom.c.obj
                0x10002028                rom_funcs_lookup
 .text.__wrap___aeabi_uidiv
                0x1000206c       0x4c CMakeFiles/picousbtest.dir/var/home/thonkpad/Documents/hw/sp2023/capstone/pico/pico-sdk/src/rp2_common/pico_divider/divider.S.obj
                0x1000206c                __wrap___aeabi_uidiv
                0x1000206c                __wrap___aeabi_uidivmod
                0x1000206c                div_u32u32
                0x1000206c                divmod_u32u32
                0x10002074                divmod_u32u32_unsafe
                0x1000209c                divmod_u32u32_savestate
 .text.__wrap___aeabi_ldiv
                0x100020b8      0x424 CMakeFiles/picousbtest.dir/var/home/thonkpad/Documents/hw/sp2023/capstone/pico/pico-sdk/src/rp2_common/pico_divider/divider.S.obj
                0x100020b8                div_s64s64
                0x100020b8                divmod_s64s64
                0x100020b8                __wrap___aeabi_ldivmod
                0x100020e8                div_u64u64
                0x100020e8                divmod_u64u64
                0x100020e8                __wrap___aeabi_uldivmod
                0x100020f8                divmod_u64u64_savestate
                0x10002118                divmod_s64s64_unsafe
                0x100021a0                divmod_u64u64_unsafe
 .text.__aeabi_double_init
                0x100024dc       0x98 CMakeFiles/picousbtest.dir/var/home/thonkpad/Documents/hw/sp2023/capstone/pico/pico-sdk/src/rp2_common/pico_double/double_init_rom.c.obj
                0x100024dc                __aeabi_double_init
 .text.double_table_shim_on_use_helper
                0x10002574       0x2c CMakeFiles/picousbtest.dir/var/home/thonkpad/Documents/hw/sp2023/capstone/pico/pico-sdk/src/rp2_common/pico_double/double_v1_rom_shim.S.obj
                0x10002574                double_table_shim_on_use_helper
 .text.__aeabi_lmul
                0x100025a0       0x32 CMakeFiles/picousbtest.dir/var/home/thonkpad/Documents/hw/sp2023/capstone/pico/pico-sdk/src/rp2_common/pico_int64_ops/pico_int64_ops_aeabi.S.obj
                0x100025a0                __wrap___aeabi_lmul
 *fill*         0x100025d2        0x2 
 .text.__aeabi_float_init
                0x100025d4       0x64 CMakeFiles/picousbtest.dir/var/home/thonkpad/Documents/hw/sp2023/capstone/pico/pico-sdk/src/rp2_common/pico_float/float_init_rom.c.obj
                0x100025d4                __aeabi_float_init
 .text.float_table_shim_on_use_helper
                0x10002638       0x2c CMakeFiles/picousbtest.dir/var/home/thonkpad/Documents/hw/sp2023/capstone/pico/pico-sdk/src/rp2_common/pico_float/float_v1_rom_shim.S.obj
                0x10002638                float_table_shim_on_use_helper
 .text          0x10002664       0x10 CMakeFiles/picousbtest.dir/var/home/thonkpad/Documents/hw/sp2023/capstone/pico/pico-sdk/src/rp2_common/pico_mem_ops/mem_ops_aeabi.S.obj
                0x10002664                __aeabi_mem_init
 .text.memset   0x10002674        0xc CMakeFiles/picousbtest.dir/var/home/thonkpad/Documents/hw/sp2023/capstone/pico/pico-sdk/src/rp2_common/pico_mem_ops/mem_ops_aeabi.S.obj
                0x10002674                __wrap_memset
 .text.memcpy   0x10002680        0xc CMakeFiles/picousbtest.dir/var/home/thonkpad/Documents/hw/sp2023/capstone/pico/pico-sdk/src/rp2_common/pico_mem_ops/mem_ops_aeabi.S.obj
                0x10002680                __wrap___aeabi_memcpy
                0x10002680                __wrap_memcpy
 .text.stdio_out_chars_crlf
                0x1000268c       0xbc CMakeFiles/picousbtest.dir/var/home/thonkpad/Documents/hw/sp2023/capstone/pico/pico-sdk/src/rp2_common/pico_stdio/stdio.c.obj
 .text.__wrap_putchar
                0x10002748       0x98 CMakeFiles/picousbtest.dir/var/home/thonkpad/Documents/hw/sp2023/capstone/pico/pico-sdk/src/rp2_common/pico_stdio/stdio.c.obj
                0x10002748                __wrap_putchar
 .text.__wrap_puts
                0x100027e0       0xe0 CMakeFiles/picousbtest.dir/var/home/thonkpad/Documents/hw/sp2023/capstone/pico/pico-sdk/src/rp2_common/pico_stdio/stdio.c.obj
                0x100027e0                __wrap_puts
 .text.stdio_set_driver_enabled
                0x100028c0       0x30 CMakeFiles/picousbtest.dir/var/home/thonkpad/Documents/hw/sp2023/capstone/pico/pico-sdk/src/rp2_common/pico_stdio/stdio.c.obj
                0x100028c0                stdio_set_driver_enabled
 .text.stdio_uart_out_chars
                0x100028f0       0x4c CMakeFiles/picousbtest.dir/var/home/thonkpad/Documents/hw/sp2023/capstone/pico/pico-sdk/src/rp2_common/pico_stdio_uart/stdio_uart.c.obj
 .text.stdio_uart_in_chars
                0x1000293c       0x98 CMakeFiles/picousbtest.dir/var/home/thonkpad/Documents/hw/sp2023/capstone/pico/pico-sdk/src/rp2_common/pico_stdio_uart/stdio_uart.c.obj
                0x1000293c                stdio_uart_in_chars
 .text.on_uart_rx
                0x100029d4       0x28 CMakeFiles/picousbtest.dir/var/home/thonkpad/Documents/hw/sp2023/capstone/pico/pico-sdk/src/rp2_common/pico_stdio_uart/stdio_uart.c.obj
 .text.stdio_uart_set_chars_available_callback
                0x100029fc       0x8c CMakeFiles/picousbtest.dir/var/home/thonkpad/Documents/hw/sp2023/capstone/pico/pico-sdk/src/rp2_common/pico_stdio_uart/stdio_uart.c.obj
 .text.stdio_uart_init_full
                0x10002a88       0x3c CMakeFiles/picousbtest.dir/var/home/thonkpad/Documents/hw/sp2023/capstone/pico/pico-sdk/src/rp2_common/pico_stdio_uart/stdio_uart.c.obj
                0x10002a88                stdio_uart_init_full
 .text.dcd_int_enable
                0x10002ac4        0xc CMakeFiles/picousbtest.dir/var/home/thonkpad/Documents/hw/sp2023/capstone/pico/pico-sdk/lib/tinyusb/src/portable/raspberrypi/rp2040/dcd_rp2040.c.obj
                0x10002ac4                dcd_int_enable
 .text.dcd_set_address
                0x10002ad0       0x14 CMakeFiles/picousbtest.dir/var/home/thonkpad/Documents/hw/sp2023/capstone/pico/pico-sdk/lib/tinyusb/src/portable/raspberrypi/rp2040/dcd_rp2040.c.obj
                0x10002ad0                dcd_set_address
 .text.dcd_remote_wakeup
                0x10002ae4       0x18 CMakeFiles/picousbtest.dir/var/home/thonkpad/Documents/hw/sp2023/capstone/pico/pico-sdk/lib/tinyusb/src/portable/raspberrypi/rp2040/dcd_rp2040.c.obj
                0x10002ae4                dcd_remote_wakeup
 .text.dcd_connect
                0x10002afc       0x10 CMakeFiles/picousbtest.dir/var/home/thonkpad/Documents/hw/sp2023/capstone/pico/pico-sdk/lib/tinyusb/src/portable/raspberrypi/rp2040/dcd_rp2040.c.obj
                0x10002afc                dcd_connect
 .text.dcd_init
                0x10002b0c       0x98 CMakeFiles/picousbtest.dir/var/home/thonkpad/Documents/hw/sp2023/capstone/pico/pico-sdk/lib/tinyusb/src/portable/raspberrypi/rp2040/dcd_rp2040.c.obj
                0x10002b0c                dcd_init
 .text.dcd_edpt0_status_complete
                0x10002ba4       0x1c CMakeFiles/picousbtest.dir/var/home/thonkpad/Documents/hw/sp2023/capstone/pico/pico-sdk/lib/tinyusb/src/portable/raspberrypi/rp2040/dcd_rp2040.c.obj
                0x10002ba4                dcd_edpt0_status_complete
 .text.dcd_edpt_open
                0x10002bc0      0x108 CMakeFiles/picousbtest.dir/var/home/thonkpad/Documents/hw/sp2023/capstone/pico/pico-sdk/lib/tinyusb/src/portable/raspberrypi/rp2040/dcd_rp2040.c.obj
                0x10002bc0                dcd_edpt_open
 .text.dcd_edpt_close_all
                0x10002cc8        0x8 CMakeFiles/picousbtest.dir/var/home/thonkpad/Documents/hw/sp2023/capstone/pico/pico-sdk/lib/tinyusb/src/portable/raspberrypi/rp2040/dcd_rp2040.c.obj
                0x10002cc8                dcd_edpt_close_all
 .text.dcd_edpt_xfer
                0x10002cd0       0x24 CMakeFiles/picousbtest.dir/var/home/thonkpad/Documents/hw/sp2023/capstone/pico/pico-sdk/lib/tinyusb/src/portable/raspberrypi/rp2040/dcd_rp2040.c.obj
                0x10002cd0                dcd_edpt_xfer
 .text.dcd_edpt_stall
                0x10002cf4       0x38 CMakeFiles/picousbtest.dir/var/home/thonkpad/Documents/hw/sp2023/capstone/pico/pico-sdk/lib/tinyusb/src/portable/raspberrypi/rp2040/dcd_rp2040.c.obj
                0x10002cf4                dcd_edpt_stall
 .text.dcd_edpt_clear_stall
                0x10002d2c       0x30 CMakeFiles/picousbtest.dir/var/home/thonkpad/Documents/hw/sp2023/capstone/pico/pico-sdk/lib/tinyusb/src/portable/raspberrypi/rp2040/dcd_rp2040.c.obj
                0x10002d2c                dcd_edpt_clear_stall
 .text.rp2040_usb_init
                0x10002d5c       0x4c CMakeFiles/picousbtest.dir/var/home/thonkpad/Documents/hw/sp2023/capstone/pico/pico-sdk/lib/tinyusb/src/portable/raspberrypi/rp2040/rp2040_usb.c.obj
                0x10002d5c                rp2040_usb_init
 .text.hw_endpoint_xfer_start
                0x10002da8       0x40 CMakeFiles/picousbtest.dir/var/home/thonkpad/Documents/hw/sp2023/capstone/pico/pico-sdk/lib/tinyusb/src/portable/raspberrypi/rp2040/rp2040_usb.c.obj
                0x10002da8                hw_endpoint_xfer_start
 .text.tud_mounted
                0x10002de8       0x10 CMakeFiles/picousbtest.dir/var/home/thonkpad/Documents/hw/sp2023/capstone/pico/pico-sdk/lib/tinyusb/src/device/usbd.c.obj
                0x10002de8                tud_mounted
 .text.tud_suspended
                0x10002df8       0x10 CMakeFiles/picousbtest.dir/var/home/thonkpad/Documents/hw/sp2023/capstone/pico/pico-sdk/lib/tinyusb/src/device/usbd.c.obj
                0x10002df8                tud_suspended
 .text.tud_remote_wakeup
                0x10002e08       0x30 CMakeFiles/picousbtest.dir/var/home/thonkpad/Documents/hw/sp2023/capstone/pico/pico-sdk/lib/tinyusb/src/device/usbd.c.obj
                0x10002e08                tud_remote_wakeup
 .text.tud_inited
                0x10002e38       0x14 CMakeFiles/picousbtest.dir/var/home/thonkpad/Documents/hw/sp2023/capstone/pico/pico-sdk/lib/tinyusb/src/device/usbd.c.obj
                0x10002e38                tud_inited
 .text.tud_init
                0x10002e4c       0xd8 CMakeFiles/picousbtest.dir/var/home/thonkpad/Documents/hw/sp2023/capstone/pico/pico-sdk/lib/tinyusb/src/device/usbd.c.obj
                0x10002e4c                tud_init
 .text.tud_task_ext
                0x10002f24      0x89c CMakeFiles/picousbtest.dir/var/home/thonkpad/Documents/hw/sp2023/capstone/pico/pico-sdk/lib/tinyusb/src/device/usbd.c.obj
                0x10002f24                tud_task_ext
 .text.usbd_open_edpt_pair
                0x100037c0       0x9c CMakeFiles/picousbtest.dir/var/home/thonkpad/Documents/hw/sp2023/capstone/pico/pico-sdk/lib/tinyusb/src/device/usbd.c.obj
                0x100037c0                usbd_open_edpt_pair
 .text.usbd_edpt_claim
                0x1000385c       0x28 CMakeFiles/picousbtest.dir/var/home/thonkpad/Documents/hw/sp2023/capstone/pico/pico-sdk/lib/tinyusb/src/device/usbd.c.obj
                0x1000385c                usbd_edpt_claim
 .text.usbd_edpt_xfer
                0x10003884       0x4c CMakeFiles/picousbtest.dir/var/home/thonkpad/Documents/hw/sp2023/capstone/pico/pico-sdk/lib/tinyusb/src/device/usbd.c.obj
                0x10003884                usbd_edpt_xfer
 .text.usbd_edpt_busy
                0x100038d0       0x1c CMakeFiles/picousbtest.dir/var/home/thonkpad/Documents/hw/sp2023/capstone/pico/pico-sdk/lib/tinyusb/src/device/usbd.c.obj
                0x100038d0                usbd_edpt_busy
 .text.tud_control_status
                0x100038ec       0x2c CMakeFiles/picousbtest.dir/var/home/thonkpad/Documents/hw/sp2023/capstone/pico/pico-sdk/lib/tinyusb/src/device/usbd_control.c.obj
                0x100038ec                tud_control_status
 .text.tud_control_xfer
                0x10003918       0xac CMakeFiles/picousbtest.dir/var/home/thonkpad/Documents/hw/sp2023/capstone/pico/pico-sdk/lib/tinyusb/src/device/usbd_control.c.obj
                0x10003918                tud_control_xfer
 .text.usbd_control_reset
                0x100039c4       0x14 CMakeFiles/picousbtest.dir/var/home/thonkpad/Documents/hw/sp2023/capstone/pico/pico-sdk/lib/tinyusb/src/device/usbd_control.c.obj
                0x100039c4                usbd_control_reset
 .text.usbd_control_set_complete_callback
                0x100039d8        0xc CMakeFiles/picousbtest.dir/var/home/thonkpad/Documents/hw/sp2023/capstone/pico/pico-sdk/lib/tinyusb/src/device/usbd_control.c.obj
                0x100039d8                usbd_control_set_complete_callback
 .text.usbd_control_set_request
                0x100039e4       0x1c CMakeFiles/picousbtest.dir/var/home/thonkpad/Documents/hw/sp2023/capstone/pico/pico-sdk/lib/tinyusb/src/device/usbd_control.c.obj
                0x100039e4                usbd_control_set_request
 .text.usbd_control_xfer_cb
                0x10003a00       0xf4 CMakeFiles/picousbtest.dir/var/home/thonkpad/Documents/hw/sp2023/capstone/pico/pico-sdk/lib/tinyusb/src/device/usbd_control.c.obj
                0x10003a00                usbd_control_xfer_cb
 .text.tud_hid_n_ready
                0x10003af4       0x38 CMakeFiles/picousbtest.dir/var/home/thonkpad/Documents/hw/sp2023/capstone/pico/pico-sdk/lib/tinyusb/src/class/hid/hid_device.c.obj
                0x10003af4                tud_hid_n_ready
 .text.tud_hid_n_report
                0x10003b2c       0x90 CMakeFiles/picousbtest.dir/var/home/thonkpad/Documents/hw/sp2023/capstone/pico/pico-sdk/lib/tinyusb/src/class/hid/hid_device.c.obj
                0x10003b2c                tud_hid_n_report
 .text.tud_hid_n_keyboard_report
                0x10003bbc       0x8c CMakeFiles/picousbtest.dir/var/home/thonkpad/Documents/hw/sp2023/capstone/pico/pico-sdk/lib/tinyusb/src/class/hid/hid_device.c.obj
                0x10003bbc                tud_hid_n_keyboard_report
 .text.tud_hid_n_mouse_report
                0x10003c48       0xa4 CMakeFiles/picousbtest.dir/var/home/thonkpad/Documents/hw/sp2023/capstone/pico/pico-sdk/lib/tinyusb/src/class/hid/hid_device.c.obj
                0x10003c48                tud_hid_n_mouse_report
 .text.hidd_init
                0x10003cec       0x14 CMakeFiles/picousbtest.dir/var/home/thonkpad/Documents/hw/sp2023/capstone/pico/pico-sdk/lib/tinyusb/src/class/hid/hid_device.c.obj
                0x10003cec                hidd_init
 .text.hidd_reset
                0x10003d00       0x14 CMakeFiles/picousbtest.dir/var/home/thonkpad/Documents/hw/sp2023/capstone/pico/pico-sdk/lib/tinyusb/src/class/hid/hid_device.c.obj
                0x10003d00                hidd_reset
 .text.hidd_open
                0x10003d14       0x88 CMakeFiles/picousbtest.dir/var/home/thonkpad/Documents/hw/sp2023/capstone/pico/pico-sdk/lib/tinyusb/src/class/hid/hid_device.c.obj
                0x10003d14                hidd_open
 .text.hidd_control_xfer_cb
                0x10003d9c      0x1c4 CMakeFiles/picousbtest.dir/var/home/thonkpad/Documents/hw/sp2023/capstone/pico/pico-sdk/lib/tinyusb/src/class/hid/hid_device.c.obj
                0x10003d9c                hidd_control_xfer_cb
 .text.hidd_xfer_cb
                0x10003f60       0x60 CMakeFiles/picousbtest.dir/var/home/thonkpad/Documents/hw/sp2023/capstone/pico/pico-sdk/lib/tinyusb/src/class/hid/hid_device.c.obj
                0x10003f60                hidd_xfer_cb
 .text.tusb_init
                0x10003fc0        0xc CMakeFiles/picousbtest.dir/var/home/thonkpad/Documents/hw/sp2023/capstone/pico/pico-sdk/lib/tinyusb/src/tusb.c.obj
                0x10003fc0                tusb_init
 .text.tusb_inited
                0x10003fcc        0x8 CMakeFiles/picousbtest.dir/var/home/thonkpad/Documents/hw/sp2023/capstone/pico/pico-sdk/lib/tinyusb/src/tusb.c.obj
                0x10003fcc                tusb_inited
 .text.tu_edpt_claim
                0x10003fd4       0x50 CMakeFiles/picousbtest.dir/var/home/thonkpad/Documents/hw/sp2023/capstone/pico/pico-sdk/lib/tinyusb/src/tusb.c.obj
                0x10003fd4                tu_edpt_claim
 .text.tu_edpt_validate
                0x10004024       0x7c CMakeFiles/picousbtest.dir/var/home/thonkpad/Documents/hw/sp2023/capstone/pico/pico-sdk/lib/tinyusb/src/tusb.c.obj
                0x10004024                tu_edpt_validate
 .text.tu_edpt_bind_driver
                0x100040a0       0x34 CMakeFiles/picousbtest.dir/var/home/thonkpad/Documents/hw/sp2023/capstone/pico/pico-sdk/lib/tinyusb/src/tusb.c.obj
                0x100040a0                tu_edpt_bind_driver
 .text.tu_fifo_read
                0x100040d4       0x9c CMakeFiles/picousbtest.dir/var/home/thonkpad/Documents/hw/sp2023/capstone/pico/pico-sdk/lib/tinyusb/src/common/tusb_fifo.c.obj
                0x100040d4                tu_fifo_read
 .text.tu_fifo_write
                0x10004170       0x88 CMakeFiles/picousbtest.dir/var/home/thonkpad/Documents/hw/sp2023/capstone/pico/pico-sdk/lib/tinyusb/src/common/tusb_fifo.c.obj
                0x10004170                tu_fifo_write
 .text.tu_fifo_clear
                0x100041f8       0x40 CMakeFiles/picousbtest.dir/var/home/thonkpad/Documents/hw/sp2023/capstone/pico/pico-sdk/lib/tinyusb/src/common/tusb_fifo.c.obj
                0x100041f8                tu_fifo_clear
 .text.board_init
                0x10004238       0x30 CMakeFiles/picousbtest.dir/var/home/thonkpad/Documents/hw/sp2023/capstone/pico/pico-sdk/lib/tinyusb/hw/bsp/rp2040/family.c.obj
                0x10004238                board_init
 .text.board_led_write
                0x10004268       0x14 CMakeFiles/picousbtest.dir/var/home/thonkpad/Documents/hw/sp2023/capstone/pico/pico-sdk/lib/tinyusb/hw/bsp/rp2040/family.c.obj
                0x10004268                board_led_write
 .text.board_button_read
                0x1000427c       0x10 CMakeFiles/picousbtest.dir/var/home/thonkpad/Documents/hw/sp2023/capstone/pico/pico-sdk/lib/tinyusb/hw/bsp/rp2040/family.c.obj
                0x1000427c                board_button_read
 .text          0x1000428c       0x5c /usr/lib/gcc/arm-none-eabi/12.2.1/../../../arm-none-eabi/lib/thumb/v6-m/nofp/libc.a(lib_a-strlen-stub.o)
                0x1000428c                strlen
 *(.fini)
 .fini          0x100042e8        0x4 /usr/lib/gcc/arm-none-eabi/12.2.1/thumb/v6-m/nofp/crti.o
                0x100042e8                _fini
 *fill*         0x100042ec        0x4 
 .fini.__stub   0x100042f0       0xb0 linker stubs
 *crtbegin.o(.ctors)
 *crtbegin?.o(.ctors)
 *(EXCLUDE_FILE(*crtend.o *crtend?.o) .ctors)
 *(SORT_BY_NAME(.ctors.*))
 *(.ctors)
 *crtbegin.o(.dtors)
 *crtbegin?.o(.dtors)
 *(EXCLUDE_FILE(*crtend.o *crtend?.o) .dtors)
 *(SORT_BY_NAME(.dtors.*))
 *(.dtors)
 *(.eh_frame*)
 .eh_frame      0x100043a0        0x0 /usr/lib/gcc/arm-none-eabi/12.2.1/thumb/v6-m/nofp/crtbegin.o
                0x100043a0                        . = ALIGN (0x4)

.glue_7         0x100043a0        0x0
 .glue_7        0x100043a0        0x0 linker stubs

.glue_7t        0x100043a0        0x0
 .glue_7t       0x100043a0        0x0 linker stubs

.vfp11_veneer   0x100043a0        0x0
 .vfp11_veneer  0x100043a0        0x0 linker stubs

.v4_bx          0x100043a0        0x0
 .v4_bx         0x100043a0        0x0 linker stubs

.iplt           0x100043a0        0x0
 .iplt          0x100043a0        0x0 /usr/lib/gcc/arm-none-eabi/12.2.1/thumb/v6-m/nofp/crtbegin.o

.rodata         0x100043a0      0x2bc
 *(EXCLUDE_FILE(*libm.a: *libc.a:*lib_a-mem*.o *libgcc.a:) .rodata*)
 .rodata.str1.4
                0x100043a0       0x1d CMakeFiles/picousbtest.dir/usb_descriptors.c.obj
 *fill*         0x100043bd        0x3 
 .rodata.__compound_literal.0
                0x100043c0        0x2 CMakeFiles/picousbtest.dir/usb_descriptors.c.obj
 *fill*         0x100043c2        0x2 
 .rodata.desc_configuration
                0x100043c4       0x22 CMakeFiles/picousbtest.dir/usb_descriptors.c.obj
                0x100043c4                desc_configuration
 *fill*         0x100043e6        0x2 
 .rodata.desc_hid_report
                0x100043e8       0x44 CMakeFiles/picousbtest.dir/usb_descriptors.c.obj
                0x100043e8                desc_hid_report
 .rodata.desc_device
                0x1000442c       0x12 CMakeFiles/picousbtest.dir/usb_descriptors.c.obj
                0x1000442c                desc_device
 *fill*         0x1000443e        0x2 
 .rodata.spin_lock_claim_unused.str1.4
                0x10004440       0x1b CMakeFiles/picousbtest.dir/var/home/thonkpad/Documents/hw/sp2023/capstone/pico/pico-sdk/src/rp2_common/hardware_sync/sync.c.obj
 *fill*         0x1000445b        0x1 
 .rodata.hardware_alarm_claim.str1.4
                0x1000445c       0x22 CMakeFiles/picousbtest.dir/var/home/thonkpad/Documents/hw/sp2023/capstone/pico/pico-sdk/src/rp2_common/hardware_timer/timer.c.obj
 *fill*         0x1000447e        0x2 
 .rodata.panic.str1.4
                0x10004480       0x12 CMakeFiles/picousbtest.dir/var/home/thonkpad/Documents/hw/sp2023/capstone/pico/pico-sdk/src/rp2_common/pico_runtime/runtime.c.obj
 *fill*         0x10004492        0x2 
 .rodata.hard_assertion_failure.str1.4
                0x10004494        0xc CMakeFiles/picousbtest.dir/var/home/thonkpad/Documents/hw/sp2023/capstone/pico/pico-sdk/src/rp2_common/pico_runtime/runtime.c.obj
 .rodata.str1.4
                0x100044a0       0x40 CMakeFiles/picousbtest.dir/var/home/thonkpad/Documents/hw/sp2023/capstone/pico/pico-sdk/src/rp2_common/pico_standard_link/binary_info.c.obj
 .rodata.__bi_81
                0x100044e0        0xc CMakeFiles/picousbtest.dir/var/home/thonkpad/Documents/hw/sp2023/capstone/pico/pico-sdk/src/rp2_common/pico_standard_link/binary_info.c.obj
 .rodata.__bi_75
                0x100044ec        0xc CMakeFiles/picousbtest.dir/var/home/thonkpad/Documents/hw/sp2023/capstone/pico/pico-sdk/src/rp2_common/pico_standard_link/binary_info.c.obj
 .rodata.__bi_44
                0x100044f8        0xc CMakeFiles/picousbtest.dir/var/home/thonkpad/Documents/hw/sp2023/capstone/pico/pico-sdk/src/rp2_common/pico_standard_link/binary_info.c.obj
 .rodata.crlf_str.0
                0x10004504        0x2 CMakeFiles/picousbtest.dir/var/home/thonkpad/Documents/hw/sp2023/capstone/pico/pico-sdk/src/rp2_common/pico_stdio/stdio.c.obj
 *fill*         0x10004506        0x2 
 .rodata.str1.4
                0x10004508       0x14 CMakeFiles/picousbtest.dir/var/home/thonkpad/Documents/hw/sp2023/capstone/pico/pico-sdk/lib/tinyusb/src/portable/raspberrypi/rp2040/dcd_rp2040.c.obj
 .rodata.str1.4
                0x1000451c       0x53 CMakeFiles/picousbtest.dir/var/home/thonkpad/Documents/hw/sp2023/capstone/pico/pico-sdk/lib/tinyusb/src/portable/raspberrypi/rp2040/rp2040_usb.c.obj
 *fill*         0x1000456f        0x1 
 .rodata.tud_task_ext
                0x10004570       0x8c CMakeFiles/picousbtest.dir/var/home/thonkpad/Documents/hw/sp2023/capstone/pico/pico-sdk/lib/tinyusb/src/device/usbd.c.obj
 .rodata._usbd_driver
                0x100045fc       0x18 CMakeFiles/picousbtest.dir/var/home/thonkpad/Documents/hw/sp2023/capstone/pico/pico-sdk/lib/tinyusb/src/device/usbd.c.obj
 .rodata.hidd_control_xfer_cb
                0x10004614       0x30 CMakeFiles/picousbtest.dir/var/home/thonkpad/Documents/hw/sp2023/capstone/pico/pico-sdk/lib/tinyusb/src/class/hid/hid_device.c.obj
 .rodata.str1.4
                0x10004644        0x4 CMakeFiles/picousbtest.dir/var/home/thonkpad/Documents/hw/sp2023/capstone/pico/pico-sdk/lib/tinyusb/hw/bsp/rp2040/family.c.obj
 .rodata.__bi_142.0
                0x10004648        0xc CMakeFiles/picousbtest.dir/var/home/thonkpad/Documents/hw/sp2023/capstone/pico/pico-sdk/lib/tinyusb/hw/bsp/rp2040/family.c.obj
 .rodata.__bi_152.1
                0x10004654        0x8 CMakeFiles/picousbtest.dir/var/home/thonkpad/Documents/hw/sp2023/capstone/pico/pico-sdk/lib/tinyusb/hw/bsp/rp2040/family.c.obj
                0x1000465c                        . = ALIGN (0x4)
 *(SORT_BY_ALIGNMENT(SORT_BY_NAME(.flashdata*)))
                0x1000465c                        . = ALIGN (0x4)

.rel.dyn        0x1000465c        0x0
 .rel.iplt      0x1000465c        0x0 /usr/lib/gcc/arm-none-eabi/12.2.1/thumb/v6-m/nofp/crtbegin.o

.ARM.extab
 *(.ARM.extab* .gnu.linkonce.armextab.*)
                0x1000465c                        __exidx_start = .

.ARM.exidx
 *(.ARM.exidx* .gnu.linkonce.armexidx.*)
                0x1000465c                        __exidx_end = .
                0x1000465c                        . = ALIGN (0x4)
                0x1000465c                        __binary_info_start = .

.binary_info    0x1000465c       0x24
 *(.binary_info.keep.*)
 .binary_info.keep.__bi_ptr81
                0x1000465c        0x4 CMakeFiles/picousbtest.dir/var/home/thonkpad/Documents/hw/sp2023/capstone/pico/pico-sdk/src/rp2_common/pico_standard_link/binary_info.c.obj
 .binary_info.keep.__bi_ptr75
                0x10004660        0x4 CMakeFiles/picousbtest.dir/var/home/thonkpad/Documents/hw/sp2023/capstone/pico/pico-sdk/src/rp2_common/pico_standard_link/binary_info.c.obj
 .binary_info.keep.__bi_ptr50
                0x10004664        0x4 CMakeFiles/picousbtest.dir/var/home/thonkpad/Documents/hw/sp2023/capstone/pico/pico-sdk/src/rp2_common/pico_standard_link/binary_info.c.obj
 .binary_info.keep.__bi_ptr44
                0x10004668        0x4 CMakeFiles/picousbtest.dir/var/home/thonkpad/Documents/hw/sp2023/capstone/pico/pico-sdk/src/rp2_common/pico_standard_link/binary_info.c.obj
 .binary_info.keep.__bi_ptr38
                0x1000466c        0x4 CMakeFiles/picousbtest.dir/var/home/thonkpad/Documents/hw/sp2023/capstone/pico/pico-sdk/src/rp2_common/pico_standard_link/binary_info.c.obj
 .binary_info.keep.__bi_ptr30
                0x10004670        0x4 CMakeFiles/picousbtest.dir/var/home/thonkpad/Documents/hw/sp2023/capstone/pico/pico-sdk/src/rp2_common/pico_standard_link/binary_info.c.obj
 .binary_info.keep.__bi_ptr22
                0x10004674        0x4 CMakeFiles/picousbtest.dir/var/home/thonkpad/Documents/hw/sp2023/capstone/pico/pico-sdk/src/rp2_common/pico_standard_link/binary_info.c.obj
 .binary_info.keep.__bi_ptr152
                0x10004678        0x4 CMakeFiles/picousbtest.dir/var/home/thonkpad/Documents/hw/sp2023/capstone/pico/pico-sdk/lib/tinyusb/hw/bsp/rp2040/family.c.obj
 .binary_info.keep.__bi_ptr142
                0x1000467c        0x4 CMakeFiles/picousbtest.dir/var/home/thonkpad/Documents/hw/sp2023/capstone/pico/pico-sdk/lib/tinyusb/hw/bsp/rp2040/family.c.obj
 *(.binary_info.*)
                0x10004680                        __binary_info_end = .
                0x10004680                        . = ALIGN (0x4)
                0x10004680                        __etext = .

.ram_vector_table
                0x20000000       0xc0
 *(.ram_vector_table)
 .ram_vector_table
                0x20000000       0xc0 CMakeFiles/picousbtest.dir/var/home/thonkpad/Documents/hw/sp2023/capstone/pico/pico-sdk/src/rp2_common/pico_runtime/runtime.c.obj
                0x20000000                ram_vector_table

.data           0x200000c0      0xd1c load address 0x10004680
                0x200000c0                        __data_start__ = .
 *(vtable)
 *(.time_critical*)
 .time_critical.mutex_try_enter_block_until
                0x200000c0       0x9c CMakeFiles/picousbtest.dir/var/home/thonkpad/Documents/hw/sp2023/capstone/pico/pico-sdk/src/common/pico_sync/mutex.c.obj
                0x200000c0                mutex_try_enter_block_until
 .time_critical.mutex_enter_timeout_ms
                0x2000015c       0x90 CMakeFiles/picousbtest.dir/var/home/thonkpad/Documents/hw/sp2023/capstone/pico/pico-sdk/src/common/pico_sync/mutex.c.obj
                0x2000015c                mutex_enter_timeout_ms
 .time_critical.mutex_exit
                0x200001ec       0x28 CMakeFiles/picousbtest.dir/var/home/thonkpad/Documents/hw/sp2023/capstone/pico/pico-sdk/src/common/pico_sync/mutex.c.obj
                0x200001ec                mutex_exit
 .time_critical.reset_non_control_endpoints
                0x20000214       0x68 CMakeFiles/picousbtest.dir/var/home/thonkpad/Documents/hw/sp2023/capstone/pico/pico-sdk/lib/tinyusb/src/portable/raspberrypi/rp2040/dcd_rp2040.c.obj
 .time_critical.hw_handle_buff_status
                0x2000027c       0xac CMakeFiles/picousbtest.dir/var/home/thonkpad/Documents/hw/sp2023/capstone/pico/pico-sdk/lib/tinyusb/src/portable/raspberrypi/rp2040/dcd_rp2040.c.obj
 .time_critical.dcd_rp2040_irq
                0x20000328      0x510 CMakeFiles/picousbtest.dir/var/home/thonkpad/Documents/hw/sp2023/capstone/pico/pico-sdk/lib/tinyusb/src/portable/raspberrypi/rp2040/dcd_rp2040.c.obj
 .time_critical.e15_is_bulkin_ep
                0x20000838       0x28 CMakeFiles/picousbtest.dir/var/home/thonkpad/Documents/hw/sp2023/capstone/pico/pico-sdk/lib/tinyusb/src/portable/raspberrypi/rp2040/rp2040_usb.c.obj
 .time_critical.e15_is_critical_frame_period
                0x20000860       0x34 CMakeFiles/picousbtest.dir/var/home/thonkpad/Documents/hw/sp2023/capstone/pico/pico-sdk/lib/tinyusb/src/portable/raspberrypi/rp2040/rp2040_usb.c.obj
 .time_critical.prepare_ep_buffer
                0x20000894       0x6c CMakeFiles/picousbtest.dir/var/home/thonkpad/Documents/hw/sp2023/capstone/pico/pico-sdk/lib/tinyusb/src/portable/raspberrypi/rp2040/rp2040_usb.c.obj
 .time_critical.sync_ep_buffer
                0x20000900       0x48 CMakeFiles/picousbtest.dir/var/home/thonkpad/Documents/hw/sp2023/capstone/pico/pico-sdk/lib/tinyusb/src/portable/raspberrypi/rp2040/rp2040_usb.c.obj
 .time_critical._hw_endpoint_xfer_sync
                0x20000948       0x28 CMakeFiles/picousbtest.dir/var/home/thonkpad/Documents/hw/sp2023/capstone/pico/pico-sdk/lib/tinyusb/src/portable/raspberrypi/rp2040/rp2040_usb.c.obj
 .time_critical.hw_endpoint_reset_transfer
                0x20000970        0xc CMakeFiles/picousbtest.dir/var/home/thonkpad/Documents/hw/sp2023/capstone/pico/pico-sdk/lib/tinyusb/src/portable/raspberrypi/rp2040/rp2040_usb.c.obj
                0x20000970                hw_endpoint_reset_transfer
 .time_critical._hw_endpoint_buffer_control_update32
                0x2000097c       0x58 CMakeFiles/picousbtest.dir/var/home/thonkpad/Documents/hw/sp2023/capstone/pico/pico-sdk/lib/tinyusb/src/portable/raspberrypi/rp2040/rp2040_usb.c.obj
                0x2000097c                _hw_endpoint_buffer_control_update32
 .time_critical.hw_endpoint_start_next_buffer
                0x200009d4       0x6c CMakeFiles/picousbtest.dir/var/home/thonkpad/Documents/hw/sp2023/capstone/pico/pico-sdk/lib/tinyusb/src/portable/raspberrypi/rp2040/rp2040_usb.c.obj
                0x200009d4                hw_endpoint_start_next_buffer
 .time_critical.hw_endpoint_xfer_continue
                0x20000a40       0x50 CMakeFiles/picousbtest.dir/var/home/thonkpad/Documents/hw/sp2023/capstone/pico/pico-sdk/lib/tinyusb/src/portable/raspberrypi/rp2040/rp2040_usb.c.obj
                0x20000a40                hw_endpoint_xfer_continue
 .time_critical.tinyusb
                0x20000a90      0x170 CMakeFiles/picousbtest.dir/var/home/thonkpad/Documents/hw/sp2023/capstone/pico/pico-sdk/lib/tinyusb/src/device/usbd.c.obj
                0x20000a90                dcd_event_handler
 .time_critical.get_bootsel_button
                0x20000c00       0x60 CMakeFiles/picousbtest.dir/var/home/thonkpad/Documents/hw/sp2023/capstone/pico/pico-sdk/lib/tinyusb/hw/bsp/rp2040/family.c.obj
                0x20000c00                get_bootsel_button
 *(.text*)
 .text          0x20000c60        0x4 /usr/lib/gcc/arm-none-eabi/12.2.1/thumb/v6-m/nofp/libgcc.a(_dvmd_tls.o)
                0x20000c60                __aeabi_ldiv0
                0x20000c60                __aeabi_idiv0
 *fill*         0x20000c64        0x4 
 .text.__stub   0x20000c68       0x70 linker stubs
                0x20000cd8                        . = ALIGN (0x4)
 *(.rodata*)
                0x20000cd8                        . = ALIGN (0x4)
 *(.data*)
 .data.blink_interval_ms
                0x20000cd8        0x4 CMakeFiles/picousbtest.dir/main.c.obj
 .data.string_desc_arr
                0x20000cdc       0x10 CMakeFiles/picousbtest.dir/usb_descriptors.c.obj
                0x20000cdc                string_desc_arr
 .data.striped_spin_lock_num
                0x20000cec        0x1 CMakeFiles/picousbtest.dir/var/home/thonkpad/Documents/hw/sp2023/capstone/pico/pico-sdk/src/rp2_common/hardware_sync/sync.c.obj
 *fill*         0x20000ced        0x3 
 .data          0x20000cf0       0x48 CMakeFiles/picousbtest.dir/var/home/thonkpad/Documents/hw/sp2023/capstone/pico/pico-sdk/src/rp2_common/hardware_irq/irq_handler_chain.S.obj
                0x20000cf0                irq_handler_chain_slots
                0x20000d20                irq_handler_chain_first_slot
                0x20000d2a                irq_handler_chain_remove_tail
 .data.default_alarm_pool
                0x20000d38       0x18 CMakeFiles/picousbtest.dir/var/home/thonkpad/Documents/hw/sp2023/capstone/pico/pico-sdk/src/common/pico_time/time.c.obj
 .data.default_alarm_pool_heap
                0x20000d50       0x10 CMakeFiles/picousbtest.dir/var/home/thonkpad/Documents/hw/sp2023/capstone/pico/pico-sdk/src/common/pico_time/time.c.obj
 *fill*         0x20000d60        0x0 
 .data.aeabi_bits_funcs
                0x20000d60       0x10 CMakeFiles/picousbtest.dir/var/home/thonkpad/Documents/hw/sp2023/capstone/pico/pico-sdk/src/rp2_common/pico_bit_ops/bit_ops_aeabi.S.obj
                0x20000d60                aeabi_bits_funcs
                0x20000d70                aeabi_bits_funcs_end
 .data.aeabi_mem_funcs
                0x20000d70       0x10 CMakeFiles/picousbtest.dir/var/home/thonkpad/Documents/hw/sp2023/capstone/pico/pico-sdk/src/rp2_common/pico_mem_ops/mem_ops_aeabi.S.obj
                0x20000d70                aeabi_mem_funcs
                0x20000d80                aeabi_mem_funcs_end
 .data.stdio_uart
                0x20000d80       0x18 CMakeFiles/picousbtest.dir/var/home/thonkpad/Documents/hw/sp2023/capstone/pico/pico-sdk/src/rp2_common/pico_stdio_uart/stdio_uart.c.obj
                0x20000d80                stdio_uart
 .data.ep_dir_string
                0x20000d98        0x8 CMakeFiles/picousbtest.dir/var/home/thonkpad/Documents/hw/sp2023/capstone/pico/pico-sdk/lib/tinyusb/src/portable/raspberrypi/rp2040/rp2040_usb.c.obj
                0x20000d98                ep_dir_string
 .data._usbd_qdef
                0x20000da0       0x1c CMakeFiles/picousbtest.dir/var/home/thonkpad/Documents/hw/sp2023/capstone/pico/pico-sdk/lib/tinyusb/src/device/usbd.c.obj
                0x20000da0                _usbd_qdef
 .data._usbd_rhport
                0x20000dbc        0x1 CMakeFiles/picousbtest.dir/var/home/thonkpad/Documents/hw/sp2023/capstone/pico/pico-sdk/lib/tinyusb/src/device/usbd.c.obj
                0x20000dc0                        . = ALIGN (0x4)
 *fill*         0x20000dbd        0x3 
 *(.after_data.*)
                0x20000dc0                        . = ALIGN (0x4)
                0x20000dc0                        PROVIDE (__mutex_array_start = .)
 *(SORT_BY_NAME(.mutex_array.*))
 *(.mutex_array)
 .mutex_array   0x20000dc0        0x8 CMakeFiles/picousbtest.dir/var/home/thonkpad/Documents/hw/sp2023/capstone/pico/pico-sdk/src/rp2_common/pico_stdio/stdio.c.obj
                0x20000dc8                        PROVIDE (__mutex_array_end = .)
                0x20000dc8                        . = ALIGN (0x4)
                0x20000dc8                        PROVIDE (__preinit_array_start = .)
 *(SORT_BY_NAME(.preinit_array.*))
 .preinit_array.00001
                0x20000dc8        0x4 CMakeFiles/picousbtest.dir/var/home/thonkpad/Documents/hw/sp2023/capstone/pico/pico-sdk/src/rp2_common/pico_mem_ops/mem_ops_aeabi.S.obj
 .preinit_array.00010
                0x20000dcc        0x4 CMakeFiles/picousbtest.dir/var/home/thonkpad/Documents/hw/sp2023/capstone/pico/pico-sdk/src/rp2_common/pico_bit_ops/bit_ops_aeabi.S.obj
 .preinit_array.00020
                0x20000dd0        0x4 CMakeFiles/picousbtest.dir/var/home/thonkpad/Documents/hw/sp2023/capstone/pico/pico-sdk/src/rp2_common/pico_double/double_aeabi.S.obj
 .preinit_array.00020
                0x20000dd4        0x4 CMakeFiles/picousbtest.dir/var/home/thonkpad/Documents/hw/sp2023/capstone/pico/pico-sdk/src/rp2_common/pico_float/float_aeabi.S.obj
 *(.preinit_array)
                0x20000dd8                        PROVIDE (__preinit_array_end = .)
                0x20000dd8                        . = ALIGN (0x4)
                0x20000dd8                        PROVIDE (__init_array_start = .)
 *(SORT_BY_NAME(.init_array.*))
 *(.init_array)
 .init_array    0x20000dd8        0x4 /usr/lib/gcc/arm-none-eabi/12.2.1/thumb/v6-m/nofp/crtbegin.o
                0x20000ddc                        PROVIDE (__init_array_end = .)
                0x20000ddc                        . = ALIGN (0x4)
                0x20000ddc                        PROVIDE (__fini_array_start = .)
 *(SORT_BY_NAME(.fini_array.*))
 *(.fini_array)
                0x20000ddc                        PROVIDE (__fini_array_end = .)
 *(.jcr)
                0x20000ddc                        . = ALIGN (0x4)
                0x20000ddc                        __data_end__ = .

.tm_clone_table
                0x20000ddc        0x0 load address 0x1000539c
 .tm_clone_table
                0x20000ddc        0x0 /usr/lib/gcc/arm-none-eabi/12.2.1/thumb/v6-m/nofp/crtbegin.o
 .tm_clone_table
                0x20000ddc        0x0 /usr/lib/gcc/arm-none-eabi/12.2.1/thumb/v6-m/nofp/crtend.o

.igot.plt       0x20000ddc        0x0 load address 0x1000539c
 .igot.plt      0x20000ddc        0x0 /usr/lib/gcc/arm-none-eabi/12.2.1/thumb/v6-m/nofp/crtbegin.o

.uninitialized_data
                0x20000ddc        0x0 load address 0x1000539c
                0x20000ddc                        . = ALIGN (0x4)
 *(.uninitialized_data*)

.scratch_x      0x20040000        0x0 load address 0x1000539c
                0x20040000                        __scratch_x_start__ = .
 *(.scratch_x.*)
                0x20040000                        . = ALIGN (0x4)
                0x20040000                        __scratch_x_end__ = .
                0x1000539c                        __scratch_x_source__ = LOADADDR (.scratch_x)

.scratch_y      0x20041000        0x0 load address 0x1000539c
                0x20041000                        __scratch_y_start__ = .
 *(.scratch_y.*)
                0x20041000                        . = ALIGN (0x4)
                0x20041000                        __scratch_y_end__ = .
                0x1000539c                        __scratch_y_source__ = LOADADDR (.scratch_y)

.bss            0x20000de0      0x9e4
                0x20000de0                        . = ALIGN (0x4)
                0x20000de0                        __bss_start__ = .
 *(SORT_BY_ALIGNMENT(SORT_BY_NAME(.bss*)))
 .bss.configured_freq
                0x20000de0       0x28 CMakeFiles/picousbtest.dir/var/home/thonkpad/Documents/hw/sp2023/capstone/pico/pico-sdk/src/rp2_common/hardware_clocks/clocks.c.obj
 .bss.default_alarm_pool_entries
                0x20000e08      0x100 CMakeFiles/picousbtest.dir/var/home/thonkpad/Documents/hw/sp2023/capstone/pico/pico-sdk/src/common/pico_time/time.c.obj
 .bss.sd_table  0x20000f08      0x100 CMakeFiles/picousbtest.dir/var/home/thonkpad/Documents/hw/sp2023/capstone/pico/pico-sdk/src/rp2_common/pico_double/double_init_rom.c.obj
                0x20000f08                sd_table
 .bss.sf_table  0x20001008      0x100 CMakeFiles/picousbtest.dir/var/home/thonkpad/Documents/hw/sp2023/capstone/pico/pico-sdk/src/rp2_common/pico_float/float_init_rom.c.obj
                0x20001008                sf_table
 .bss           0x20001108       0x1c /usr/lib/gcc/arm-none-eabi/12.2.1/thumb/v6-m/nofp/crtbegin.o
 .bss._app_driver
                0x20001124        0x4 CMakeFiles/picousbtest.dir/var/home/thonkpad/Documents/hw/sp2023/capstone/pico/pico-sdk/lib/tinyusb/src/device/usbd.c.obj
 .bss._ctrl_xfer
                0x20001128       0x14 CMakeFiles/picousbtest.dir/var/home/thonkpad/Documents/hw/sp2023/capstone/pico/pico-sdk/lib/tinyusb/src/device/usbd_control.c.obj
 .bss._desc_str
                0x2000113c       0x40 CMakeFiles/picousbtest.dir/usb_descriptors.c.obj
 .bss._hidd_itf
                0x2000117c       0x2c CMakeFiles/picousbtest.dir/var/home/thonkpad/Documents/hw/sp2023/capstone/pico/pico-sdk/lib/tinyusb/src/class/hid/hid_device.c.obj
 .bss._ubsd_mutexdef
                0x200011a8        0x8 CMakeFiles/picousbtest.dir/var/home/thonkpad/Documents/hw/sp2023/capstone/pico/pico-sdk/lib/tinyusb/src/device/usbd.c.obj
 .bss._usbd_ctrl_buf
                0x200011b0       0x40 CMakeFiles/picousbtest.dir/var/home/thonkpad/Documents/hw/sp2023/capstone/pico/pico-sdk/lib/tinyusb/src/device/usbd_control.c.obj
 .bss._usbd_dev
                0x200011f0       0x53 CMakeFiles/picousbtest.dir/var/home/thonkpad/Documents/hw/sp2023/capstone/pico/pico-sdk/lib/tinyusb/src/device/usbd.c.obj
 *fill*         0x20001243        0x1 
 .bss._usbd_mutex
                0x20001244        0x4 CMakeFiles/picousbtest.dir/var/home/thonkpad/Documents/hw/sp2023/capstone/pico/pico-sdk/lib/tinyusb/src/device/usbd.c.obj
 .bss._usbd_q   0x20001248        0x4 CMakeFiles/picousbtest.dir/var/home/thonkpad/Documents/hw/sp2023/capstone/pico/pico-sdk/lib/tinyusb/src/device/usbd.c.obj
 .bss._usbd_qdef_buf
                0x2000124c       0xc0 CMakeFiles/picousbtest.dir/var/home/thonkpad/Documents/hw/sp2023/capstone/pico/pico-sdk/lib/tinyusb/src/device/usbd.c.obj
                0x2000124c                _usbd_qdef_buf
 .bss.alarm_callbacks
                0x2000130c       0x10 CMakeFiles/picousbtest.dir/var/home/thonkpad/Documents/hw/sp2023/capstone/pico/pico-sdk/src/rp2_common/hardware_timer/timer.c.obj
 .bss.chars_available_callback
                0x2000131c        0x4 CMakeFiles/picousbtest.dir/var/home/thonkpad/Documents/hw/sp2023/capstone/pico/pico-sdk/src/rp2_common/pico_stdio_uart/stdio_uart.c.obj
 .bss.chars_available_param
                0x20001320        0x4 CMakeFiles/picousbtest.dir/var/home/thonkpad/Documents/hw/sp2023/capstone/pico/pico-sdk/src/rp2_common/pico_stdio_uart/stdio_uart.c.obj
 .bss.claimed   0x20001324        0x4 CMakeFiles/picousbtest.dir/var/home/thonkpad/Documents/hw/sp2023/capstone/pico/pico-sdk/src/rp2_common/hardware_sync/sync.c.obj
 .bss.default_alarm_pool_entry_ids_high
                0x20001328       0x10 CMakeFiles/picousbtest.dir/var/home/thonkpad/Documents/hw/sp2023/capstone/pico/pico-sdk/src/common/pico_time/time.c.obj
 .bss.default_alarm_pool_heap_nodes
                0x20001338       0x30 CMakeFiles/picousbtest.dir/var/home/thonkpad/Documents/hw/sp2023/capstone/pico/pico-sdk/src/common/pico_time/time.c.obj
 .bss.drivers   0x20001368        0x4 CMakeFiles/picousbtest.dir/var/home/thonkpad/Documents/hw/sp2023/capstone/pico/pico-sdk/src/rp2_common/pico_stdio/stdio.c.obj
 .bss.e15_last_sof
                0x2000136c        0x4 CMakeFiles/picousbtest.dir/var/home/thonkpad/Documents/hw/sp2023/capstone/pico/pico-sdk/lib/tinyusb/src/portable/raspberrypi/rp2040/rp2040_usb.c.obj
                0x2000136c                e15_last_sof
 .bss.filter    0x20001370        0x4 CMakeFiles/picousbtest.dir/var/home/thonkpad/Documents/hw/sp2023/capstone/pico/pico-sdk/src/rp2_common/pico_stdio/stdio.c.obj
 .bss.hw_endpoints
                0x20001374      0x400 CMakeFiles/picousbtest.dir/var/home/thonkpad/Documents/hw/sp2023/capstone/pico/pico-sdk/lib/tinyusb/src/portable/raspberrypi/rp2040/dcd_rp2040.c.obj
 .bss.lazy_vsnprintf
                0x20001774        0x4 CMakeFiles/picousbtest.dir/var/home/thonkpad/Documents/hw/sp2023/capstone/pico/pico-sdk/src/rp2_common/pico_printf/printf.c.obj
 .bss.next_buffer_ptr
                0x20001778        0x4 CMakeFiles/picousbtest.dir/var/home/thonkpad/Documents/hw/sp2023/capstone/pico/pico-sdk/lib/tinyusb/src/portable/raspberrypi/rp2040/dcd_rp2040.c.obj
 .bss.pools     0x2000177c       0x10 CMakeFiles/picousbtest.dir/var/home/thonkpad/Documents/hw/sp2023/capstone/pico/pico-sdk/src/common/pico_time/time.c.obj
 .bss.sf_clz_func
                0x2000178c        0x4 CMakeFiles/picousbtest.dir/var/home/thonkpad/Documents/hw/sp2023/capstone/pico/pico-sdk/src/rp2_common/pico_double/double_init_rom.c.obj
                0x2000178c                sf_clz_func
 .bss.sleep_notifier
                0x20001790        0x4 CMakeFiles/picousbtest.dir/var/home/thonkpad/Documents/hw/sp2023/capstone/pico/pico-sdk/src/common/pico_time/time.c.obj
 .bss.start_ms.1
                0x20001794        0x4 CMakeFiles/picousbtest.dir/main.c.obj
 .bss.start_ms.5
                0x20001798        0x4 CMakeFiles/picousbtest.dir/main.c.obj
 .bss.target_hi
                0x2000179c       0x10 CMakeFiles/picousbtest.dir/var/home/thonkpad/Documents/hw/sp2023/capstone/pico/pico-sdk/src/rp2_common/hardware_timer/timer.c.obj
 .bss.uart_char_to_line_feed
                0x200017ac        0x4 CMakeFiles/picousbtest.dir/var/home/thonkpad/Documents/hw/sp2023/capstone/pico/pico-sdk/src/rp2_common/hardware_uart/uart.c.obj
                0x200017ac                uart_char_to_line_feed
 .bss.uart_inst
                0x200017b0        0x4 CMakeFiles/picousbtest.dir/var/home/thonkpad/Documents/hw/sp2023/capstone/pico/pico-sdk/lib/tinyusb/hw/bsp/rp2040/family.c.obj
 .bss.uart_instance
                0x200017b4        0x4 CMakeFiles/picousbtest.dir/var/home/thonkpad/Documents/hw/sp2023/capstone/pico/pico-sdk/src/rp2_common/pico_stdio_uart/stdio_uart.c.obj
 .bss._app_driver_count
                0x200017b8        0x1 CMakeFiles/picousbtest.dir/var/home/thonkpad/Documents/hw/sp2023/capstone/pico/pico-sdk/lib/tinyusb/src/device/usbd.c.obj
 .bss._sof_enable
                0x200017b9        0x1 CMakeFiles/picousbtest.dir/var/home/thonkpad/Documents/hw/sp2023/capstone/pico/pico-sdk/lib/tinyusb/src/portable/raspberrypi/rp2040/dcd_rp2040.c.obj
 .bss.claimed   0x200017ba        0x1 CMakeFiles/picousbtest.dir/var/home/thonkpad/Documents/hw/sp2023/capstone/pico/pico-sdk/src/rp2_common/hardware_timer/timer.c.obj
 .bss.has_consumer_key.3
                0x200017bb        0x1 CMakeFiles/picousbtest.dir/main.c.obj
 .bss.has_gamepad_key.2
                0x200017bc        0x1 CMakeFiles/picousbtest.dir/main.c.obj
 .bss.has_keyboard_key.4
                0x200017bd        0x1 CMakeFiles/picousbtest.dir/main.c.obj
 .bss.irq_hander_chain_free_slot_head
                0x200017be        0x1 CMakeFiles/picousbtest.dir/var/home/thonkpad/Documents/hw/sp2023/capstone/pico/pico-sdk/src/rp2_common/hardware_irq/irq.c.obj
 .bss.led_state.0
                0x200017bf        0x1 CMakeFiles/picousbtest.dir/main.c.obj
 .bss.timer_callbacks_pending
                0x200017c0        0x1 CMakeFiles/picousbtest.dir/var/home/thonkpad/Documents/hw/sp2023/capstone/pico/pico-sdk/src/rp2_common/hardware_timer/timer.c.obj
 *(COMMON)
                0x200017c4                        . = ALIGN (0x4)
 *fill*         0x200017c1        0x3 
                0x200017c4                        __bss_end__ = .

.heap           0x200017c4      0x800
                0x200017c4                        __end__ = .
                0x200017c4                        end = __end__
 *(.heap*)
 .heap          0x200017c4      0x800 CMakeFiles/picousbtest.dir/var/home/thonkpad/Documents/hw/sp2023/capstone/pico/pico-sdk/src/rp2_common/pico_standard_link/crt0.S.obj
                0x20001fc4                        __HeapLimit = .

.stack1_dummy
 *(.stack1*)

.stack_dummy    0x20041000      0x800
 *(.stack*)
 .stack         0x20041000      0x800 CMakeFiles/picousbtest.dir/var/home/thonkpad/Documents/hw/sp2023/capstone/pico/pico-sdk/src/rp2_common/pico_standard_link/crt0.S.obj

.flash_end      0x1000539c        0x0
                0x1000539c                        __flash_binary_end = .
                0x20040000                        __StackLimit = (ORIGIN (RAM) + LENGTH (RAM))
                0x20041000                        __StackOneTop = (ORIGIN (SCRATCH_X) + LENGTH (SCRATCH_X))
                0x20042000                        __StackTop = (ORIGIN (SCRATCH_Y) + LENGTH (SCRATCH_Y))
                0x20041000                        __StackOneBottom = (__StackOneTop - SIZEOF (.stack1_dummy))
                0x20041800                        __StackBottom = (__StackTop - SIZEOF (.stack_dummy))
                0x20042000                        PROVIDE (__stack = __StackTop)
                0x00000001                        ASSERT ((__StackLimit >= __HeapLimit), region RAM overflowed)
                0x00000001                        ASSERT (((__binary_info_header_end - __logical_binary_start) <= 0x100), Binary info must be in first 256 bytes of the binary)
LOAD CMakeFiles/picousbtest.dir/main.c.obj
LOAD CMakeFiles/picousbtest.dir/usb_descriptors.c.obj
LOAD CMakeFiles/picousbtest.dir/var/home/thonkpad/Documents/hw/sp2023/capstone/pico/pico-sdk/src/rp2_common/pico_stdlib/stdlib.c.obj
LOAD CMakeFiles/picousbtest.dir/var/home/thonkpad/Documents/hw/sp2023/capstone/pico/pico-sdk/src/rp2_common/hardware_gpio/gpio.c.obj
LOAD CMakeFiles/picousbtest.dir/var/home/thonkpad/Documents/hw/sp2023/capstone/pico/pico-sdk/src/rp2_common/pico_platform/platform.c.obj
LOAD CMakeFiles/picousbtest.dir/var/home/thonkpad/Documents/hw/sp2023/capstone/pico/pico-sdk/src/rp2_common/hardware_claim/claim.c.obj
LOAD CMakeFiles/picousbtest.dir/var/home/thonkpad/Documents/hw/sp2023/capstone/pico/pico-sdk/src/rp2_common/hardware_sync/sync.c.obj
LOAD CMakeFiles/picousbtest.dir/var/home/thonkpad/Documents/hw/sp2023/capstone/pico/pico-sdk/src/rp2_common/hardware_irq/irq.c.obj
LOAD CMakeFiles/picousbtest.dir/var/home/thonkpad/Documents/hw/sp2023/capstone/pico/pico-sdk/src/rp2_common/hardware_irq/irq_handler_chain.S.obj
LOAD CMakeFiles/picousbtest.dir/var/home/thonkpad/Documents/hw/sp2023/capstone/pico/pico-sdk/src/common/pico_sync/sem.c.obj
LOAD CMakeFiles/picousbtest.dir/var/home/thonkpad/Documents/hw/sp2023/capstone/pico/pico-sdk/src/common/pico_sync/lock_core.c.obj
LOAD CMakeFiles/picousbtest.dir/var/home/thonkpad/Documents/hw/sp2023/capstone/pico/pico-sdk/src/common/pico_sync/mutex.c.obj
LOAD CMakeFiles/picousbtest.dir/var/home/thonkpad/Documents/hw/sp2023/capstone/pico/pico-sdk/src/common/pico_sync/critical_section.c.obj
LOAD CMakeFiles/picousbtest.dir/var/home/thonkpad/Documents/hw/sp2023/capstone/pico/pico-sdk/src/common/pico_time/time.c.obj
LOAD CMakeFiles/picousbtest.dir/var/home/thonkpad/Documents/hw/sp2023/capstone/pico/pico-sdk/src/common/pico_time/timeout_helper.c.obj
LOAD CMakeFiles/picousbtest.dir/var/home/thonkpad/Documents/hw/sp2023/capstone/pico/pico-sdk/src/rp2_common/hardware_timer/timer.c.obj
LOAD CMakeFiles/picousbtest.dir/var/home/thonkpad/Documents/hw/sp2023/capstone/pico/pico-sdk/src/common/pico_util/datetime.c.obj
LOAD CMakeFiles/picousbtest.dir/var/home/thonkpad/Documents/hw/sp2023/capstone/pico/pico-sdk/src/common/pico_util/pheap.c.obj
LOAD CMakeFiles/picousbtest.dir/var/home/thonkpad/Documents/hw/sp2023/capstone/pico/pico-sdk/src/common/pico_util/queue.c.obj
LOAD CMakeFiles/picousbtest.dir/var/home/thonkpad/Documents/hw/sp2023/capstone/pico/pico-sdk/src/rp2_common/hardware_uart/uart.c.obj
LOAD CMakeFiles/picousbtest.dir/var/home/thonkpad/Documents/hw/sp2023/capstone/pico/pico-sdk/src/rp2_common/hardware_clocks/clocks.c.obj
LOAD CMakeFiles/picousbtest.dir/var/home/thonkpad/Documents/hw/sp2023/capstone/pico/pico-sdk/src/rp2_common/hardware_pll/pll.c.obj
LOAD CMakeFiles/picousbtest.dir/var/home/thonkpad/Documents/hw/sp2023/capstone/pico/pico-sdk/src/rp2_common/hardware_vreg/vreg.c.obj
LOAD CMakeFiles/picousbtest.dir/var/home/thonkpad/Documents/hw/sp2023/capstone/pico/pico-sdk/src/rp2_common/hardware_watchdog/watchdog.c.obj
LOAD CMakeFiles/picousbtest.dir/var/home/thonkpad/Documents/hw/sp2023/capstone/pico/pico-sdk/src/rp2_common/hardware_xosc/xosc.c.obj
LOAD CMakeFiles/picousbtest.dir/var/home/thonkpad/Documents/hw/sp2023/capstone/pico/pico-sdk/src/rp2_common/hardware_divider/divider.S.obj
LOAD CMakeFiles/picousbtest.dir/var/home/thonkpad/Documents/hw/sp2023/capstone/pico/pico-sdk/src/rp2_common/pico_runtime/runtime.c.obj
LOAD CMakeFiles/picousbtest.dir/var/home/thonkpad/Documents/hw/sp2023/capstone/pico/pico-sdk/src/rp2_common/pico_printf/printf.c.obj
LOAD CMakeFiles/picousbtest.dir/var/home/thonkpad/Documents/hw/sp2023/capstone/pico/pico-sdk/src/rp2_common/pico_bit_ops/bit_ops_aeabi.S.obj
LOAD CMakeFiles/picousbtest.dir/var/home/thonkpad/Documents/hw/sp2023/capstone/pico/pico-sdk/src/rp2_common/pico_bootrom/bootrom.c.obj
LOAD CMakeFiles/picousbtest.dir/var/home/thonkpad/Documents/hw/sp2023/capstone/pico/pico-sdk/src/rp2_common/pico_divider/divider.S.obj
LOAD CMakeFiles/picousbtest.dir/var/home/thonkpad/Documents/hw/sp2023/capstone/pico/pico-sdk/src/rp2_common/pico_double/double_aeabi.S.obj
LOAD CMakeFiles/picousbtest.dir/var/home/thonkpad/Documents/hw/sp2023/capstone/pico/pico-sdk/src/rp2_common/pico_double/double_init_rom.c.obj
LOAD CMakeFiles/picousbtest.dir/var/home/thonkpad/Documents/hw/sp2023/capstone/pico/pico-sdk/src/rp2_common/pico_double/double_math.c.obj
LOAD CMakeFiles/picousbtest.dir/var/home/thonkpad/Documents/hw/sp2023/capstone/pico/pico-sdk/src/rp2_common/pico_double/double_v1_rom_shim.S.obj
LOAD CMakeFiles/picousbtest.dir/var/home/thonkpad/Documents/hw/sp2023/capstone/pico/pico-sdk/src/rp2_common/pico_int64_ops/pico_int64_ops_aeabi.S.obj
LOAD CMakeFiles/picousbtest.dir/var/home/thonkpad/Documents/hw/sp2023/capstone/pico/pico-sdk/src/rp2_common/pico_float/float_aeabi.S.obj
LOAD CMakeFiles/picousbtest.dir/var/home/thonkpad/Documents/hw/sp2023/capstone/pico/pico-sdk/src/rp2_common/pico_float/float_init_rom.c.obj
LOAD CMakeFiles/picousbtest.dir/var/home/thonkpad/Documents/hw/sp2023/capstone/pico/pico-sdk/src/rp2_common/pico_float/float_math.c.obj
LOAD CMakeFiles/picousbtest.dir/var/home/thonkpad/Documents/hw/sp2023/capstone/pico/pico-sdk/src/rp2_common/pico_float/float_v1_rom_shim.S.obj
LOAD CMakeFiles/picousbtest.dir/var/home/thonkpad/Documents/hw/sp2023/capstone/pico/pico-sdk/src/rp2_common/pico_malloc/pico_malloc.c.obj
LOAD CMakeFiles/picousbtest.dir/var/home/thonkpad/Documents/hw/sp2023/capstone/pico/pico-sdk/src/rp2_common/pico_mem_ops/mem_ops_aeabi.S.obj
LOAD CMakeFiles/picousbtest.dir/var/home/thonkpad/Documents/hw/sp2023/capstone/pico/pico-sdk/src/rp2_common/pico_standard_link/crt0.S.obj
LOAD CMakeFiles/picousbtest.dir/var/home/thonkpad/Documents/hw/sp2023/capstone/pico/pico-sdk/src/rp2_common/pico_standard_link/new_delete.cpp.obj
LOAD CMakeFiles/picousbtest.dir/var/home/thonkpad/Documents/hw/sp2023/capstone/pico/pico-sdk/src/rp2_common/pico_standard_link/binary_info.c.obj
LOAD CMakeFiles/picousbtest.dir/var/home/thonkpad/Documents/hw/sp2023/capstone/pico/pico-sdk/src/rp2_common/pico_stdio/stdio.c.obj
LOAD CMakeFiles/picousbtest.dir/var/home/thonkpad/Documents/hw/sp2023/capstone/pico/pico-sdk/src/rp2_common/pico_stdio_uart/stdio_uart.c.obj
LOAD CMakeFiles/picousbtest.dir/var/home/thonkpad/Documents/hw/sp2023/capstone/pico/pico-sdk/lib/tinyusb/src/portable/raspberrypi/rp2040/dcd_rp2040.c.obj
LOAD CMakeFiles/picousbtest.dir/var/home/thonkpad/Documents/hw/sp2023/capstone/pico/pico-sdk/lib/tinyusb/src/portable/raspberrypi/rp2040/rp2040_usb.c.obj
LOAD CMakeFiles/picousbtest.dir/var/home/thonkpad/Documents/hw/sp2023/capstone/pico/pico-sdk/lib/tinyusb/src/device/usbd.c.obj
LOAD CMakeFiles/picousbtest.dir/var/home/thonkpad/Documents/hw/sp2023/capstone/pico/pico-sdk/lib/tinyusb/src/device/usbd_control.c.obj
LOAD CMakeFiles/picousbtest.dir/var/home/thonkpad/Documents/hw/sp2023/capstone/pico/pico-sdk/lib/tinyusb/src/class/audio/audio_device.c.obj
LOAD CMakeFiles/picousbtest.dir/var/home/thonkpad/Documents/hw/sp2023/capstone/pico/pico-sdk/lib/tinyusb/src/class/cdc/cdc_device.c.obj
LOAD CMakeFiles/picousbtest.dir/var/home/thonkpad/Documents/hw/sp2023/capstone/pico/pico-sdk/lib/tinyusb/src/class/dfu/dfu_device.c.obj
LOAD CMakeFiles/picousbtest.dir/var/home/thonkpad/Documents/hw/sp2023/capstone/pico/pico-sdk/lib/tinyusb/src/class/dfu/dfu_rt_device.c.obj
LOAD CMakeFiles/picousbtest.dir/var/home/thonkpad/Documents/hw/sp2023/capstone/pico/pico-sdk/lib/tinyusb/src/class/hid/hid_device.c.obj
LOAD CMakeFiles/picousbtest.dir/var/home/thonkpad/Documents/hw/sp2023/capstone/pico/pico-sdk/lib/tinyusb/src/class/midi/midi_device.c.obj
LOAD CMakeFiles/picousbtest.dir/var/home/thonkpad/Documents/hw/sp2023/capstone/pico/pico-sdk/lib/tinyusb/src/class/msc/msc_device.c.obj
LOAD CMakeFiles/picousbtest.dir/var/home/thonkpad/Documents/hw/sp2023/capstone/pico/pico-sdk/lib/tinyusb/src/class/net/ecm_rndis_device.c.obj
LOAD CMakeFiles/picousbtest.dir/var/home/thonkpad/Documents/hw/sp2023/capstone/pico/pico-sdk/lib/tinyusb/src/class/net/ncm_device.c.obj
LOAD CMakeFiles/picousbtest.dir/var/home/thonkpad/Documents/hw/sp2023/capstone/pico/pico-sdk/lib/tinyusb/src/class/usbtmc/usbtmc_device.c.obj
LOAD CMakeFiles/picousbtest.dir/var/home/thonkpad/Documents/hw/sp2023/capstone/pico/pico-sdk/lib/tinyusb/src/class/vendor/vendor_device.c.obj
LOAD CMakeFiles/picousbtest.dir/var/home/thonkpad/Documents/hw/sp2023/capstone/pico/pico-sdk/lib/tinyusb/src/class/video/video_device.c.obj
LOAD CMakeFiles/picousbtest.dir/var/home/thonkpad/Documents/hw/sp2023/capstone/pico/pico-sdk/lib/tinyusb/src/tusb.c.obj
LOAD CMakeFiles/picousbtest.dir/var/home/thonkpad/Documents/hw/sp2023/capstone/pico/pico-sdk/lib/tinyusb/src/common/tusb_fifo.c.obj
LOAD CMakeFiles/picousbtest.dir/var/home/thonkpad/Documents/hw/sp2023/capstone/pico/pico-sdk/src/rp2_common/pico_fix/rp2040_usb_device_enumeration/rp2040_usb_device_enumeration.c.obj
LOAD CMakeFiles/picousbtest.dir/var/home/thonkpad/Documents/hw/sp2023/capstone/pico/pico-sdk/lib/tinyusb/hw/bsp/rp2040/family.c.obj
LOAD /tmp/cc1fZWMB.o
LOAD /usr/lib/gcc/arm-none-eabi/12.2.1/../../../arm-none-eabi/lib/thumb/v6-m/nofp/libstdc++.a
LOAD /usr/lib/gcc/arm-none-eabi/12.2.1/../../../arm-none-eabi/lib/thumb/v6-m/nofp/libm.a
START GROUP
LOAD /usr/lib/gcc/arm-none-eabi/12.2.1/thumb/v6-m/nofp/libgcc.a
LOAD /usr/lib/gcc/arm-none-eabi/12.2.1/../../../arm-none-eabi/lib/thumb/v6-m/nofp/libc.a
END GROUP
START GROUP
LOAD /usr/lib/gcc/arm-none-eabi/12.2.1/thumb/v6-m/nofp/libgcc.a
LOAD /usr/lib/gcc/arm-none-eabi/12.2.1/../../../arm-none-eabi/lib/thumb/v6-m/nofp/libc.a
LOAD /usr/lib/gcc/arm-none-eabi/12.2.1/../../../arm-none-eabi/lib/thumb/v6-m/nofp/libnosys.a
END GROUP
LOAD /usr/lib/gcc/arm-none-eabi/12.2.1/thumb/v6-m/nofp/crtend.o
LOAD /usr/lib/gcc/arm-none-eabi/12.2.1/thumb/v6-m/nofp/crtn.o
OUTPUT(picousbtest.elf elf32-littlearm)
LOAD linker stubs

.ARM.attributes
                0x00000000       0x28
 .ARM.attributes
                0x00000000       0x1e /usr/lib/gcc/arm-none-eabi/12.2.1/thumb/v6-m/nofp/crti.o
 .ARM.attributes
                0x0000001e       0x2c /usr/lib/gcc/arm-none-eabi/12.2.1/thumb/v6-m/nofp/crtbegin.o
 .ARM.attributes
                0x0000004a       0x2c CMakeFiles/picousbtest.dir/main.c.obj
 .ARM.attributes
                0x00000076       0x2c CMakeFiles/picousbtest.dir/usb_descriptors.c.obj
 .ARM.attributes
                0x000000a2       0x2c CMakeFiles/picousbtest.dir/var/home/thonkpad/Documents/hw/sp2023/capstone/pico/pico-sdk/src/rp2_common/hardware_gpio/gpio.c.obj
 .ARM.attributes
                0x000000ce       0x2c CMakeFiles/picousbtest.dir/var/home/thonkpad/Documents/hw/sp2023/capstone/pico/pico-sdk/src/rp2_common/pico_platform/platform.c.obj
 .ARM.attributes
                0x000000fa       0x2c CMakeFiles/picousbtest.dir/var/home/thonkpad/Documents/hw/sp2023/capstone/pico/pico-sdk/src/rp2_common/hardware_claim/claim.c.obj
 .ARM.attributes
                0x00000126       0x2c CMakeFiles/picousbtest.dir/var/home/thonkpad/Documents/hw/sp2023/capstone/pico/pico-sdk/src/rp2_common/hardware_sync/sync.c.obj
 .ARM.attributes
                0x00000152       0x2c CMakeFiles/picousbtest.dir/var/home/thonkpad/Documents/hw/sp2023/capstone/pico/pico-sdk/src/rp2_common/hardware_irq/irq.c.obj
 .ARM.attributes
                0x0000017e       0x22 CMakeFiles/picousbtest.dir/var/home/thonkpad/Documents/hw/sp2023/capstone/pico/pico-sdk/src/rp2_common/hardware_irq/irq_handler_chain.S.obj
 .ARM.attributes
                0x000001a0       0x2c CMakeFiles/picousbtest.dir/var/home/thonkpad/Documents/hw/sp2023/capstone/pico/pico-sdk/src/common/pico_sync/lock_core.c.obj
 .ARM.attributes
                0x000001cc       0x2c CMakeFiles/picousbtest.dir/var/home/thonkpad/Documents/hw/sp2023/capstone/pico/pico-sdk/src/common/pico_sync/mutex.c.obj
 .ARM.attributes
                0x000001f8       0x2c CMakeFiles/picousbtest.dir/var/home/thonkpad/Documents/hw/sp2023/capstone/pico/pico-sdk/src/common/pico_sync/critical_section.c.obj
 .ARM.attributes
                0x00000224       0x2c CMakeFiles/picousbtest.dir/var/home/thonkpad/Documents/hw/sp2023/capstone/pico/pico-sdk/src/common/pico_time/time.c.obj
 .ARM.attributes
                0x00000250       0x2c CMakeFiles/picousbtest.dir/var/home/thonkpad/Documents/hw/sp2023/capstone/pico/pico-sdk/src/rp2_common/hardware_timer/timer.c.obj
 .ARM.attributes
                0x0000027c       0x2c CMakeFiles/picousbtest.dir/var/home/thonkpad/Documents/hw/sp2023/capstone/pico/pico-sdk/src/common/pico_util/pheap.c.obj
 .ARM.attributes
                0x000002a8       0x2c CMakeFiles/picousbtest.dir/var/home/thonkpad/Documents/hw/sp2023/capstone/pico/pico-sdk/src/rp2_common/hardware_uart/uart.c.obj
 .ARM.attributes
                0x000002d4       0x2c CMakeFiles/picousbtest.dir/var/home/thonkpad/Documents/hw/sp2023/capstone/pico/pico-sdk/src/rp2_common/hardware_clocks/clocks.c.obj
 .ARM.attributes
                0x00000300       0x2c CMakeFiles/picousbtest.dir/var/home/thonkpad/Documents/hw/sp2023/capstone/pico/pico-sdk/src/rp2_common/hardware_pll/pll.c.obj
 .ARM.attributes
                0x0000032c       0x2c CMakeFiles/picousbtest.dir/var/home/thonkpad/Documents/hw/sp2023/capstone/pico/pico-sdk/src/rp2_common/hardware_watchdog/watchdog.c.obj
 .ARM.attributes
                0x00000358       0x2c CMakeFiles/picousbtest.dir/var/home/thonkpad/Documents/hw/sp2023/capstone/pico/pico-sdk/src/rp2_common/hardware_xosc/xosc.c.obj
 .ARM.attributes
                0x00000384       0x2c CMakeFiles/picousbtest.dir/var/home/thonkpad/Documents/hw/sp2023/capstone/pico/pico-sdk/src/rp2_common/pico_runtime/runtime.c.obj
 .ARM.attributes
                0x000003b0       0x2c CMakeFiles/picousbtest.dir/var/home/thonkpad/Documents/hw/sp2023/capstone/pico/pico-sdk/src/rp2_common/pico_printf/printf.c.obj
 .ARM.attributes
                0x000003dc       0x22 CMakeFiles/picousbtest.dir/var/home/thonkpad/Documents/hw/sp2023/capstone/pico/pico-sdk/src/rp2_common/pico_bit_ops/bit_ops_aeabi.S.obj
 .ARM.attributes
                0x000003fe       0x2c CMakeFiles/picousbtest.dir/var/home/thonkpad/Documents/hw/sp2023/capstone/pico/pico-sdk/src/rp2_common/pico_bootrom/bootrom.c.obj
 .ARM.attributes
                0x0000042a       0x22 CMakeFiles/picousbtest.dir/var/home/thonkpad/Documents/hw/sp2023/capstone/pico/pico-sdk/src/rp2_common/pico_divider/divider.S.obj
 .ARM.attributes
                0x0000044c       0x22 CMakeFiles/picousbtest.dir/var/home/thonkpad/Documents/hw/sp2023/capstone/pico/pico-sdk/src/rp2_common/pico_double/double_aeabi.S.obj
 .ARM.attributes
                0x0000046e       0x2c CMakeFiles/picousbtest.dir/var/home/thonkpad/Documents/hw/sp2023/capstone/pico/pico-sdk/src/rp2_common/pico_double/double_init_rom.c.obj
 .ARM.attributes
                0x0000049a       0x22 CMakeFiles/picousbtest.dir/var/home/thonkpad/Documents/hw/sp2023/capstone/pico/pico-sdk/src/rp2_common/pico_double/double_v1_rom_shim.S.obj
 .ARM.attributes
                0x000004bc       0x22 CMakeFiles/picousbtest.dir/var/home/thonkpad/Documents/hw/sp2023/capstone/pico/pico-sdk/src/rp2_common/pico_int64_ops/pico_int64_ops_aeabi.S.obj
 .ARM.attributes
                0x000004de       0x22 CMakeFiles/picousbtest.dir/var/home/thonkpad/Documents/hw/sp2023/capstone/pico/pico-sdk/src/rp2_common/pico_float/float_aeabi.S.obj
 .ARM.attributes
                0x00000500       0x2c CMakeFiles/picousbtest.dir/var/home/thonkpad/Documents/hw/sp2023/capstone/pico/pico-sdk/src/rp2_common/pico_float/float_init_rom.c.obj
 .ARM.attributes
                0x0000052c       0x22 CMakeFiles/picousbtest.dir/var/home/thonkpad/Documents/hw/sp2023/capstone/pico/pico-sdk/src/rp2_common/pico_float/float_v1_rom_shim.S.obj
 .ARM.attributes
                0x0000054e       0x22 CMakeFiles/picousbtest.dir/var/home/thonkpad/Documents/hw/sp2023/capstone/pico/pico-sdk/src/rp2_common/pico_mem_ops/mem_ops_aeabi.S.obj
 .ARM.attributes
                0x00000570       0x22 CMakeFiles/picousbtest.dir/var/home/thonkpad/Documents/hw/sp2023/capstone/pico/pico-sdk/src/rp2_common/pico_standard_link/crt0.S.obj
 .ARM.attributes
                0x00000592       0x2c CMakeFiles/picousbtest.dir/var/home/thonkpad/Documents/hw/sp2023/capstone/pico/pico-sdk/src/rp2_common/pico_standard_link/binary_info.c.obj
 .ARM.attributes
                0x000005be       0x2c CMakeFiles/picousbtest.dir/var/home/thonkpad/Documents/hw/sp2023/capstone/pico/pico-sdk/src/rp2_common/pico_stdio/stdio.c.obj
 .ARM.attributes
                0x000005ea       0x2c CMakeFiles/picousbtest.dir/var/home/thonkpad/Documents/hw/sp2023/capstone/pico/pico-sdk/src/rp2_common/pico_stdio_uart/stdio_uart.c.obj
 .ARM.attributes
                0x00000616       0x2c CMakeFiles/picousbtest.dir/var/home/thonkpad/Documents/hw/sp2023/capstone/pico/pico-sdk/lib/tinyusb/src/portable/raspberrypi/rp2040/dcd_rp2040.c.obj
 .ARM.attributes
                0x00000642       0x2c CMakeFiles/picousbtest.dir/var/home/thonkpad/Documents/hw/sp2023/capstone/pico/pico-sdk/lib/tinyusb/src/portable/raspberrypi/rp2040/rp2040_usb.c.obj
 .ARM.attributes
                0x0000066e       0x2c CMakeFiles/picousbtest.dir/var/home/thonkpad/Documents/hw/sp2023/capstone/pico/pico-sdk/lib/tinyusb/src/device/usbd.c.obj
 .ARM.attributes
                0x0000069a       0x2c CMakeFiles/picousbtest.dir/var/home/thonkpad/Documents/hw/sp2023/capstone/pico/pico-sdk/lib/tinyusb/src/device/usbd_control.c.obj
 .ARM.attributes
                0x000006c6       0x2c CMakeFiles/picousbtest.dir/var/home/thonkpad/Documents/hw/sp2023/capstone/pico/pico-sdk/lib/tinyusb/src/class/hid/hid_device.c.obj
 .ARM.attributes
                0x000006f2       0x2c CMakeFiles/picousbtest.dir/var/home/thonkpad/Documents/hw/sp2023/capstone/pico/pico-sdk/lib/tinyusb/src/tusb.c.obj
 .ARM.attributes
                0x0000071e       0x2c CMakeFiles/picousbtest.dir/var/home/thonkpad/Documents/hw/sp2023/capstone/pico/pico-sdk/lib/tinyusb/src/common/tusb_fifo.c.obj
 .ARM.attributes
                0x0000074a       0x2c CMakeFiles/picousbtest.dir/var/home/thonkpad/Documents/hw/sp2023/capstone/pico/pico-sdk/lib/tinyusb/hw/bsp/rp2040/family.c.obj
 .ARM.attributes
                0x00000776       0x22 /tmp/cc1fZWMB.o
 .ARM.attributes
                0x00000798       0x1e /usr/lib/gcc/arm-none-eabi/12.2.1/thumb/v6-m/nofp/libgcc.a(_dvmd_tls.o)
 .ARM.attributes
                0x000007b6       0x2c /usr/lib/gcc/arm-none-eabi/12.2.1/../../../arm-none-eabi/lib/thumb/v6-m/nofp/libc.a(lib_a-strlen-stub.o)
 .ARM.attributes
                0x000007e2       0x2c /usr/lib/gcc/arm-none-eabi/12.2.1/thumb/v6-m/nofp/crtend.o

.comment        0x00000000       0x59
 .comment       0x00000000       0x26 /usr/lib/gcc/arm-none-eabi/12.2.1/thumb/v6-m/nofp/crtbegin.o
                                 0x27 (size before relaxing)
 .comment       0x00000026       0x27 CMakeFiles/picousbtest.dir/main.c.obj
 .comment       0x00000026       0x27 CMakeFiles/picousbtest.dir/usb_descriptors.c.obj
 .comment       0x00000026       0x27 CMakeFiles/picousbtest.dir/var/home/thonkpad/Documents/hw/sp2023/capstone/pico/pico-sdk/src/rp2_common/hardware_gpio/gpio.c.obj
 .comment       0x00000026       0x27 CMakeFiles/picousbtest.dir/var/home/thonkpad/Documents/hw/sp2023/capstone/pico/pico-sdk/src/rp2_common/pico_platform/platform.c.obj
 .comment       0x00000026       0x27 CMakeFiles/picousbtest.dir/var/home/thonkpad/Documents/hw/sp2023/capstone/pico/pico-sdk/src/rp2_common/hardware_claim/claim.c.obj
 .comment       0x00000026       0x27 CMakeFiles/picousbtest.dir/var/home/thonkpad/Documents/hw/sp2023/capstone/pico/pico-sdk/src/rp2_common/hardware_sync/sync.c.obj
 .comment       0x00000026       0x27 CMakeFiles/picousbtest.dir/var/home/thonkpad/Documents/hw/sp2023/capstone/pico/pico-sdk/src/rp2_common/hardware_irq/irq.c.obj
 .comment       0x00000026       0x27 CMakeFiles/picousbtest.dir/var/home/thonkpad/Documents/hw/sp2023/capstone/pico/pico-sdk/src/common/pico_sync/lock_core.c.obj
 .comment       0x00000026       0x27 CMakeFiles/picousbtest.dir/var/home/thonkpad/Documents/hw/sp2023/capstone/pico/pico-sdk/src/common/pico_sync/mutex.c.obj
 .comment       0x00000026       0x27 CMakeFiles/picousbtest.dir/var/home/thonkpad/Documents/hw/sp2023/capstone/pico/pico-sdk/src/common/pico_sync/critical_section.c.obj
 .comment       0x00000026       0x27 CMakeFiles/picousbtest.dir/var/home/thonkpad/Documents/hw/sp2023/capstone/pico/pico-sdk/src/common/pico_time/time.c.obj
 .comment       0x00000026       0x27 CMakeFiles/picousbtest.dir/var/home/thonkpad/Documents/hw/sp2023/capstone/pico/pico-sdk/src/rp2_common/hardware_timer/timer.c.obj
 .comment       0x00000026       0x27 CMakeFiles/picousbtest.dir/var/home/thonkpad/Documents/hw/sp2023/capstone/pico/pico-sdk/src/common/pico_util/pheap.c.obj
 .comment       0x00000026       0x27 CMakeFiles/picousbtest.dir/var/home/thonkpad/Documents/hw/sp2023/capstone/pico/pico-sdk/src/rp2_common/hardware_uart/uart.c.obj
 .comment       0x00000026       0x27 CMakeFiles/picousbtest.dir/var/home/thonkpad/Documents/hw/sp2023/capstone/pico/pico-sdk/src/rp2_common/hardware_clocks/clocks.c.obj
 .comment       0x00000026       0x27 CMakeFiles/picousbtest.dir/var/home/thonkpad/Documents/hw/sp2023/capstone/pico/pico-sdk/src/rp2_common/hardware_pll/pll.c.obj
 .comment       0x00000026       0x27 CMakeFiles/picousbtest.dir/var/home/thonkpad/Documents/hw/sp2023/capstone/pico/pico-sdk/src/rp2_common/hardware_watchdog/watchdog.c.obj
 .comment       0x00000026       0x27 CMakeFiles/picousbtest.dir/var/home/thonkpad/Documents/hw/sp2023/capstone/pico/pico-sdk/src/rp2_common/hardware_xosc/xosc.c.obj
 .comment       0x00000026       0x27 CMakeFiles/picousbtest.dir/var/home/thonkpad/Documents/hw/sp2023/capstone/pico/pico-sdk/src/rp2_common/pico_runtime/runtime.c.obj
 .comment       0x00000026       0x27 CMakeFiles/picousbtest.dir/var/home/thonkpad/Documents/hw/sp2023/capstone/pico/pico-sdk/src/rp2_common/pico_printf/printf.c.obj
 .comment       0x00000026       0x27 CMakeFiles/picousbtest.dir/var/home/thonkpad/Documents/hw/sp2023/capstone/pico/pico-sdk/src/rp2_common/pico_bootrom/bootrom.c.obj
 .comment       0x00000026       0x27 CMakeFiles/picousbtest.dir/var/home/thonkpad/Documents/hw/sp2023/capstone/pico/pico-sdk/src/rp2_common/pico_double/double_init_rom.c.obj
 .comment       0x00000026       0x27 CMakeFiles/picousbtest.dir/var/home/thonkpad/Documents/hw/sp2023/capstone/pico/pico-sdk/src/rp2_common/pico_float/float_init_rom.c.obj
 .comment       0x00000026       0x27 CMakeFiles/picousbtest.dir/var/home/thonkpad/Documents/hw/sp2023/capstone/pico/pico-sdk/src/rp2_common/pico_standard_link/binary_info.c.obj
 .comment       0x00000026       0x27 CMakeFiles/picousbtest.dir/var/home/thonkpad/Documents/hw/sp2023/capstone/pico/pico-sdk/src/rp2_common/pico_stdio/stdio.c.obj
 .comment       0x00000026       0x27 CMakeFiles/picousbtest.dir/var/home/thonkpad/Documents/hw/sp2023/capstone/pico/pico-sdk/src/rp2_common/pico_stdio_uart/stdio_uart.c.obj
 .comment       0x00000026       0x27 CMakeFiles/picousbtest.dir/var/home/thonkpad/Documents/hw/sp2023/capstone/pico/pico-sdk/lib/tinyusb/src/portable/raspberrypi/rp2040/dcd_rp2040.c.obj
 .comment       0x00000026       0x27 CMakeFiles/picousbtest.dir/var/home/thonkpad/Documents/hw/sp2023/capstone/pico/pico-sdk/lib/tinyusb/src/portable/raspberrypi/rp2040/rp2040_usb.c.obj
 .comment       0x00000026       0x27 CMakeFiles/picousbtest.dir/var/home/thonkpad/Documents/hw/sp2023/capstone/pico/pico-sdk/lib/tinyusb/src/device/usbd.c.obj
 .comment       0x00000026       0x27 CMakeFiles/picousbtest.dir/var/home/thonkpad/Documents/hw/sp2023/capstone/pico/pico-sdk/lib/tinyusb/src/device/usbd_control.c.obj
 .comment       0x00000026       0x27 CMakeFiles/picousbtest.dir/var/home/thonkpad/Documents/hw/sp2023/capstone/pico/pico-sdk/lib/tinyusb/src/class/hid/hid_device.c.obj
 .comment       0x00000026       0x27 CMakeFiles/picousbtest.dir/var/home/thonkpad/Documents/hw/sp2023/capstone/pico/pico-sdk/lib/tinyusb/src/tusb.c.obj
 .comment       0x00000026       0x27 CMakeFiles/picousbtest.dir/var/home/thonkpad/Documents/hw/sp2023/capstone/pico/pico-sdk/lib/tinyusb/src/common/tusb_fifo.c.obj
 .comment       0x00000026       0x27 CMakeFiles/picousbtest.dir/var/home/thonkpad/Documents/hw/sp2023/capstone/pico/pico-sdk/lib/tinyusb/hw/bsp/rp2040/family.c.obj
 .comment       0x00000026       0x33 /usr/lib/gcc/arm-none-eabi/12.2.1/../../../arm-none-eabi/lib/thumb/v6-m/nofp/libc.a(lib_a-strlen-stub.o)
                                 0x34 (size before relaxing)
 .comment       0x00000059       0x27 /usr/lib/gcc/arm-none-eabi/12.2.1/thumb/v6-m/nofp/crtend.o

.debug_line     0x00000000      0x1bc
 .debug_line    0x00000000       0x4a /usr/lib/gcc/arm-none-eabi/12.2.1/thumb/v6-m/nofp/libgcc.a(_dvmd_tls.o)
 .debug_line    0x0000004a      0x172 /usr/lib/gcc/arm-none-eabi/12.2.1/../../../arm-none-eabi/lib/thumb/v6-m/nofp/libc.a(lib_a-strlen-stub.o)

.debug_line_str
                0x00000000       0x97
 .debug_line_str
                0x00000000       0x97 /usr/lib/gcc/arm-none-eabi/12.2.1/thumb/v6-m/nofp/libgcc.a(_dvmd_tls.o)

.debug_info     0x00000000      0x127
 .debug_info    0x00000000       0x39 /usr/lib/gcc/arm-none-eabi/12.2.1/thumb/v6-m/nofp/libgcc.a(_dvmd_tls.o)
 .debug_info    0x00000039       0xee /usr/lib/gcc/arm-none-eabi/12.2.1/../../../arm-none-eabi/lib/thumb/v6-m/nofp/libc.a(lib_a-strlen-stub.o)

.debug_abbrev   0x00000000       0xae
 .debug_abbrev  0x00000000       0x1f /usr/lib/gcc/arm-none-eabi/12.2.1/thumb/v6-m/nofp/libgcc.a(_dvmd_tls.o)
 .debug_abbrev  0x0000001f       0x8f /usr/lib/gcc/arm-none-eabi/12.2.1/../../../arm-none-eabi/lib/thumb/v6-m/nofp/libc.a(lib_a-strlen-stub.o)

.debug_aranges  0x00000000       0x40
 .debug_aranges
                0x00000000       0x20 /usr/lib/gcc/arm-none-eabi/12.2.1/thumb/v6-m/nofp/libgcc.a(_dvmd_tls.o)
 .debug_aranges